<html>
<body>
<pre>
<h1>µVision Build Log</h1>
<h2>Tool Versions:</h2>
IDE-Version: É Vision V5.26.2.0
Copyright (C) 2018 ARM Ltd and ARM Germany GmbH. All rights reserved.
License Information: Ho Wai Yin, Daniel's product, LIC=----
 
Tool Versions:
Toolchain:       MDK-Lite  Version: 5.26.2.0
Toolchain Path:  C:\software\Keil\ARM\ARMCC\Bin
C Compiler:      Armcc.exe V5.06 update 6 (build 750)
Assembler:       Armasm.exe V5.06 update 6 (build 750)
Linker/Locator:  ArmLink.exe V5.06 update 6 (build 750)
Library Manager: ArmAr.exe V5.06 update 6 (build 750)
Hex Converter:   FromElf.exe V5.06 update 6 (build 750)
CPU DLL:         SARMCM3.DLL V5.26.2.0
Dialog DLL:      DCM.DLL V1.17.2.0
Target DLL:      STLink\ST-LINKIII-KEIL_SWO.dll V3.0.5.0
Dialog DLL:      TCM.DLL V1.36.1.0
 
<h2>Project:</h2>
D:\academic\robotics\Octinfinity\ustrobo18_internal.uvprojx
Project File Date:  11/21/2018

<h2>Output:</h2>
*** Using Compiler 'V5.06 update 6 (build 750)', folder: 'C:\software\Keil\ARM\ARMCC\Bin'
Build target 'Default'
assembling startup_stm32f10x_md.s...
compiling misc.c...
compiling stm32f10x_adc.c...
compiling stm32f10x_bkp.c...
compiling stm32f10x_cec.c...
compiling stm32f10x_crc.c...
compiling stm32f10x_can.c...
compiling stm32f10x_dac.c...
compiling stm32f10x_dma.c...
compiling stm32f10x_dbgmcu.c...
compiling stm32f10x_exti.c...
compiling stm32f10x_fsmc.c...
compiling stm32f10x_flash.c...
compiling stm32f10x_gpio.c...
compiling stm32f10x_iwdg.c...
compiling stm32f10x_i2c.c...
compiling stm32f10x_pwr.c...
compiling stm32f10x_rtc.c...
compiling stm32f10x_rcc.c...
compiling stm32f10x_sdio.c...
compiling stm32f10x_spi.c...
compiling stm32f10x_tim.c...
compiling stm32f10x_usart.c...
compiling stm32f10x_wwdg.c...
compiling system_stm32f10x.c...
compiling ticks.c...
src\library\ticks.c(17): warning:  #68-D: integer conversion resulted in a change of sign
  	NVIC_InitStructure.NVIC_IRQChannel = SysTick_IRQn; //Ignore this warning
src\library\ticks.c: 1 warning, 0 errors
compiling pwm.c...
compiling gpio.c...
compiling leds.c...
compiling buttons.c...
src\library\buttons.c(42): warning:  #188-D: enumerated type mixed with another type
  		u8 pressed = button_pressed(i);
src\library\buttons.c: 1 warning, 0 errors
compiling buzzer.c...
compiling uart.c...
compiling spi.c...
compiling lcd_main.c...
compiling adc.c...
compiling rcc.c...
compiling camera.c...
compiling math.c...
C:\software\Keil\ARM\PACK\ARM\CMSIS\5.4.0\CMSIS\DSP\Include\arm_math.h(5742): warning:  #223-D: function "sqrtf" declared implicitly
        *pOut = sqrtf(in);
src\library\math.c: 1 warning, 0 errors
compiling oled.c...
src\library\oled.c(160): warning:  #223-D: function "vsprintf" declared implicitly
      vsprintf((char *) buf, (const char *) pstr, arglist);
src\library\oled.c(183): warning:  #223-D: function "vsprintf" declared implicitly
      vsprintf((char *) buf, (const char *) pstr, arglist);
src\library\oled.c(118): warning:  #177-D: function "set_cursor"  was declared but never referenced
  static inline void set_cursor(uint8_t x, uint8_t y) {
src\library\oled.c: 3 warnings, 0 errors
compiling main.c...
C:\software\Keil\ARM\PACK\ARM\CMSIS\5.4.0\CMSIS\DSP\Include\arm_math.h(5742): warning:  #223-D: function "sqrtf" declared implicitly
        *pOut = sqrtf(in);
src\user\main.c: 1 warning, 0 errors
linking...
Program Size: Code=16456 RO-data=2640 RW-data=1952 ZI-data=3728  
FromELF: creating hex file...
".\Objects\ustrobo18_internal.axf" - 0 Error(s), 7 Warning(s).

<h2>Software Packages used:</h2>

Package Vendor: ARM
                http://www.keil.com/pack/ARM.CMSIS.5.4.0.pack
                ARM.CMSIS.5.4.0
                CMSIS (Cortex Microcontroller Software Interface Standard)
   * Component: CORE Version: 5.1.2
   * Component: DSP Version: 1.5.2

Package Vendor: Keil
                http://www.keil.com/pack/Keil.STM32F1xx_DFP.2.2.0.pack
                Keil.STM32F1xx_DFP.2.2.0
                STMicroelectronics STM32F1 Series Device Support, Drivers and Examples

<h2>Collection of Component include folders:</h2>
  .\RTE\_Default
  C:\software\Keil\ARM\PACK\ARM\CMSIS\5.4.0\CMSIS\Core\Include
  C:\software\Keil\ARM\PACK\ARM\CMSIS\5.4.0\CMSIS\DSP\Include
  C:\software\Keil\ARM\PACK\Keil\STM32F1xx_DFP\2.2.0\Device\Include

<h2>Collection of Component Files used:</h2>

   * Component: ARM::CMSIS:CORE:5.1.2

   * Component: ARM::CMSIS:DSP:1.5.2
      Include file:  CMSIS\DSP\Include\arm_math.h
      Library file:  CMSIS\Lib\ARM\arm_cortexM3l_math.lib
Build Time Elapsed:  00:00:19
</pre>
</body>
</html>
