<html>
<body>
<pre>
<h1>µVision Build Log</h1>
<h2>Tool Versions:</h2>
IDE-Version: É Vision V5.26.2.0
Copyright (C) 2018 ARM Ltd and ARM Germany GmbH. All rights reserved.
License Information: Ho Wai Yin, Daniel's product, LIC=----
 
Tool Versions:
Toolchain:       MDK-Lite  Version: 5.26.2.0
Toolchain Path:  C:\software\Keil\ARM\ARMCC\Bin
C Compiler:      Armcc.exe V5.06 update 6 (build 750)
Assembler:       Armasm.exe V5.06 update 6 (build 750)
Linker/Locator:  ArmLink.exe V5.06 update 6 (build 750)
Library Manager: ArmAr.exe V5.06 update 6 (build 750)
Hex Converter:   FromElf.exe V5.06 update 6 (build 750)
CPU DLL:         SARMCM3.DLL V5.26.2.0
Dialog DLL:      DCM.DLL V1.17.2.0
Target DLL:      STLink\ST-LINKIII-KEIL_SWO.dll V3.0.5.0
Dialog DLL:      TCM.DLL V1.36.1.0
 
<h2>Project:</h2>
D:\academic\robotics\Octinfinity\ustrobo18_internal.uvprojx
Project File Date:  11/21/2018

<h2>Output:</h2>
*** Using Compiler 'V5.06 update 6 (build 750)', folder: 'C:\software\Keil\ARM\ARMCC\Bin'
Build target 'Default'
compiling ultrasonic.c...
src\library\ultrasonic.h(10): warning:  #1295-D: Deprecated declaration us_init - give arg types
  void us_init();
src\library\ultrasonic.h(11): warning:  #1295-D: Deprecated declaration set_send_signal - give arg types
  void set_send_signal();
src\library\ultrasonic.h(12): warning:  #1295-D: Deprecated declaration reset_send_signal - give arg types
  void reset_send_signal();
src\library\ultrasonic.h(18): warning:  #1-D: last line of file ends without a newline
  static uint32_t ULTRA_EMIT=0;//used to store hardware emit signal time
src\library\ultrasonic.c(17): warning:  #1295-D: Deprecated declaration us_init - give arg types
  void us_init();
src\library\ultrasonic.c(18): warning:  #1295-D: Deprecated declaration set_send_signal - give arg types
  void set_send_signal();
src\library\ultrasonic.c(19): warning:  #1295-D: Deprecated declaration reset_send_signal - give arg types
  void reset_send_signal();
src\library\ultrasonic.c(24): warning:  #550-D: variable "TRIG_pin"  was set but never used
  static UltrasonicStruct TRIG_pin = {trig_PIN, 0};
src\library\ultrasonic.c: 8 warnings, 0 errors
compiling main.c...
C:\software\Keil\ARM\PACK\ARM\CMSIS\5.4.0\CMSIS\DSP\Include\arm_math.h(5742): warning:  #223-D: function "sqrtf" declared implicitly
        *pOut = sqrtf(in);
.\src\library\ultrasonic.h(10): warning:  #1295-D: Deprecated declaration us_init - give arg types
  void us_init();
.\src\library\ultrasonic.h(11): warning:  #1295-D: Deprecated declaration set_send_signal - give arg types
  void set_send_signal();
.\src\library\ultrasonic.h(12): warning:  #1295-D: Deprecated declaration reset_send_signal - give arg types
  void reset_send_signal();
.\src\library\ultrasonic.h(18): warning:  #1-D: last line of file ends without a newline
  static uint32_t ULTRA_EMIT=0;//used to store hardware emit signal time
src\user\main.c(68): warning:  #188-D: enumerated type mixed with another type
  	tft_init(0, WHITE, RED, GREEN, DARK_RED);
src\user\main.c(30): warning:  #550-D: variable "output"  was set but never used
  static long int output= 0;
src\user\main.c: 7 warnings, 0 errors
linking...
Program Size: Code=13804 RO-data=2424 RW-data=2008 ZI-data=3728  
FromELF: creating hex file...
".\Objects\ustrobo18_internal.axf" - 0 Error(s), 15 Warning(s).

<h2>Software Packages used:</h2>

Package Vendor: ARM
                http://www.keil.com/pack/ARM.CMSIS.5.4.0.pack
                ARM.CMSIS.5.4.0
                CMSIS (Cortex Microcontroller Software Interface Standard)
   * Component: CORE Version: 5.1.2
   * Component: DSP Version: 1.5.2

Package Vendor: Keil
                http://www.keil.com/pack/Keil.STM32F1xx_DFP.2.2.0.pack
                Keil.STM32F1xx_DFP.2.2.0
                STMicroelectronics STM32F1 Series Device Support, Drivers and Examples

<h2>Collection of Component include folders:</h2>
  .\RTE\_Default
  C:\software\Keil\ARM\PACK\ARM\CMSIS\5.4.0\CMSIS\Core\Include
  C:\software\Keil\ARM\PACK\ARM\CMSIS\5.4.0\CMSIS\DSP\Include
  C:\software\Keil\ARM\PACK\Keil\STM32F1xx_DFP\2.2.0\Device\Include

<h2>Collection of Component Files used:</h2>

   * Component: ARM::CMSIS:CORE:5.1.2

   * Component: ARM::CMSIS:DSP:1.5.2
      Library file:  CMSIS\Lib\ARM\arm_cortexM3l_math.lib
      Include file:  CMSIS\DSP\Include\arm_math.h
Build Time Elapsed:  00:00:03
</pre>
</body>
</html>
