Component: ARM Compiler 5.06 update 6 (build 750) Tool: armlink [4d35ed]

==============================================================================

Section Cross References

    startup_stm32f10x_md.o(STACK) refers (Special) to heapauxi.o(.text) for __use_two_region_memory
    startup_stm32f10x_md.o(HEAP) refers (Special) to heapauxi.o(.text) for __use_two_region_memory
    startup_stm32f10x_md.o(RESET) refers (Special) to heapauxi.o(.text) for __use_two_region_memory
    startup_stm32f10x_md.o(RESET) refers to startup_stm32f10x_md.o(STACK) for __initial_sp
    startup_stm32f10x_md.o(RESET) refers to startup_stm32f10x_md.o(.text) for Reset_Handler
    startup_stm32f10x_md.o(RESET) refers to ticks.o(i.SysTick_Handler) for SysTick_Handler
    startup_stm32f10x_md.o(RESET) refers to adc.o(i.DMA1_Channel1_IRQHandler) for DMA1_Channel1_IRQHandler
    startup_stm32f10x_md.o(RESET) refers to adc.o(i.ADC1_2_IRQHandler) for ADC1_2_IRQHandler
    startup_stm32f10x_md.o(RESET) refers to gpio.o(i.EXTI9_5_IRQHandler) for EXTI9_5_IRQHandler
    startup_stm32f10x_md.o(RESET) refers to spi.o(i.SPI2_IRQHandler) for SPI2_IRQHandler
    startup_stm32f10x_md.o(RESET) refers to uart.o(i.USART1_IRQHandler) for USART1_IRQHandler
    startup_stm32f10x_md.o(RESET) refers to uart.o(i.USART3_IRQHandler) for USART3_IRQHandler
    startup_stm32f10x_md.o(RESET) refers to gpio.o(i.EXTI15_10_IRQHandler) for EXTI15_10_IRQHandler
    startup_stm32f10x_md.o(.text) refers (Special) to heapauxi.o(.text) for __use_two_region_memory
    startup_stm32f10x_md.o(.text) refers to system_stm32f10x.o(i.SystemInit) for SystemInit
    startup_stm32f10x_md.o(.text) refers to __main.o(!!!main) for __main
    startup_stm32f10x_md.o(.text) refers to startup_stm32f10x_md.o(HEAP) for Heap_Mem
    startup_stm32f10x_md.o(.text) refers to startup_stm32f10x_md.o(STACK) for Stack_Mem
    stm32f10x_adc.o(i.ADC_DeInit) refers to stm32f10x_rcc.o(i.RCC_APB2PeriphResetCmd) for RCC_APB2PeriphResetCmd
    stm32f10x_bkp.o(i.BKP_DeInit) refers to stm32f10x_rcc.o(i.RCC_BackupResetCmd) for RCC_BackupResetCmd
    stm32f10x_can.o(i.CAN_DeInit) refers to stm32f10x_rcc.o(i.RCC_APB1PeriphResetCmd) for RCC_APB1PeriphResetCmd
    stm32f10x_can.o(i.CAN_GetITStatus) refers to stm32f10x_can.o(i.CheckITStatus) for CheckITStatus
    stm32f10x_cec.o(i.CEC_DeInit) refers to stm32f10x_rcc.o(i.RCC_APB1PeriphResetCmd) for RCC_APB1PeriphResetCmd
    stm32f10x_dac.o(i.DAC_DeInit) refers to stm32f10x_rcc.o(i.RCC_APB1PeriphResetCmd) for RCC_APB1PeriphResetCmd
    stm32f10x_flash.o(i.FLASH_EnableWriteProtection) refers to stm32f10x_flash.o(i.FLASH_WaitForLastOperation) for FLASH_WaitForLastOperation
    stm32f10x_flash.o(i.FLASH_EraseAllBank1Pages) refers to stm32f10x_flash.o(i.FLASH_WaitForLastBank1Operation) for FLASH_WaitForLastBank1Operation
    stm32f10x_flash.o(i.FLASH_EraseAllPages) refers to stm32f10x_flash.o(i.FLASH_WaitForLastOperation) for FLASH_WaitForLastOperation
    stm32f10x_flash.o(i.FLASH_EraseOptionBytes) refers to stm32f10x_flash.o(i.FLASH_GetReadOutProtectionStatus) for FLASH_GetReadOutProtectionStatus
    stm32f10x_flash.o(i.FLASH_EraseOptionBytes) refers to stm32f10x_flash.o(i.FLASH_WaitForLastOperation) for FLASH_WaitForLastOperation
    stm32f10x_flash.o(i.FLASH_ErasePage) refers to stm32f10x_flash.o(i.FLASH_WaitForLastOperation) for FLASH_WaitForLastOperation
    stm32f10x_flash.o(i.FLASH_ProgramHalfWord) refers to stm32f10x_flash.o(i.FLASH_WaitForLastOperation) for FLASH_WaitForLastOperation
    stm32f10x_flash.o(i.FLASH_ProgramOptionByteData) refers to stm32f10x_flash.o(i.FLASH_WaitForLastOperation) for FLASH_WaitForLastOperation
    stm32f10x_flash.o(i.FLASH_ProgramWord) refers to stm32f10x_flash.o(i.FLASH_WaitForLastOperation) for FLASH_WaitForLastOperation
    stm32f10x_flash.o(i.FLASH_ReadOutProtection) refers to stm32f10x_flash.o(i.FLASH_WaitForLastOperation) for FLASH_WaitForLastOperation
    stm32f10x_flash.o(i.FLASH_UserOptionByteConfig) refers to stm32f10x_flash.o(i.FLASH_WaitForLastOperation) for FLASH_WaitForLastOperation
    stm32f10x_flash.o(i.FLASH_WaitForLastBank1Operation) refers to stm32f10x_flash.o(i.FLASH_GetBank1Status) for FLASH_GetBank1Status
    stm32f10x_flash.o(i.FLASH_WaitForLastOperation) refers to stm32f10x_flash.o(i.FLASH_GetBank1Status) for FLASH_GetBank1Status
    stm32f10x_gpio.o(i.GPIO_AFIODeInit) refers to stm32f10x_rcc.o(i.RCC_APB2PeriphResetCmd) for RCC_APB2PeriphResetCmd
    stm32f10x_gpio.o(i.GPIO_DeInit) refers to stm32f10x_rcc.o(i.RCC_APB2PeriphResetCmd) for RCC_APB2PeriphResetCmd
    stm32f10x_i2c.o(i.I2C_DeInit) refers to stm32f10x_rcc.o(i.RCC_APB1PeriphResetCmd) for RCC_APB1PeriphResetCmd
    stm32f10x_i2c.o(i.I2C_Init) refers to stm32f10x_rcc.o(i.RCC_GetClocksFreq) for RCC_GetClocksFreq
    stm32f10x_pwr.o(i.PWR_DeInit) refers to stm32f10x_rcc.o(i.RCC_APB1PeriphResetCmd) for RCC_APB1PeriphResetCmd
    stm32f10x_rcc.o(i.RCC_GetClocksFreq) refers to stm32f10x_rcc.o(.data) for APBAHBPrescTable
[...]
    i.USART_ReceiveData                      0x0800242e   Section        0  stm32f10x_usart.o(i.USART_ReceiveData)
    i.__ARM_fpclassify                       0x08002438   Section        0  fpclassify.o(i.__ARM_fpclassify)
    i.__button_update                        0x08002460   Section        0  buttons.o(i.__button_update)
    __button_update                          0x08002461   Thumb Code    86  buttons.o(i.__button_update)
    i._is_digit                              0x080024bc   Section        0  __printf_wp.o(i._is_digit)
    i.afio_rcc_init                          0x080024ca   Section        0  rcc.o(i.afio_rcc_init)
    i.button_pressed                         0x080024d8   Section        0  buttons.o(i.button_pressed)
    i.delay                                  0x080024fc   Section        0  ticks.o(i.delay)
    i.gpio_exti_init                         0x08002510   Section        0  gpio.o(i.gpio_exti_init)
    i.gpio_init                              0x08002644   Section        0  spi.o(i.gpio_init)
    gpio_init                                0x08002645   Thumb Code    32  spi.o(i.gpio_init)
    i.gpio_init                              0x08002664   Section        0  lcd_main.o(i.gpio_init)
    gpio_init                                0x08002665   Thumb Code    32  lcd_main.o(i.gpio_init)
    i.gpio_init                              0x08002684   Section        0  oled.o(i.gpio_init)
    gpio_init                                0x08002685   Thumb Code    32  oled.o(i.gpio_init)
    i.gpio_init                              0x080026a4   Section        0  ultrasonic.o(i.gpio_init)
    gpio_init                                0x080026a5   Thumb Code    32  ultrasonic.o(i.gpio_init)
    i.gpio_reset                             0x080026c4   Section        0  lcd_main.o(i.gpio_reset)
    gpio_reset                               0x080026c5   Thumb Code    14  lcd_main.o(i.gpio_reset)
    i.gpio_reset                             0x080026d2   Section        0  oled.o(i.gpio_reset)
    gpio_reset                               0x080026d3   Thumb Code    14  oled.o(i.gpio_reset)
    i.gpio_set                               0x080026e0   Section        0  lcd_main.o(i.gpio_set)
    gpio_set                                 0x080026e1   Thumb Code    14  lcd_main.o(i.gpio_set)
    i.gpio_set                               0x080026ee   Section        0  oled.o(i.gpio_set)
    gpio_set                                 0x080026ef   Thumb Code    14  oled.o(i.gpio_set)
    i.gpio_write                             0x080026fc   Section        0  ultrasonic.o(i.gpio_write)
    gpio_write                               0x080026fd   Thumb Code    28  ultrasonic.o(i.gpio_write)
    i.main                                   0x08002718   Section        0  main.o(i.main)
    i.oled_clear                             0x08002808   Section        0  oled.o(i.oled_clear)
    i.oled_init                              0x08002828   Section        0  oled.o(i.oled_init)
    i.rcc_init                               0x08002900   Section        0  rcc.o(i.rcc_init)
    i.reset                                  0x08002930   Section        0  oled.o(i.reset)
    reset                                    0x08002931   Thumb Code    34  oled.o(i.reset)
    i.reset_send_signal                      0x08002958   Section        0  ultrasonic.o(i.reset_send_signal)
    i.setReceive_listener                    0x08002968   Section        0  ultrasonic.o(i.setReceive_listener)
    i.set_cycle                              0x08002974   Section        0  ultrasonic.o(i.set_cycle)
    i.set_region                             0x080029d4   Section        0  oled.o(i.set_region)
    set_region                               0x080029d5   Thumb Code    48  oled.o(i.set_region)
    i.set_send_signal                        0x08002a04   Section        0  ultrasonic.o(i.set_send_signal)
    i.spi_init                               0x08002a14   Section        0  spi.o(i.spi_init)
    i.spi_irq_handler                        0x08002c78   Section        0  spi.o(i.spi_irq_handler)
    spi_irq_handler                          0x08002c79   Thumb Code    72  spi.o(i.spi_irq_handler)
    i.spi_rcc_init                           0x08002cc0   Section        0  rcc.o(i.spi_rcc_init)
    i.spi_tx                                 0x08002d00   Section        0  spi.o(i.spi_tx)
    i.tft_char_is_changed                    0x08002d20   Section        0  lcd_main.o(i.tft_char_is_changed)
    tft_char_is_changed                      0x08002d21   Thumb Code   200  lcd_main.o(i.tft_char_is_changed)
    i.tft_clear                              0x08002dfc   Section        0  lcd_main.o(i.tft_clear)
    i.tft_clear_line                         0x08002e24   Section        0  lcd_main.o(i.tft_clear_line)
    i.tft_config                             0x08002eb8   Section        0  lcd_main.o(i.tft_config)
    tft_config                               0x08002eb9   Thumb Code    92  lcd_main.o(i.tft_config)
    i.tft_enable                             0x08002f20   Section        0  lcd_main.o(i.tft_enable)
    i.tft_fill_color                         0x08002f2c   Section        0  lcd_main.o(i.tft_fill_color)
    i.tft_incr_line                          0x08002f74   Section        0  lcd_main.o(i.tft_incr_line)
    tft_incr_line                            0x08002f75   Thumb Code    36  lcd_main.o(i.tft_incr_line)
    i.tft_init                               0x08002fa4   Section        0  lcd_main.o(i.tft_init)
    i.tft_prints                             0x08003090   Section        0  lcd_main.o(i.tft_prints)
    i.tft_reset                              0x080030dc   Section        0  lcd_main.o(i.tft_reset)
    i.tft_set_bg_color                       0x080030fc   Section        0  lcd_main.o(i.tft_set_bg_color)
    i.tft_set_buffer                         0x08003108   Section        0  lcd_main.o(i.tft_set_buffer)
    tft_set_buffer                           0x08003109   Thumb Code   314  lcd_main.o(i.tft_set_buffer)
    i.tft_set_highlight_color                0x08003270   Section        0  lcd_main.o(i.tft_set_highlight_color)
    i.tft_set_region                         0x0800327c   Section        0  lcd_main.o(i.tft_set_region)
    i.tft_set_special_color                  0x08003320   Section        0  lcd_main.o(i.tft_set_special_color)
    i.tft_set_text_color                     0x0800332c   Section        0  lcd_main.o(i.tft_set_text_color)
    i.tft_spi_init                           0x08003338   Section        0  lcd_main.o(i.tft_spi_init)
    i.tft_update                             0x0800336c   Section        0  lcd_main.o(i.tft_update)
    i.tft_write_color                        0x080034e4   Section        0  lcd_main.o(i.tft_write_color)
    i.tft_write_command                      0x080034f8   Section        0  lcd_main.o(i.tft_write_command)
    tft_write_command                        0x080034f9   Thumb Code    20  lcd_main.o(i.tft_write_command)
    i.tft_write_data                         0x08003514   Section        0  lcd_main.o(i.tft_write_data)
    tft_write_data                           0x08003515   Thumb Code    20  lcd_main.o(i.tft_write_data)
    i.ticks_init                             0x08003530   Section        0  ticks.o(i.ticks_init)
    i.uart_irq_handler                       0x080035b4   Section        0  uart.o(i.uart_irq_handler)
    uart_irq_handler                         0x080035b5   Thumb Code    78  uart.o(i.uart_irq_handler)
    i.us_init                                0x08003604   Section        0  ultrasonic.o(i.us_init)
    i.write_command                          0x08003620   Section        0  oled.o(i.write_command)
    write_command                            0x08003621   Thumb Code    34  oled.o(i.write_command)
    i.write_data                             0x0800364c   Section        0  oled.o(i.write_data)
    write_data                               0x0800364d   Thumb Code    34  oled.o(i.write_data)
    locale$$code                             0x08003678   Section       44  lc_numeric_c.o(locale$$code)
    locale$$code                             0x080036a4   Section       44  lc_ctype_c.o(locale$$code)
    x$fpl$printf1                            0x080036d0   Section        4  printf1.o(x$fpl$printf1)
    x$fpl$printf2                            0x080036d4   Section        4  printf2.o(x$fpl$printf2)
    .constdata                               0x080036d8   Section       24  buttons.o(.constdata)
    x$fpl$usenofp                            0x080036d8   Section        0  usenofp.o(x$fpl$usenofp)
    PC13                                     0x080036d8   Data           8  buttons.o(.constdata)
    PC14                                     0x080036e0   Data           8  buttons.o(.constdata)
    PC15                                     0x080036e8   Data           8  buttons.o(.constdata)
    .constdata                               0x080036f0   Section       32  uart.o(.constdata)
    PA9                                      0x080036f0   Data           8  uart.o(.constdata)
    PA10                                     0x080036f8   Data           8  uart.o(.constdata)
    PC10                                     0x08003700   Data           8  uart.o(.constdata)
    PC11                                     0x08003708   Data           8  uart.o(.constdata)
    .constdata                               0x08003710   Section       24  spi.o(.constdata)
    PB13                                     0x08003710   Data           8  spi.o(.constdata)
    PB14                                     0x08003718   Data           8  spi.o(.constdata)
    PB15                                     0x08003720   Data           8  spi.o(.constdata)
    .constdata                               0x08003728   Section      133  lcd_main.o(.constdata)
    PB12                                     0x08003728   Data           8  lcd_main.o(.constdata)
    PB14                                     0x08003730   Data           8  lcd_main.o(.constdata)
    .constdata                               0x080037b0   Section       64  adc.o(.constdata)
    PA0                                      0x080037b0   Data           8  adc.o(.constdata)
    PA1                                      0x080037b8   Data           8  adc.o(.constdata)
    PA2                                      0x080037c0   Data           8  adc.o(.constdata)
    PA3                                      0x080037c8   Data           8  adc.o(.constdata)
    PA4                                      0x080037d0   Data           8  adc.o(.constdata)
    PA5                                      0x080037d8   Data           8  adc.o(.constdata)
    PA6                                      0x080037e0   Data           8  adc.o(.constdata)
    PA7                                      0x080037e8   Data           8  adc.o(.constdata)
    .constdata                               0x080037f0   Section     1296  oled.o(.constdata)
    PB12                                     0x080037f0   Data           8  oled.o(.constdata)
    PB14                                     0x080037f8   Data           8  oled.o(.constdata)
    font                                     0x08003800   Data        1280  oled.o(.constdata)
    .constdata                               0x08003d00   Section       16  ultrasonic.o(.constdata)
    PA6                                      0x08003d00   Data           8  ultrasonic.o(.constdata)
    PA7                                      0x08003d08   Data           8  ultrasonic.o(.constdata)
    .constdata                               0x08003d10   Section       12  main.o(.constdata)
    PA7                                      0x08003d10   Data           8  main.o(.constdata)
    .constdata                               0x08003d1c   Section        8  _printf_wctomb.o(.constdata)
    initial_mbstate                          0x08003d1c   Data           8  _printf_wctomb.o(.constdata)
    .constdata                               0x08003d24   Section       40  _printf_hex_int_ll_ptr.o(.constdata)
    uc_hextab                                0x08003d24   Data          20  _printf_hex_int_ll_ptr.o(.constdata)
    lc_hextab                                0x08003d38   Data          20  _printf_hex_int_ll_ptr.o(.constdata)
    .constdata                               0x08003d4c   Section       17  __printf_flags_ss_wp.o(.constdata)
    maptable                                 0x08003d4c   Data          17  __printf_flags_ss_wp.o(.constdata)
    .constdata                               0x08003d5d   Section       38  _printf_fp_hex.o(.constdata)
    lc_hextab                                0x08003d5d   Data          19  _printf_fp_hex.o(.constdata)
    uc_hextab                                0x08003d70   Data          19  _printf_fp_hex.o(.constdata)
    .constdata                               0x08003d84   Section      148  bigflt0.o(.constdata)
    tenpwrs_x                                0x08003d84   Data          60  bigflt0.o(.constdata)
    tenpwrs_i                                0x08003dc0   Data          64  bigflt0.o(.constdata)
    locale$$data                             0x08003e38   Section       28  lc_numeric_c.o(locale$$data)
    __lcnum_c_name                           0x08003e3c   Data           2  lc_numeric_c.o(locale$$data)
    __lcnum_c_start                          0x08003e44   Data           0  lc_numeric_c.o(locale$$data)
    __lcnum_c_point                          0x08003e50   Data           0  lc_numeric_c.o(locale$$data)
    __lcnum_c_thousands                      0x08003e52   Data           0  lc_numeric_c.o(locale$$data)
    __lcnum_c_grouping                       0x08003e53   Data           0  lc_numeric_c.o(locale$$data)
    locale$$data                             0x08003e54   Section      272  lc_ctype_c.o(locale$$data)
    __lcnum_c_end                            0x08003e54   Data           0  lc_numeric_c.o(locale$$data)
    __lcctype_c_name                         0x08003e58   Data           2  lc_ctype_c.o(locale$$data)
    __lcctype_c_start                        0x08003e60   Data           0  lc_ctype_c.o(locale$$data)
    __lcctype_c_end                          0x08003f64   Data           0  lc_ctype_c.o(locale$$data)
    .data                                    0x20000000   Section       20  system_stm32f10x.o(.data)
    .data                                    0x20000014   Section        9  ticks.o(.data)
    .data                                    0x20000020   Section       48  buttons.o(.data)
    BUTTONS                                  0x20000020   Data          48  buttons.o(.data)
    .data                                    0x20000050   Section       48  uart.o(.data)
    .data                                    0x20000080   Section       28  spi.o(.data)
    .data                                    0x2000009c   Section     1557  lcd_main.o(.data)
    col_shift                                0x200006a4   Data           1  lcd_main.o(.data)
    row_shift                                0x200006a5   Data           1  lcd_main.o(.data)
    .data                                    0x200006b1   Section      157  camera.o(.data)
    cameraConfig                             0x200006b1   Data         154  camera.o(.data)
    .data                                    0x20000750   Section       85  adc.o(.data)
    adc_converted_channel                    0x200007a4   Data           1  adc.o(.data)
    .data                                    0x200007a8   Section       20  ultrasonic.o(.data)
    FLAG                                     0x200007a8   Data           4  ultrasonic.o(.data)
    OUT_NUM                                  0x200007ac   Data           4  ultrasonic.o(.data)
    ULTRA_EMIT                               0x200007b0   Data           4  ultrasonic.o(.data)
    TRIG_pin                                 0x200007b4   Data           8  ultrasonic.o(.data)
    .data                                    0x200007bc   Section       28  main.o(.data)
    FLAG                                     0x200007bc   Data           4  main.o(.data)
    OUT_NUM                                  0x200007c0   Data           4  main.o(.data)
    ULTRA_EMIT                               0x200007c4   Data           4  main.o(.data)
    output                                   0x200007cc   Data           4  main.o(.data)
    this_ticks                               0x200007d0   Data           4  main.o(.data)
    last_led_ticks                           0x200007d4   Data           4  main.o(.data)
    .bss                                     0x200007d8   Section     2000  lcd_main.o(.bss)
    .bss                                     0x20000fa8   Section       96  adc.o(.bss)
    ADC_READINGS                             0x20000fa8   Data          32  adc.o(.bss)
    adc_ports                                0x20000fc8   Data          64  adc.o(.bss)
    .bss                                     0x20001008   Section       96  libspace.o(.bss)
    HEAP                                     0x20001068   Section      512  startup_stm32f10x_md.o(HEAP)
    Heap_Mem                                 0x20001068   Data         512  startup_stm32f10x_md.o(HEAP)
    STACK                                    0x20001268   Section     1024  startup_stm32f10x_md.o(STACK)
    Stack_Mem                                0x20001268   Data        1024  startup_stm32f10x_md.o(STACK)
    __initial_sp                             0x20001668   Data           0  startup_stm32f10x_md.o(STACK)

    Global Symbols

    Symbol Name                              Value     Ov Type        Size  Object(Section)

    BuildAttributes$$THM_ISAv4$P$D$K$B$S$PE$A:L22UL41UL21$X:L11$S22US41US21$IEEE1$IW$USESV6$~STKCKD$USESV7$~SHL$OTIME$ROPI$IEEEJ$EBA8$UX$STANDARDLIB$REQ8$PRES8$EABIv2 0x00000000   Number         0  anon$$obj.o ABSOLUTE
    __ARM_use_no_argv                        0x00000000   Number         0  main.o ABSOLUTE
    _printf_flags                            0x00000000   Number         0  printf_stubs.o ABSOLUTE
    _printf_return_value                     0x00000000   Number         0  printf_stubs.o ABSOLUTE
    _printf_sizespec                         0x00000000   Number         0  printf_stubs.o ABSOLUTE
    _printf_widthprec                        0x00000000   Number         0  printf_stubs.o ABSOLUTE
    __ARM_exceptions_init                     - Undefined Weak Reference
    __alloca_initialize                       - Undefined Weak Reference
    __arm_preinit_                            - Undefined Weak Reference
    __cpp_initialize__aeabi_                  - Undefined Weak Reference
    __cxa_finalize                            - Undefined Weak Reference
    __sigvec_lookup                           - Undefined Weak Reference
    _atexit_init                              - Undefined Weak Reference
    _call_atexit_fns                          - Undefined Weak Reference
    _clock_init                               - Undefined Weak Reference
    _fp_trap_init                             - Undefined Weak Reference
    _fp_trap_shutdown                         - Undefined Weak Reference
    _get_lc_collate                           - Undefined Weak Reference
    _get_lc_monetary                          - Undefined Weak Reference
    _get_lc_time                              - Undefined Weak Reference
    _getenv_init                              - Undefined Weak Reference
    _handle_redirection                       - Undefined Weak Reference
    _init_alloc                               - Undefined Weak Reference
    _init_user_alloc                          - Undefined Weak Reference
    _initio                                   - Undefined Weak Reference
    _printf_mbtowc                            - Undefined Weak Reference
    _printf_wc                                - Undefined Weak Reference
    _rand_init                                - Undefined Weak Reference
    _signal_finish                            - Undefined Weak Reference
    _signal_init                              - Undefined Weak Reference
    _terminate_alloc                          - Undefined Weak Reference
    _terminate_user_alloc                     - Undefined Weak Reference
    _terminateio                              - Undefined Weak Reference
    __Vectors_Size                           0x000000ec   Number         0  startup_stm32f10x_md.o ABSOLUTE
    __Vectors                                0x08000000   Data           4  startup_stm32f10x_md.o(RESET)
    __Vectors_End                            0x080000ec   Data           0  startup_stm32f10x_md.o(RESET)
    __main                                   0x080000ed   Thumb Code     8  __main.o(!!!main)
    __scatterload                            0x080000f5   Thumb Code     0  __scatter.o(!!!scatter)
    __scatterload_rt2                        0x080000f5   Thumb Code    44  __scatter.o(!!!scatter)
    __scatterload_rt2_thumb_only             0x080000f5   Thumb Code     0  __scatter.o(!!!scatter)
    __scatterload_null                       0x08000103   Thumb Code     0  __scatter.o(!!!scatter)
    __decompress                             0x08000129   Thumb Code    90  __dczerorl2.o(!!dczerorl2)
    __decompress1                            0x08000129   Thumb Code     0  __dczerorl2.o(!!dczerorl2)
    __scatterload_zeroinit                   0x08000185   Thumb Code    28  __scatter_zi.o(!!handler_zi)
    _printf_n                                0x080001a1   Thumb Code     0  _printf_n.o(.ARM.Collect$$_printf_percent$$00000001)
    _printf_percent                          0x080001a1   Thumb Code     0  _printf_percent.o(.ARM.Collect$$_printf_percent$$00000000)
    _printf_p                                0x080001a7   Thumb Code     0  _printf_p.o(.ARM.Collect$$_printf_percent$$00000002)
    _printf_f                                0x080001ad   Thumb Code     0  _printf_f.o(.ARM.Collect$$_printf_percent$$00000003)
    _printf_e                                0x080001b3   Thumb Code     0  _printf_e.o(.ARM.Collect$$_printf_percent$$00000004)
    _printf_g                                0x080001b9   Thumb Code     0  _printf_g.o(.ARM.Collect$$_printf_percent$$00000005)
    _printf_a                                0x080001bf   Thumb Code     0  _printf_a.o(.ARM.Collect$$_printf_percent$$00000006)
    _printf_ll                               0x080001c5   Thumb Code     0  _printf_ll.o(.ARM.Collect$$_printf_percent$$00000007)
    _printf_i                                0x080001cf   Thumb Code     0  _printf_i.o(.ARM.Collect$$_printf_percent$$00000008)
    _printf_d                                0x080001d5   Thumb Code     0  _printf_d.o(.ARM.Collect$$_printf_percent$$00000009)
    _printf_u                                0x080001db   Thumb Code     0  _printf_u.o(.ARM.Collect$$_printf_percent$$0000000A)
    _printf_o                                0x080001e1   Thumb Code     0  _printf_o.o(.ARM.Collect$$_printf_percent$$0000000B)
    _printf_x                                0x080001e7   Thumb Code     0  _printf_x.o(.ARM.Collect$$_printf_percent$$0000000C)
    _printf_lli                              0x080001ed   Thumb Code     0  _printf_lli.o(.ARM.Collect$$_printf_percent$$0000000D)
    _printf_lld                              0x080001f3   Thumb Code     0  _printf_lld.o(.ARM.Collect$$_printf_percent$$0000000E)
    _printf_llu                              0x080001f9   Thumb Code     0  _printf_llu.o(.ARM.Collect$$_printf_percent$$0000000F)
    _printf_llo                              0x080001ff   Thumb Code     0  _printf_llo.o(.ARM.Collect$$_printf_percent$$00000010)
    _printf_llx                              0x08000205   Thumb Code     0  _printf_llx.o(.ARM.Collect$$_printf_percent$$00000011)
    _printf_l                                0x0800020b   Thumb Code     0  _printf_l.o(.ARM.Collect$$_printf_percent$$00000012)
    _printf_c                                0x08000215   Thumb Code     0  _printf_c.o(.ARM.Collect$$_printf_percent$$00000013)
    _printf_s                                0x0800021b   Thumb Code     0  _printf_s.o(.ARM.Collect$$_printf_percent$$00000014)
    _printf_lc                               0x08000221   Thumb Code     0  _printf_lc.o(.ARM.Collect$$_printf_percent$$00000015)
    _printf_ls                               0x08000227   Thumb Code     0  _printf_ls.o(.ARM.Collect$$_printf_percent$$00000016)
    _printf_percent_end                      0x0800022d   Thumb Code     0  _printf_percent_end.o(.ARM.Collect$$_printf_percent$$00000017)
    __rt_lib_init                            0x08000231   Thumb Code     0  libinit.o(.ARM.Collect$$libinit$$00000000)
    __rt_lib_init_fp_1                       0x08000233   Thumb Code     0  libinit2.o(.ARM.Collect$$libinit$$00000002)
    __rt_lib_init_heap_1                     0x08000233   Thumb Code     0  libinit2.o(.ARM.Collect$$libinit$$0000000A)
    __rt_lib_init_lc_common                  0x08000233   Thumb Code     0  libinit2.o(.ARM.Collect$$libinit$$0000000F)
    __rt_lib_init_preinit_1                  0x08000233   Thumb Code     0  libinit2.o(.ARM.Collect$$libinit$$00000004)
    __rt_lib_init_rand_1                     0x08000233   Thumb Code     0  libinit2.o(.ARM.Collect$$libinit$$0000000E)
    __rt_lib_init_user_alloc_1               0x08000233   Thumb Code     0  libinit2.o(.ARM.Collect$$libinit$$0000000C)
    __rt_lib_init_lc_collate_1               0x08000239   Thumb Code     0  libinit2.o(.ARM.Collect$$libinit$$00000011)
    __rt_lib_init_lc_ctype_2                 0x08000239   Thumb Code     0  libinit2.o(.ARM.Collect$$libinit$$00000012)
    __rt_lib_init_lc_ctype_1                 0x08000245   Thumb Code     0  libinit2.o(.ARM.Collect$$libinit$$00000013)
    __rt_lib_init_lc_monetary_1              0x08000245   Thumb Code     0  libinit2.o(.ARM.Collect$$libinit$$00000015)
    __rt_lib_init_lc_numeric_2               0x08000245   Thumb Code     0  libinit2.o(.ARM.Collect$$libinit$$00000016)
    __rt_lib_init_alloca_1                   0x0800024f   Thumb Code     0  libinit2.o(.ARM.Collect$$libinit$$0000002E)
    __rt_lib_init_argv_1                     0x0800024f   Thumb Code     0  libinit2.o(.ARM.Collect$$libinit$$0000002C)
    __rt_lib_init_atexit_1                   0x0800024f   Thumb Code     0  libinit2.o(.ARM.Collect$$libinit$$0000001B)
    __rt_lib_init_clock_1                    0x0800024f   Thumb Code     0  libinit2.o(.ARM.Collect$$libinit$$00000021)
    __rt_lib_init_cpp_1                      0x0800024f   Thumb Code     0  libinit2.o(.ARM.Collect$$libinit$$00000032)
    __rt_lib_init_exceptions_1               0x0800024f   Thumb Code     0  libinit2.o(.ARM.Collect$$libinit$$00000030)
    __rt_lib_init_fp_trap_1                  0x0800024f   Thumb Code     0  libinit2.o(.ARM.Collect$$libinit$$0000001F)
    __rt_lib_init_getenv_1                   0x0800024f   Thumb Code     0  libinit2.o(.ARM.Collect$$libinit$$00000023)
    __rt_lib_init_lc_numeric_1               0x0800024f   Thumb Code     0  libinit2.o(.ARM.Collect$$libinit$$00000017)
    __rt_lib_init_lc_time_1                  0x0800024f   Thumb Code     0  libinit2.o(.ARM.Collect$$libinit$$00000019)
    __rt_lib_init_return                     0x0800024f   Thumb Code     0  libinit2.o(.ARM.Collect$$libinit$$00000033)
    __rt_lib_init_signal_1                   0x0800024f   Thumb Code     0  libinit2.o(.ARM.Collect$$libinit$$0000001D)
    __rt_lib_init_stdio_1                    0x0800024f   Thumb Code     0  libinit2.o(.ARM.Collect$$libinit$$00000025)
    __rt_lib_shutdown                        0x08000251   Thumb Code     0  libshutdown.o(.ARM.Collect$$libshutdown$$00000000)
    __rt_lib_shutdown_cpp_1                  0x08000253   Thumb Code     0  libshutdown2.o(.ARM.Collect$$libshutdown$$00000002)
    __rt_lib_shutdown_fp_trap_1              0x08000253   Thumb Code     0  libshutdown2.o(.ARM.Collect$$libshutdown$$00000007)
    __rt_lib_shutdown_heap_1                 0x08000253   Thumb Code     0  libshutdown2.o(.ARM.Collect$$libshutdown$$0000000F)
    __rt_lib_shutdown_return                 0x08000253   Thumb Code     0  libshutdown2.o(.ARM.Collect$$libshutdown$$00000010)
    __rt_lib_shutdown_signal_1               0x08000253   Thumb Code     0  libshutdown2.o(.ARM.Collect$$libshutdown$$0000000A)
    __rt_lib_shutdown_stdio_1                0x08000253   Thumb Code     0  libshutdown2.o(.ARM.Collect$$libshutdown$$00000004)
    __rt_lib_shutdown_user_alloc_1           0x08000253   Thumb Code     0  libshutdown2.o(.ARM.Collect$$libshutdown$$0000000C)
    __rt_entry                               0x08000255   Thumb Code     0  __rtentry.o(.ARM.Collect$$rtentry$$00000000)
    __rt_entry_presh_1                       0x08000255   Thumb Code     0  __rtentry2.o(.ARM.Collect$$rtentry$$00000002)
    __rt_entry_sh                            0x08000255   Thumb Code     0  __rtentry4.o(.ARM.Collect$$rtentry$$00000004)
    __rt_entry_li                            0x0800025b   Thumb Code     0  __rtentry2.o(.ARM.Collect$$rtentry$$0000000A)
    __rt_entry_postsh_1                      0x0800025b   Thumb Code     0  __rtentry2.o(.ARM.Collect$$rtentry$$00000009)
    __rt_entry_main                          0x0800025f   Thumb Code     0  __rtentry2.o(.ARM.Collect$$rtentry$$0000000D)
    __rt_entry_postli_1                      0x0800025f   Thumb Code     0  __rtentry2.o(.ARM.Collect$$rtentry$$0000000C)
    __rt_exit                                0x08000267   Thumb Code     0  rtexit.o(.ARM.Collect$$rtexit$$00000000)
    __rt_exit_ls                             0x08000269   Thumb Code     0  rtexit2.o(.ARM.Collect$$rtexit$$00000003)
    __rt_exit_prels_1                        0x08000269   Thumb Code     0  rtexit2.o(.ARM.Collect$$rtexit$$00000002)
    __rt_exit_exit                           0x0800026d   Thumb Code     0  rtexit2.o(.ARM.Collect$$rtexit$$00000004)
    Reset_Handler                            0x08000275   Thumb Code     8  startup_stm32f10x_md.o(.text)
    NMI_Handler                              0x0800027d   Thumb Code     2  startup_stm32f10x_md.o(.text)
    HardFault_Handler                        0x0800027f   Thumb Code     2  startup_stm32f10x_md.o(.text)
    MemManage_Handler                        0x08000281   Thumb Code     2  startup_stm32f10x_md.o(.text)
    BusFault_Handler                         0x08000283   Thumb Code     2  startup_stm32f10x_md.o(.text)
    UsageFault_Handler                       0x08000285   Thumb Code     2  startup_stm32f10x_md.o(.text)
    SVC_Handler                              0x08000287   Thumb Code     2  startup_stm32f10x_md.o(.text)
    DebugMon_Handler                         0x08000289   Thumb Code     2  startup_stm32f10x_md.o(.text)
    PendSV_Handler                           0x0800028b   Thumb Code     2  startup_stm32f10x_md.o(.text)
    CAN1_RX1_IRQHandler                      0x0800028f   Thumb Code     0  startup_stm32f10x_md.o(.text)
    CAN1_SCE_IRQHandler                      0x0800028f   Thumb Code     0  startup_stm32f10x_md.o(.text)
    DMA1_Channel2_IRQHandler                 0x0800028f   Thumb Code     0  startup_stm32f10x_md.o(.text)
    DMA1_Channel3_IRQHandler                 0x0800028f   Thumb Code     0  startup_stm32f10x_md.o(.text)
    DMA1_Channel4_IRQHandler                 0x0800028f   Thumb Code     0  startup_stm32f10x_md.o(.text)
    DMA1_Channel5_IRQHandler                 0x0800028f   Thumb Code     0  startup_stm32f10x_md.o(.text)
    DMA1_Channel6_IRQHandler                 0x0800028f   Thumb Code     0  startup_stm32f10x_md.o(.text)
    DMA1_Channel7_IRQHandler                 0x0800028f   Thumb Code     0  startup_stm32f10x_md.o(.text)
    EXTI0_IRQHandler                         0x0800028f   Thumb Code     0  startup_stm32f10x_md.o(.text)
    EXTI1_IRQHandler                         0x0800028f   Thumb Code     0  startup_stm32f10x_md.o(.text)
    EXTI2_IRQHandler                         0x0800028f   Thumb Code     0  startup_stm32f10x_md.o(.text)
    EXTI3_IRQHandler                         0x0800028f   Thumb Code     0  startup_stm32f10x_md.o(.text)
    EXTI4_IRQHandler                         0x0800028f   Thumb Code     0  startup_stm32f10x_md.o(.text)
    FLASH_IRQHandler                         0x0800028f   Thumb Code     0  startup_stm32f10x_md.o(.text)
    I2C1_ER_IRQHandler                       0x0800028f   Thumb Code     0  startup_stm32f10x_md.o(.text)
    I2C1_EV_IRQHandler                       0x0800028f   Thumb Code     0  startup_stm32f10x_md.o(.text)
    I2C2_ER_IRQHandler                       0x0800028f   Thumb Code     0  startup_stm32f10x_md.o(.text)
    I2C2_EV_IRQHandler                       0x0800028f   Thumb Code     0  startup_stm32f10x_md.o(.text)
    PVD_IRQHandler                           0x0800028f   Thumb Code     0  startup_stm32f10x_md.o(.text)
    RCC_IRQHandler                           0x0800028f   Thumb Code     0  startup_stm32f10x_md.o(.text)
    RTCAlarm_IRQHandler                      0x0800028f   Thumb Code     0  startup_stm32f10x_md.o(.text)
    RTC_IRQHandler                           0x0800028f   Thumb Code     0  startup_stm32f10x_md.o(.text)
    SPI1_IRQHandler                          0x0800028f   Thumb Code     0  startup_stm32f10x_md.o(.text)
    TAMPER_IRQHandler                        0x0800028f   Thumb Code     0  startup_stm32f10x_md.o(.text)
    TIM1_BRK_IRQHandler                      0x0800028f   Thumb Code     0  startup_stm32f10x_md.o(.text)
    TIM1_CC_IRQHandler                       0x0800028f   Thumb Code     0  startup_stm32f10x_md.o(.text)
    TIM1_TRG_COM_IRQHandler                  0x0800028f   Thumb Code     0  startup_stm32f10x_md.o(.text)
    TIM1_UP_IRQHandler                       0x0800028f   Thumb Code     0  startup_stm32f10x_md.o(.text)
    TIM2_IRQHandler                          0x0800028f   Thumb Code     0  startup_stm32f10x_md.o(.text)
    TIM3_IRQHandler                          0x0800028f   Thumb Code     0  startup_stm32f10x_md.o(.text)
    TIM4_IRQHandler                          0x0800028f   Thumb Code     0  startup_stm32f10x_md.o(.text)
    USART2_IRQHandler                        0x0800028f   Thumb Code     0  startup_stm32f10x_md.o(.text)
    USBWakeUp_IRQHandler                     0x0800028f   Thumb Code     0  startup_stm32f10x_md.o(.text)
    USB_HP_CAN1_TX_IRQHandler                0x0800028f   Thumb Code     0  startup_stm32f10x_md.o(.text)
    USB_LP_CAN1_RX0_IRQHandler               0x0800028f   Thumb Code     0  startup_stm32f10x_md.o(.text)
    WWDG_IRQHandler                          0x0800028f   Thumb Code     0  startup_stm32f10x_md.o(.text)
    __user_initial_stackheap                 0x08000291   Thumb Code     0  startup_stm32f10x_md.o(.text)
    vsprintf                                 0x080002b5   Thumb Code    32  vsprintf.o(.text)
    __use_two_region_memory                  0x080002d9   Thumb Code     2  heapauxi.o(.text)
    __rt_heap_escrow$2region                 0x080002db   Thumb Code     2  heapauxi.o(.text)
    __rt_heap_expand$2region                 0x080002dd   Thumb Code     2  heapauxi.o(.text)
    _printf_pre_padding                      0x080002df   Thumb Code    44  _printf_pad.o(.text)
    _printf_post_padding                     0x0800030b   Thumb Code    34  _printf_pad.o(.text)
    _printf_truncate_signed                  0x0800032d   Thumb Code    18  _printf_truncate.o(.text)
    _printf_truncate_unsigned                0x0800033f   Thumb Code    18  _printf_truncate.o(.text)
    _printf_str                              0x08000351   Thumb Code    82  _printf_str.o(.text)
    _printf_int_dec                          0x080003a5   Thumb Code   104  _printf_dec.o(.text)
    _printf_charcount                        0x0800041d   Thumb Code    40  _printf_charcount.o(.text)
    _printf_char_common                      0x0800044f   Thumb Code    32  _printf_char_common.o(.text)
    _sputc                                   0x08000475   Thumb Code    10  _sputc.o(.text)
    _printf_wctomb                           0x08000481   Thumb Code   182  _printf_wctomb.o(.text)
    _printf_longlong_dec                     0x0800053d   Thumb Code   108  _printf_longlong_dec.o(.text)
    _printf_longlong_oct                     0x080005b9   Thumb Code    66  _printf_oct_int_ll.o(.text)
    _printf_int_oct                          0x080005fb   Thumb Code    24  _printf_oct_int_ll.o(.text)
    _printf_ll_oct                           0x08000613   Thumb Code    12  _printf_oct_int_ll.o(.text)
    _printf_longlong_hex                     0x08000629   Thumb Code    86  _printf_hex_int_ll_ptr.o(.text)
    _printf_int_hex                          0x0800067f   Thumb Code    28  _printf_hex_int_ll_ptr.o(.text)
    _printf_ll_hex                           0x0800069b   Thumb Code    12  _printf_hex_int_ll_ptr.o(.text)
    _printf_hex_ptr                          0x080006a7   Thumb Code    18  _printf_hex_int_ll_ptr.o(.text)
    __printf                                 0x080006bd   Thumb Code   388  __printf_flags_ss_wp.o(.text)
    _ll_udiv10                               0x08000845   Thumb Code   138  lludiv10.o(.text)
    _printf_int_common                       0x080008cf   Thumb Code   178  _printf_intcommon.o(.text)
    __lib_sel_fp_printf                      0x08000981   Thumb Code     2  _printf_fp_dec.o(.text)
    _printf_fp_dec_real                      0x08000b33   Thumb Code   620  _printf_fp_dec.o(.text)
    _printf_fp_hex_real                      0x08000da1   Thumb Code   756  _printf_fp_hex.o(.text)
    _printf_cs_common                        0x0800109d   Thumb Code    20  _printf_char.o(.text)
    _printf_char                             0x080010b1   Thumb Code    16  _printf_char.o(.text)
    _printf_string                           0x080010c1   Thumb Code     8  _printf_char.o(.text)
    _printf_lcs_common                       0x080010c9   Thumb Code    20  _printf_wchar.o(.text)
    _printf_wchar                            0x080010dd   Thumb Code    16  _printf_wchar.o(.text)
    _printf_wstring                          0x080010ed   Thumb Code     8  _printf_wchar.o(.text)
    _wcrtomb                                 0x080010f5   Thumb Code    64  _wcrtomb.o(.text)
    __user_setup_stackheap                   0x08001135   Thumb Code    74  sys_stackheap_outer.o(.text)
    __rt_ctype_table                         0x08001181   Thumb Code    16  rt_ctype_table.o(.text)
    __rt_locale                              0x08001191   Thumb Code     8  rt_locale_intlibspace.o(.text)
    _printf_fp_infnan                        0x08001199   Thumb Code   112  _printf_fp_infnan.o(.text)
    _btod_etento                             0x08001219   Thumb Code   224  bigflt0.o(.text)
    exit                                     0x080012fd   Thumb Code    18  exit.o(.text)
    __user_libspace                          0x08001311   Thumb Code     8  libspace.o(.text)
    __user_perproc_libspace                  0x08001311   Thumb Code     0  libspace.o(.text)
    __user_perthread_libspace                0x08001311   Thumb Code     0  libspace.o(.text)
    strcmp                                   0x08001319   Thumb Code   128  strcmpv7m.o(.text)
    _sys_exit                                0x08001399   Thumb Code     8  sys_exit.o(.text)
    __I$use$semihosting                      0x080013a5   Thumb Code     0  use_no_semi.o(.text)
    __use_no_semihosting_swi                 0x080013a5   Thumb Code     2  use_no_semi.o(.text)
    __semihosting_library_function           0x080013a7   Thumb Code     0  indicate_semi.o(.text)
    _btod_d2e                                0x080013a7   Thumb Code    62  btod.o(CL$$btod_d2e)
    _d2e_denorm_low                          0x080013e5   Thumb Code    70  btod.o(CL$$btod_d2e_denorm_low)
    _d2e_norm_op1                            0x0800142b   Thumb Code    96  btod.o(CL$$btod_d2e_norm_op1)
    __btod_div_common                        0x0800148b   Thumb Code   696  btod.o(CL$$btod_div_common)
    _e2e                                     0x080017c3   Thumb Code   220  btod.o(CL$$btod_e2e)
    _btod_ediv                               0x0800189f   Thumb Code    42  btod.o(CL$$btod_ediv)
    _btod_emul                               0x080018c9   Thumb Code    42  btod.o(CL$$btod_emul)
    __btod_mult_common                       0x080018f3   Thumb Code   580  btod.o(CL$$btod_mult_common)
    ADC1_2_IRQHandler                        0x08001b39   Thumb Code    52  adc.o(i.ADC1_2_IRQHandler)
    ADC_ClearITPendingBit                    0x08001b79   Thumb Code    10  stm32f10x_adc.o(i.ADC_ClearITPendingBit)
    ADC_GetConversionValue                   0x08001b83   Thumb Code     8  stm32f10x_adc.o(i.ADC_GetConversionValue)
    ADC_GetITStatus                          0x08001b8b   Thumb Code    36  stm32f10x_adc.o(i.ADC_GetITStatus)
    DMA1_Channel1_IRQHandler                 0x08001bb1   Thumb Code    28  adc.o(i.DMA1_Channel1_IRQHandler)
    DMA_ClearITPendingBit                    0x08001bd1   Thumb Code    18  stm32f10x_dma.o(i.DMA_ClearITPendingBit)
    DMA_GetITStatus                          0x08001bed   Thumb Code    36  stm32f10x_dma.o(i.DMA_GetITStatus)
    EXTI10_IRQHandler                        0x08001c19   Thumb Code     2  gpio.o(i.EXTI10_IRQHandler)
    EXTI11_IRQHandler                        0x08001c1b   Thumb Code     2  gpio.o(i.EXTI11_IRQHandler)
    EXTI12_IRQHandler                        0x08001c1d   Thumb Code    64  camera.o(i.EXTI12_IRQHandler)
    EXTI13_IRQHandler                        0x08001c69   Thumb Code    10  buttons.o(i.EXTI13_IRQHandler)
    EXTI14_IRQHandler                        0x08001c73   Thumb Code    10  buttons.o(i.EXTI14_IRQHandler)
    EXTI15_10_IRQHandler                     0x08001c7d   Thumb Code    92  gpio.o(i.EXTI15_10_IRQHandler)
    EXTI15_IRQHandler                        0x08001cdd   Thumb Code    10  buttons.o(i.EXTI15_IRQHandler)
    EXTI5_IRQHandler                         0x08001ce7   Thumb Code     2  gpio.o(i.EXTI5_IRQHandler)
    EXTI6_IRQHandler                         0x08001ce9   Thumb Code     2  gpio.o(i.EXTI6_IRQHandler)
    EXTI7_IRQHandler                         0x08001ced   Thumb Code    34  main.o(i.EXTI7_IRQHandler)
    EXTI8_IRQHandler                         0x08001d1d   Thumb Code     2  gpio.o(i.EXTI8_IRQHandler)
    EXTI9_5_IRQHandler                       0x08001d21   Thumb Code   152  gpio.o(i.EXTI9_5_IRQHandler)
    EXTI9_IRQHandler                         0x08001dbd   Thumb Code     2  gpio.o(i.EXTI9_IRQHandler)
    EXTI_ClearITPendingBit                   0x08001dc1   Thumb Code     6  stm32f10x_exti.o(i.EXTI_ClearITPendingBit)
    EXTI_Init                                0x08001dcd   Thumb Code   142  stm32f10x_exti.o(i.EXTI_Init)
    EchoPrint                                0x08001e61   Thumb Code     8  main.o(i.EchoPrint)
    GPIO_EXTILineConfig                      0x08001e6d   Thumb Code    60  stm32f10x_gpio.o(i.GPIO_EXTILineConfig)
    GPIO_Init                                0x08001ead   Thumb Code   278  stm32f10x_gpio.o(i.GPIO_Init)
    GPIO_PinRemapConfig                      0x08001fc5   Thumb Code   138  stm32f10x_gpio.o(i.GPIO_PinRemapConfig)
    GPIO_ReadInputDataBit                    0x08002055   Thumb Code    18  stm32f10x_gpio.o(i.GPIO_ReadInputDataBit)
    GPIO_ResetBits                           0x08002067   Thumb Code     4  stm32f10x_gpio.o(i.GPIO_ResetBits)
    GPIO_SetBits                             0x0800206b   Thumb Code     4  stm32f10x_gpio.o(i.GPIO_SetBits)
    NVIC_Init                                0x08002071   Thumb Code   100  misc.o(i.NVIC_Init)
    NVIC_PriorityGroupConfig                 0x080020e1   Thumb Code    10  misc.o(i.NVIC_PriorityGroupConfig)
    RCC_APB1PeriphClockCmd                   0x080020f5   Thumb Code    26  stm32f10x_rcc.o(i.RCC_APB1PeriphClockCmd)
    RCC_APB2PeriphClockCmd                   0x08002115   Thumb Code    26  stm32f10x_rcc.o(i.RCC_APB2PeriphClockCmd)
    SPI2_IRQHandler                          0x08002135   Thumb Code    10  spi.o(i.SPI2_IRQHandler)
    SPI_CalculateCRC                         0x08002145   Thumb Code    24  stm32f10x_spi.o(i.SPI_CalculateCRC)
    SPI_Cmd                                  0x0800215d   Thumb Code    24  stm32f10x_spi.o(i.SPI_Cmd)
    SPI_I2S_ClearITPendingBit                0x08002175   Thumb Code    20  stm32f10x_spi.o(i.SPI_I2S_ClearITPendingBit)
    SPI_I2S_GetFlagStatus                    0x08002189   Thumb Code    18  stm32f10x_spi.o(i.SPI_I2S_GetFlagStatus)
    SPI_I2S_GetITStatus                      0x0800219b   Thumb Code    52  stm32f10x_spi.o(i.SPI_I2S_GetITStatus)
    SPI_I2S_ReceiveData                      0x080021cf   Thumb Code     6  stm32f10x_spi.o(i.SPI_I2S_ReceiveData)
    SPI_I2S_SendData                         0x080021d5   Thumb Code     4  stm32f10x_spi.o(i.SPI_I2S_SendData)
    SPI_Init                                 0x080021d9   Thumb Code    60  stm32f10x_spi.o(i.SPI_Init)
    SPI_SSOutputCmd                          0x08002215   Thumb Code    24  stm32f10x_spi.o(i.SPI_SSOutputCmd)
    SysTick_Handler                          0x08002315   Thumb Code    28  ticks.o(i.SysTick_Handler)
    SystemInit                               0x0800233d   Thumb Code    78  system_stm32f10x.o(i.SystemInit)
    USART1_IRQHandler                        0x0800239d   Thumb Code    10  uart.o(i.USART1_IRQHandler)
    USART3_IRQHandler                        0x080023ad   Thumb Code    10  uart.o(i.USART3_IRQHandler)
    USART_ClearITPendingBit                  0x080023bd   Thumb Code    30  stm32f10x_usart.o(i.USART_ClearITPendingBit)
    USART_GetITStatus                        0x080023db   Thumb Code    84  stm32f10x_usart.o(i.USART_GetITStatus)
    USART_ReceiveData                        0x0800242f   Thumb Code    10  stm32f10x_usart.o(i.USART_ReceiveData)
    __ARM_fpclassify                         0x08002439   Thumb Code    40  fpclassify.o(i.__ARM_fpclassify)
    _is_digit                                0x080024bd   Thumb Code    14  __printf_wp.o(i._is_digit)
    afio_rcc_init                            0x080024cb   Thumb Code    12  rcc.o(i.afio_rcc_init)
    button_pressed                           0x080024d9   Thumb Code    30  buttons.o(i.button_pressed)
    delay                                    0x080024fd   Thumb Code    16  ticks.o(i.delay)
    gpio_exti_init                           0x08002511   Thumb Code   302  gpio.o(i.gpio_exti_init)
    main                                     0x08002719   Thumb Code   186  main.o(i.main)
    oled_clear                               0x08002809   Thumb Code    32  oled.o(i.oled_clear)
    oled_init                                0x08002829   Thumb Code   204  oled.o(i.oled_init)
    rcc_init                                 0x08002901   Thumb Code    48  rcc.o(i.rcc_init)
    reset_send_signal                        0x08002959   Thumb Code    12  ultrasonic.o(i.reset_send_signal)
    setReceive_listener                      0x08002969   Thumb Code     6  ultrasonic.o(i.setReceive_listener)
    set_cycle                                0x08002975   Thumb Code    86  ultrasonic.o(i.set_cycle)
    set_send_signal                          0x08002a05   Thumb Code    12  ultrasonic.o(i.set_send_signal)
    spi_init                                 0x08002a15   Thumb Code   536  spi.o(i.spi_init)
    spi_rcc_init                             0x08002cc1   Thumb Code    52  rcc.o(i.spi_rcc_init)
    spi_tx                                   0x08002d01   Thumb Code    30  spi.o(i.spi_tx)
    tft_clear                                0x08002dfd   Thumb Code    32  lcd_main.o(i.tft_clear)
    tft_clear_line                           0x08002e25   Thumb Code   120  lcd_main.o(i.tft_clear_line)
    tft_enable                               0x08002f21   Thumb Code     8  lcd_main.o(i.tft_enable)
    tft_fill_color                           0x08002f2d   Thumb Code    66  lcd_main.o(i.tft_fill_color)
    tft_init                                 0x08002fa5   Thumb Code   202  lcd_main.o(i.tft_init)
    tft_prints                               0x08003091   Thumb Code    66  lcd_main.o(i.tft_prints)
    tft_reset                                0x080030dd   Thumb Code    28  lcd_main.o(i.tft_reset)
    tft_set_bg_color                         0x080030fd   Thumb Code     6  lcd_main.o(i.tft_set_bg_color)
    tft_set_highlight_color                  0x08003271   Thumb Code     6  lcd_main.o(i.tft_set_highlight_color)
    tft_set_region                           0x0800327d   Thumb Code   152  lcd_main.o(i.tft_set_region)
    tft_set_special_color                    0x08003321   Thumb Code     6  lcd_main.o(i.tft_set_special_color)
    tft_set_text_color                       0x0800332d   Thumb Code     6  lcd_main.o(i.tft_set_text_color)
    tft_spi_init                             0x08003339   Thumb Code    40  lcd_main.o(i.tft_spi_init)
    tft_update                               0x0800336d   Thumb Code   340  lcd_main.o(i.tft_update)
    tft_write_color                          0x080034e5   Thumb Code    18  lcd_main.o(i.tft_write_color)
    ticks_init                               0x08003531   Thumb Code   116  ticks.o(i.ticks_init)
    us_init                                  0x08003605   Thumb Code    20  ultrasonic.o(i.us_init)
    _get_lc_numeric                          0x08003679   Thumb Code    44  lc_numeric_c.o(locale$$code)
    _get_lc_ctype                            0x080036a5   Thumb Code    44  lc_ctype_c.o(locale$$code)
    _printf_fp_dec                           0x080036d1   Thumb Code     4  printf1.o(x$fpl$printf1)
    _printf_fp_hex                           0x080036d5   Thumb Code     4  printf2.o(x$fpl$printf2)
    __I$use$fp                               0x080036d8   Number         0  usenofp.o(x$fpl$usenofp)
    tft_init_code                            0x08003738   Data         113  lcd_main.o(.constdata)
    tft_orientation_init_code                0x080037a9   Data           4  lcd_main.o(.constdata)
    cycle                                    0x08003d18   Data           4  main.o(.constdata)
    Region$$Table$$Base                      0x08003e18   Number         0  anon$$obj.o(Region$$Table)
    Region$$Table$$Limit                     0x08003e38   Number         0  anon$$obj.o(Region$$Table)
    __ctype                                  0x08003e61   Data           0  lc_ctype_c.o(locale$$data)
    SystemCoreClock                          0x20000000   Data           4  system_stm32f10x.o(.data)
    AHBPrescTable                            0x20000004   Data          16  system_stm32f10x.o(.data)
    msec                                     0x20000014   Data           4  ticks.o(.data)
    delay_time                               0x20000018   Data           4  ticks.o(.data)
    tick_tock                                0x2000001c   Data           1  ticks.o(.data)
    UARTPort1                                0x20000050   Data          24  uart.o(.data)
    UARTPort3                                0x20000068   Data          24  uart.o(.data)
    TFT_SPI                                  0x20000080   Data          28  spi.o(.data)
    ascii_8x16                               0x2000009c   Data        1536  lcd_main.o(.data)
    curr_bg_color                            0x2000069c   Data           2  lcd_main.o(.data)
    curr_highlight_color                     0x2000069e   Data           2  lcd_main.o(.data)
    curr_text_color                          0x200006a0   Data           2  lcd_main.o(.data)
    curr_text_color_sp                       0x200006a2   Data           2  lcd_main.o(.data)
    tft_orientation                          0x200006a6   Data           1  lcd_main.o(.data)
    tft_enabled                              0x200006a7   Data           1  lcd_main.o(.data)
    tft_y_index                              0x200006a8   Data           2  lcd_main.o(.data)
    tft_x_index                              0x200006aa   Data           2  lcd_main.o(.data)
    char_max_x                               0x200006ac   Data           1  lcd_main.o(.data)
    char_max_y                               0x200006ad   Data           1  lcd_main.o(.data)
    cur_screen                               0x200006ae   Data           1  lcd_main.o(.data)
    next_screen                              0x200006af   Data           1  lcd_main.o(.data)
    pointer_to_curr_screen                   0x200006b0   Data           1  lcd_main.o(.data)
    cameraConfigLength                       0x2000074b   Data           1  camera.o(.data)
    imageType                                0x2000074c   Data           1  camera.o(.data)
    camState                                 0x2000074d   Data           1  camera.o(.data)
    NO_OF_ADC_PORTS                          0x20000750   Data           1  adc.o(.data)
    ADC_CH1                                  0x20000754   Data           8  adc.o(.data)
    ADC_CH2                                  0x2000075c   Data           8  adc.o(.data)
    ADC_CH3                                  0x20000764   Data           8  adc.o(.data)
    ADC_CH4                                  0x2000076c   Data           8  adc.o(.data)
    ADC_CH5                                  0x20000774   Data           8  adc.o(.data)
    ADC_CH6                                  0x2000077c   Data           8  adc.o(.data)
    ADC_CH7                                  0x20000784   Data           8  adc.o(.data)
    ADC_CH8                                  0x2000078c   Data           8  adc.o(.data)
    ADC_TEMP                                 0x20000794   Data           8  adc.o(.data)
    ADC_VREF                                 0x2000079c   Data           8  adc.o(.data)
    TOTAL                                    0x200007c8   Data           4  main.o(.data)
    text_buf                                 0x200007d8   Data         400  lcd_main.o(.bss)
    text_color_buf                           0x20000968   Data         800  lcd_main.o(.bss)
    bg_color_buf                             0x20000c88   Data         800  lcd_main.o(.bss)
    __libspace_start                         0x20001008   Data          96  libspace.o(.bss)
    __temporary_stack_top$libspace           0x20001068   Data           0  libspace.o(.bss)



==============================================================================

Memory Map of the image

  Image Entry point : 0x080000ed

  Load Region LR_IROM1 (Base: 0x08000000, Size: 0x0000473c, Max: 0x00080000, ABSOLUTE, COMPRESSED[0x00004330])

    Execution Region ER_IROM1 (Exec base: 0x08000000, Load base: 0x08000000, Size: 0x00003f64, Max: 0x00080000, ABSOLUTE)

    Exec Addr    Load Addr    Size         Type   Attr      Idx    E Section Name        Object

    0x08000000   0x08000000   0x000000ec   Data   RO            3    RESET               startup_stm32f10x_md.o
    0x080000ec   0x080000ec   0x00000008   Code   RO         5143  * !!!main             c_w.l(__main.o)
    0x080000f4   0x080000f4   0x00000034   Code   RO         5488    !!!scatter          c_w.l(__scatter.o)
    0x08000128   0x08000128   0x0000005a   Code   RO         5486    !!dczerorl2         c_w.l(__dczerorl2.o)
    0x08000182   0x08000182   0x00000002   PAD
    0x08000184   0x08000184   0x0000001c   Code   RO         5490    !!handler_zi        c_w.l(__scatter_zi.o)
    0x080001a0   0x080001a0   0x00000000   Code   RO         5241    .ARM.Collect$$_printf_percent$$00000000  c_w.l(_printf_percent.o)
    0x080001a0   0x080001a0   0x00000006   Code   RO         5230    .ARM.Collect$$_printf_percent$$00000001  c_w.l(_printf_n.o)
    0x080001a6   0x080001a6   0x00000006   Code   RO         5232    .ARM.Collect$$_printf_percent$$00000002  c_w.l(_printf_p.o)
    0x080001ac   0x080001ac   0x00000006   Code   RO         5237    .ARM.Collect$$_printf_percent$$00000003  c_w.l(_printf_f.o)
    0x080001b2   0x080001b2   0x00000006   Code   RO         5238    .ARM.Collect$$_printf_percent$$00000004  c_w.l(_printf_e.o)
    0x080001b8   0x080001b8   0x00000006   Code   RO         5239    .ARM.Collect$$_printf_percent$$00000005  c_w.l(_printf_g.o)
    0x080001be   0x080001be   0x00000006   Code   RO         5240    .ARM.Collect$$_printf_percent$$00000006  c_w.l(_printf_a.o)
    0x080001c4   0x080001c4   0x0000000a   Code   RO         5245    .ARM.Collect$$_printf_percent$$00000007  c_w.l(_printf_ll.o)
    0x080001ce   0x080001ce   0x00000006   Code   RO         5234    .ARM.Collect$$_printf_percent$$00000008  c_w.l(_printf_i.o)
    0x080001d4   0x080001d4   0x00000006   Code   RO         5235    .ARM.Collect$$_printf_percent$$00000009  c_w.l(_printf_d.o)
    0x080001da   0x080001da   0x00000006   Code   RO         5236    .ARM.Collect$$_printf_percent$$0000000A  c_w.l(_printf_u.o)
    0x080001e0   0x080001e0   0x00000006   Code   RO         5233    .ARM.Collect$$_printf_percent$$0000000B  c_w.l(_printf_o.o)
    0x080001e6   0x080001e6   0x00000006   Code   RO         5231    .ARM.Collect$$_printf_percent$$0000000C  c_w.l(_printf_x.o)
    0x080001ec   0x080001ec   0x00000006   Code   RO         5242    .ARM.Collect$$_printf_percent$$0000000D  c_w.l(_printf_lli.o)
    0x080001f2   0x080001f2   0x00000006   Code   RO         5243    .ARM.Collect$$_printf_percent$$0000000E  c_w.l(_printf_lld.o)
    0x080001f8   0x080001f8   0x00000006   Code   RO         5244    .ARM.Collect$$_printf_percent$$0000000F  c_w.l(_printf_llu.o)
    0x080001fe   0x080001fe   0x00000006   Code   RO         5249    .ARM.Collect$$_printf_percent$$00000010  c_w.l(_printf_llo.o)
    0x08000204   0x08000204   0x00000006   Code   RO         5250    .ARM.Collect$$_printf_percent$$00000011  c_w.l(_printf_llx.o)
    0x0800020a   0x0800020a   0x0000000a   Code   RO         5246    .ARM.Collect$$_printf_percent$$00000012  c_w.l(_printf_l.o)
    0x08000214   0x08000214   0x00000006   Code   RO         5228    .ARM.Collect$$_printf_percent$$00000013  c_w.l(_printf_c.o)
    0x0800021a   0x0800021a   0x00000006   Code   RO         5229    .ARM.Collect$$_printf_percent$$00000014  c_w.l(_printf_s.o)
    0x08000220   0x08000220   0x00000006   Code   RO         5247    .ARM.Collect$$_printf_percent$$00000015  c_w.l(_printf_lc.o)
    0x08000226   0x08000226   0x00000006   Code   RO         5248    .ARM.Collect$$_printf_percent$$00000016  c_w.l(_printf_ls.o)
    0x0800022c   0x0800022c   0x00000004   Code   RO         5294    .ARM.Collect$$_printf_percent$$00000017  c_w.l(_printf_percent_end.o)
    0x08000230   0x08000230   0x00000002   Code   RO         5347    .ARM.Collect$$libinit$$00000000  c_w.l(libinit.o)
    0x08000232   0x08000232   0x00000000   Code   RO         5369    .ARM.Collect$$libinit$$00000002  c_w.l(libinit2.o)
    0x08000232   0x08000232   0x00000000   Code   RO         5371    .ARM.Collect$$libinit$$00000004  c_w.l(libinit2.o)
    0x08000232   0x08000232   0x00000000   Code   RO         5374    .ARM.Collect$$libinit$$0000000A  c_w.l(libinit2.o)
    0x08000232   0x08000232   0x00000000   Code   RO         5376    .ARM.Collect$$libinit$$0000000C  c_w.l(libinit2.o)
    0x08000232   0x08000232   0x00000000   Code   RO         5378    .ARM.Collect$$libinit$$0000000E  c_w.l(libinit2.o)
    0x08000232   0x08000232   0x00000006   Code   RO         5379    .ARM.Collect$$libinit$$0000000F  c_w.l(libinit2.o)
    0x08000238   0x08000238   0x00000000   Code   RO         5381    .ARM.Collect$$libinit$$00000011  c_w.l(libinit2.o)
    0x08000238   0x08000238   0x0000000c   Code   RO         5382    .ARM.Collect$$libinit$$00000012  c_w.l(libinit2.o)
    0x08000244   0x08000244   0x00000000   Code   RO         5383    .ARM.Collect$$libinit$$00000013  c_w.l(libinit2.o)
    0x08000244   0x08000244   0x00000000   Code   RO         5385    .ARM.Collect$$libinit$$00000015  c_w.l(libinit2.o)
    0x08000244   0x08000244   0x0000000a   Code   RO         5386    .ARM.Collect$$libinit$$00000016  c_w.l(libinit2.o)
    0x0800024e   0x0800024e   0x00000000   Code   RO         5387    .ARM.Collect$$libinit$$00000017  c_w.l(libinit2.o)
    0x0800024e   0x0800024e   0x00000000   Code   RO         5389    .ARM.Collect$$libinit$$00000019  c_w.l(libinit2.o)
    0x0800024e   0x0800024e   0x00000000   Code   RO         5391    .ARM.Collect$$libinit$$0000001B  c_w.l(libinit2.o)
    0x0800024e   0x0800024e   0x00000000   Code   RO         5393    .ARM.Collect$$libinit$$0000001D  c_w.l(libinit2.o)
    0x0800024e   0x0800024e   0x00000000   Code   RO         5395    .ARM.Collect$$libinit$$0000001F  c_w.l(libinit2.o)
    0x0800024e   0x0800024e   0x00000000   Code   RO         5397    .ARM.Collect$$libinit$$00000021  c_w.l(libinit2.o)
    0x0800024e   0x0800024e   0x00000000   Code   RO         5399    .ARM.Collect$$libinit$$00000023  c_w.l(libinit2.o)
    0x0800024e   0x0800024e   0x00000000   Code   RO         5401    .ARM.Collect$$libinit$$00000025  c_w.l(libinit2.o)
    0x0800024e   0x0800024e   0x00000000   Code   RO         5405    .ARM.Collect$$libinit$$0000002C  c_w.l(libinit2.o)
    0x0800024e   0x0800024e   0x00000000   Code   RO         5407    .ARM.Collect$$libinit$$0000002E  c_w.l(libinit2.o)
    0x0800024e   0x0800024e   0x00000000   Code   RO         5409    .ARM.Collect$$libinit$$00000030  c_w.l(libinit2.o)
    0x0800024e   0x0800024e   0x00000000   Code   RO         5411    .ARM.Collect$$libinit$$00000032  c_w.l(libinit2.o)
    0x0800024e   0x0800024e   0x00000002   Code   RO         5412    .ARM.Collect$$libinit$$00000033  c_w.l(libinit2.o)
    0x08000250   0x08000250   0x00000002   Code   RO         5443    .ARM.Collect$$libshutdown$$00000000  c_w.l(libshutdown.o)
    0x08000252   0x08000252   0x00000000   Code   RO         5469    .ARM.Collect$$libshutdown$$00000002  c_w.l(libshutdown2.o)
    0x08000252   0x08000252   0x00000000   Code   RO         5471    .ARM.Collect$$libshutdown$$00000004  c_w.l(libshutdown2.o)
    0x08000252   0x08000252   0x00000000   Code   RO         5474    .ARM.Collect$$libshutdown$$00000007  c_w.l(libshutdown2.o)
    0x08000252   0x08000252   0x00000000   Code   RO         5477    .ARM.Collect$$libshutdown$$0000000A  c_w.l(libshutdown2.o)
    0x08000252   0x08000252   0x00000000   Code   RO         5479    .ARM.Collect$$libshutdown$$0000000C  c_w.l(libshutdown2.o)
    0x08000252   0x08000252   0x00000000   Code   RO         5482    .ARM.Collect$$libshutdown$$0000000F  c_w.l(libshutdown2.o)
    0x08000252   0x08000252   0x00000002   Code   RO         5483    .ARM.Collect$$libshutdown$$00000010  c_w.l(libshutdown2.o)
    0x08000254   0x08000254   0x00000000   Code   RO         5155    .ARM.Collect$$rtentry$$00000000  c_w.l(__rtentry.o)
    0x08000254   0x08000254   0x00000000   Code   RO         5263    .ARM.Collect$$rtentry$$00000002  c_w.l(__rtentry2.o)
    0x08000254   0x08000254   0x00000006   Code   RO         5275    .ARM.Collect$$rtentry$$00000004  c_w.l(__rtentry4.o)
    0x0800025a   0x0800025a   0x00000000   Code   RO         5265    .ARM.Collect$$rtentry$$00000009  c_w.l(__rtentry2.o)
    0x0800025a   0x0800025a   0x00000004   Code   RO         5266    .ARM.Collect$$rtentry$$0000000A  c_w.l(__rtentry2.o)
    0x0800025e   0x0800025e   0x00000000   Code   RO         5268    .ARM.Collect$$rtentry$$0000000C  c_w.l(__rtentry2.o)
    0x0800025e   0x0800025e   0x00000008   Code   RO         5269    .ARM.Collect$$rtentry$$0000000D  c_w.l(__rtentry2.o)
    0x08000266   0x08000266   0x00000002   Code   RO         5355    .ARM.Collect$$rtexit$$00000000  c_w.l(rtexit.o)
    0x08000268   0x08000268   0x00000000   Code   RO         5416    .ARM.Collect$$rtexit$$00000002  c_w.l(rtexit2.o)
    0x08000268   0x08000268   0x00000004   Code   RO         5417    .ARM.Collect$$rtexit$$00000003  c_w.l(rtexit2.o)
    0x0800026c   0x0800026c   0x00000006   Code   RO         5418    .ARM.Collect$$rtexit$$00000004  c_w.l(rtexit2.o)
    0x08000272   0x08000272   0x00000002   PAD
    0x08000274   0x08000274   0x00000040   Code   RO            4    .text               startup_stm32f10x_md.o
    0x080002b4   0x080002b4   0x00000024   Code   RO         5139    .text               c_w.l(vsprintf.o)
    0x080002d8   0x080002d8   0x00000006   Code   RO         5141    .text               c_w.l(heapauxi.o)
    0x080002de   0x080002de   0x0000004e   Code   RO         5162    .text               c_w.l(_printf_pad.o)
    0x0800032c   0x0800032c   0x00000024   Code   RO         5164    .text               c_w.l(_printf_truncate.o)
    0x08000350   0x08000350   0x00000052   Code   RO         5166    .text               c_w.l(_printf_str.o)
    0x080003a2   0x080003a2   0x00000002   PAD
    0x080003a4   0x080003a4   0x00000078   Code   RO         5168    .text               c_w.l(_printf_dec.o)
    0x0800041c   0x0800041c   0x00000028   Code   RO         5170    .text               c_w.l(_printf_charcount.o)
    0x08000444   0x08000444   0x00000030   Code   RO         5172    .text               c_w.l(_printf_char_common.o)
    0x08000474   0x08000474   0x0000000a   Code   RO         5174    .text               c_w.l(_sputc.o)
    0x0800047e   0x0800047e   0x00000002   PAD
    0x08000480   0x08000480   0x000000bc   Code   RO         5176    .text               c_w.l(_printf_wctomb.o)
    0x0800053c   0x0800053c   0x0000007c   Code   RO         5179    .text               c_w.l(_printf_longlong_dec.o)
    0x080005b8   0x080005b8   0x00000070   Code   RO         5185    .text               c_w.l(_printf_oct_int_ll.o)
    0x08000628   0x08000628   0x00000094   Code   RO         5205    .text               c_w.l(_printf_hex_int_ll_ptr.o)
    0x080006bc   0x080006bc   0x00000188   Code   RO         5225    .text               c_w.l(__printf_flags_ss_wp.o)
    0x08000844   0x08000844   0x0000008a   Code   RO         5279    .text               c_w.l(lludiv10.o)
    0x080008ce   0x080008ce   0x000000b2   Code   RO         5281    .text               c_w.l(_printf_intcommon.o)
    0x08000980   0x08000980   0x0000041e   Code   RO         5283    .text               c_w.l(_printf_fp_dec.o)
    0x08000d9e   0x08000d9e   0x00000002   PAD
    0x08000da0   0x08000da0   0x000002fc   Code   RO         5285    .text               c_w.l(_printf_fp_hex.o)
    0x0800109c   0x0800109c   0x0000002c   Code   RO         5290    .text               c_w.l(_printf_char.o)
    0x080010c8   0x080010c8   0x0000002c   Code   RO         5292    .text               c_w.l(_printf_wchar.o)
    0x080010f4   0x080010f4   0x00000040   Code   RO         5295    .text               c_w.l(_wcrtomb.o)
    0x08001134   0x08001134   0x0000004a   Code   RO         5297    .text               c_w.l(sys_stackheap_outer.o)
    0x0800117e   0x0800117e   0x00000002   PAD
    0x08001180   0x08001180   0x00000010   Code   RO         5299    .text               c_w.l(rt_ctype_table.o)
    0x08001190   0x08001190   0x00000008   Code   RO         5304    .text               c_w.l(rt_locale_intlibspace.o)
    0x08001198   0x08001198   0x00000080   Code   RO         5306    .text               c_w.l(_printf_fp_infnan.o)
    0x08001218   0x08001218   0x000000e4   Code   RO         5308    .text               c_w.l(bigflt0.o)
    0x080012fc   0x080012fc   0x00000012   Code   RO         5336    .text               c_w.l(exit.o)
    0x0800130e   0x0800130e   0x00000002   PAD
    0x08001310   0x08001310   0x00000008   Code   RO         5352    .text               c_w.l(libspace.o)
    0x08001318   0x08001318   0x00000080   Code   RO         5366    .text               c_w.l(strcmpv7m.o)
    0x08001398   0x08001398   0x0000000c   Code   RO         5413    .text               c_w.l(sys_exit.o)
    0x080013a4   0x080013a4   0x00000002   Code   RO         5432    .text               c_w.l(use_no_semi.o)
    0x080013a6   0x080013a6   0x00000000   Code   RO         5434    .text               c_w.l(indicate_semi.o)
    0x080013a6   0x080013a6   0x0000003e   Code   RO         5311    CL$$btod_d2e        c_w.l(btod.o)
    0x080013e4   0x080013e4   0x00000046   Code   RO         5313    CL$$btod_d2e_denorm_low  c_w.l(btod.o)
    0x0800142a   0x0800142a   0x00000060   Code   RO         5312    CL$$btod_d2e_norm_op1  c_w.l(btod.o)
    0x0800148a   0x0800148a   0x00000338   Code   RO         5321    CL$$btod_div_common  c_w.l(btod.o)
    0x080017c2   0x080017c2   0x000000dc   Code   RO         5318    CL$$btod_e2e        c_w.l(btod.o)
    0x0800189e   0x0800189e   0x0000002a   Code   RO         5315    CL$$btod_ediv       c_w.l(btod.o)
    0x080018c8   0x080018c8   0x0000002a   Code   RO         5314    CL$$btod_emul       c_w.l(btod.o)
    0x080018f2   0x080018f2   0x00000244   Code   RO         5320    CL$$btod_mult_common  c_w.l(btod.o)
    0x08001b36   0x08001b36   0x00000002   PAD
    0x08001b38   0x08001b38   0x00000040   Code   RO         4467    i.ADC1_2_IRQHandler  adc.o
    0x08001b78   0x08001b78   0x0000000a   Code   RO          120    i.ADC_ClearITPendingBit  stm32f10x_adc.o
    0x08001b82   0x08001b82   0x00000008   Code   RO          130    i.ADC_GetConversionValue  stm32f10x_adc.o
    0x08001b8a   0x08001b8a   0x00000024   Code   RO          133    i.ADC_GetITStatus   stm32f10x_adc.o
    0x08001bae   0x08001bae   0x00000002   PAD
    0x08001bb0   0x08001bb0   0x00000020   Code   RO         4468    i.DMA1_Channel1_IRQHandler  adc.o
    0x08001bd0   0x08001bd0   0x0000001c   Code   RO          910    i.DMA_ClearITPendingBit  stm32f10x_dma.o
    0x08001bec   0x08001bec   0x0000002c   Code   RO          915    i.DMA_GetITStatus   stm32f10x_dma.o
    0x08001c18   0x08001c18   0x00000002   Code   RO         3555    i.EXTI10_IRQHandler  gpio.o
    0x08001c1a   0x08001c1a   0x00000002   Code   RO         3556    i.EXTI11_IRQHandler  gpio.o
    0x08001c1c   0x08001c1c   0x0000004c   Code   RO         4302    i.EXTI12_IRQHandler  camera.o
    0x08001c68   0x08001c68   0x0000000a   Code   RO         3712    i.EXTI13_IRQHandler  buttons.o
    0x08001c72   0x08001c72   0x0000000a   Code   RO         3713    i.EXTI14_IRQHandler  buttons.o
    0x08001c7c   0x08001c7c   0x00000060   Code   RO         3560    i.EXTI15_10_IRQHandler  gpio.o
    0x08001cdc   0x08001cdc   0x0000000a   Code   RO         3714    i.EXTI15_IRQHandler  buttons.o
    0x08001ce6   0x08001ce6   0x00000002   Code   RO         3562    i.EXTI5_IRQHandler  gpio.o
    0x08001ce8   0x08001ce8   0x00000002   Code   RO         3563    i.EXTI6_IRQHandler  gpio.o
    0x08001cea   0x08001cea   0x00000002   PAD
    0x08001cec   0x08001cec   0x00000030   Code   RO         4888    i.EXTI7_IRQHandler  main.o
    0x08001d1c   0x08001d1c   0x00000002   Code   RO         3565    i.EXTI8_IRQHandler  gpio.o
    0x08001d1e   0x08001d1e   0x00000002   PAD
    0x08001d20   0x08001d20   0x0000009c   Code   RO         3566    i.EXTI9_5_IRQHandler  gpio.o
    0x08001dbc   0x08001dbc   0x00000002   Code   RO         3567    i.EXTI9_IRQHandler  gpio.o
    0x08001dbe   0x08001dbe   0x00000002   PAD
    0x08001dc0   0x08001dc0   0x0000000c   Code   RO          994    i.EXTI_ClearITPendingBit  stm32f10x_exti.o
    0x08001dcc   0x08001dcc   0x00000094   Code   RO          999    i.EXTI_Init         stm32f10x_exti.o
    0x08001e60   0x08001e60   0x0000000c   Code   RO         4889    i.EchoPrint         main.o
    0x08001e6c   0x08001e6c   0x00000040   Code   RO         1380    i.GPIO_EXTILineConfig  stm32f10x_gpio.o
    0x08001eac   0x08001eac   0x00000116   Code   RO         1383    i.GPIO_Init         stm32f10x_gpio.o
    0x08001fc2   0x08001fc2   0x00000002   PAD
    0x08001fc4   0x08001fc4   0x00000090   Code   RO         1385    i.GPIO_PinRemapConfig  stm32f10x_gpio.o
    0x08002054   0x08002054   0x00000012   Code   RO         1387    i.GPIO_ReadInputDataBit  stm32f10x_gpio.o
    0x08002066   0x08002066   0x00000004   Code   RO         1390    i.GPIO_ResetBits    stm32f10x_gpio.o
    0x0800206a   0x0800206a   0x00000004   Code   RO         1391    i.GPIO_SetBits      stm32f10x_gpio.o
    0x0800206e   0x0800206e   0x00000002   PAD
    0x08002070   0x08002070   0x00000070   Code   RO           13    i.NVIC_Init         misc.o
    0x080020e0   0x080020e0   0x00000014   Code   RO           14    i.NVIC_PriorityGroupConfig  misc.o
    0x080020f4   0x080020f4   0x00000020   Code   RO         1856    i.RCC_APB1PeriphClockCmd  stm32f10x_rcc.o
    0x08002114   0x08002114   0x00000020   Code   RO         1858    i.RCC_APB2PeriphClockCmd  stm32f10x_rcc.o
    0x08002134   0x08002134   0x00000010   Code   RO         3961    i.SPI2_IRQHandler   spi.o
    0x08002144   0x08002144   0x00000018   Code   RO         2376    i.SPI_CalculateCRC  stm32f10x_spi.o
    0x0800215c   0x0800215c   0x00000018   Code   RO         2377    i.SPI_Cmd           stm32f10x_spi.o
    0x08002174   0x08002174   0x00000014   Code   RO         2382    i.SPI_I2S_ClearITPendingBit  stm32f10x_spi.o
    0x08002188   0x08002188   0x00000012   Code   RO         2385    i.SPI_I2S_GetFlagStatus  stm32f10x_spi.o
    0x0800219a   0x0800219a   0x00000034   Code   RO         2386    i.SPI_I2S_GetITStatus  stm32f10x_spi.o
    0x080021ce   0x080021ce   0x00000006   Code   RO         2388    i.SPI_I2S_ReceiveData  stm32f10x_spi.o
    0x080021d4   0x080021d4   0x00000004   Code   RO         2389    i.SPI_I2S_SendData  stm32f10x_spi.o
    0x080021d8   0x080021d8   0x0000003c   Code   RO         2390    i.SPI_Init          stm32f10x_spi.o
    0x08002214   0x08002214   0x00000018   Code   RO         2392    i.SPI_SSOutputCmd   stm32f10x_spi.o
    0x0800222c   0x0800222c   0x00000008   Code   RO         3352    i.SetSysClock       system_stm32f10x.o
    0x08002234   0x08002234   0x000000e0   Code   RO         3353    i.SetSysClockTo72   system_stm32f10x.o
    0x08002314   0x08002314   0x00000028   Code   RO         3398    i.SysTick_Handler   ticks.o
    0x0800233c   0x0800233c   0x00000060   Code   RO         3355    i.SystemInit        system_stm32f10x.o
    0x0800239c   0x0800239c   0x00000010   Code   RO         3854    i.USART1_IRQHandler  uart.o
    0x080023ac   0x080023ac   0x00000010   Code   RO         3855    i.USART3_IRQHandler  uart.o
    0x080023bc   0x080023bc   0x0000001e   Code   RO         3092    i.USART_ClearITPendingBit  stm32f10x_usart.o
    0x080023da   0x080023da   0x00000054   Code   RO         3099    i.USART_GetITStatus  stm32f10x_usart.o
    0x0800242e   0x0800242e   0x0000000a   Code   RO         3109    i.USART_ReceiveData  stm32f10x_usart.o
    0x08002438   0x08002438   0x00000028   Code   RO         5350    i.__ARM_fpclassify  m_ws.l(fpclassify.o)
    0x08002460   0x08002460   0x0000005c   Code   RO         3715    i.__button_update   buttons.o
    0x080024bc   0x080024bc   0x0000000e   Code   RO         5218    i._is_digit         c_w.l(__printf_wp.o)
    0x080024ca   0x080024ca   0x0000000c   Code   RO         4537    i.afio_rcc_init     rcc.o
    0x080024d6   0x080024d6   0x00000002   PAD
    0x080024d8   0x080024d8   0x00000024   Code   RO         3716    i.button_pressed    buttons.o
    0x080024fc   0x080024fc   0x00000014   Code   RO         3399    i.delay             ticks.o
    0x08002510   0x08002510   0x00000134   Code   RO         3568    i.gpio_exti_init    gpio.o
    0x08002644   0x08002644   0x00000020   Code   RO         3962    i.gpio_init         spi.o
    0x08002664   0x08002664   0x00000020   Code   RO         4077    i.gpio_init         lcd_main.o
    0x08002684   0x08002684   0x00000020   Code   RO         4681    i.gpio_init         oled.o
    0x080026a4   0x080026a4   0x00000020   Code   RO         4816    i.gpio_init         ultrasonic.o
    0x080026c4   0x080026c4   0x0000000e   Code   RO         4078    i.gpio_reset        lcd_main.o
    0x080026d2   0x080026d2   0x0000000e   Code   RO         4682    i.gpio_reset        oled.o
    0x080026e0   0x080026e0   0x0000000e   Code   RO         4079    i.gpio_set          lcd_main.o
    0x080026ee   0x080026ee   0x0000000e   Code   RO         4683    i.gpio_set          oled.o
    0x080026fc   0x080026fc   0x0000001c   Code   RO         4817    i.gpio_write        ultrasonic.o
    0x08002718   0x08002718   0x000000f0   Code   RO         4890    i.main              main.o
    0x08002808   0x08002808   0x00000020   Code   RO         4684    i.oled_clear        oled.o
    0x08002828   0x08002828   0x000000d8   Code   RO         4686    i.oled_init         oled.o
    0x08002900   0x08002900   0x00000030   Code   RO         4540    i.rcc_init          rcc.o
    0x08002930   0x08002930   0x00000028   Code   RO         4695    i.reset             oled.o
    0x08002958   0x08002958   0x00000010   Code   RO         4818    i.reset_send_signal  ultrasonic.o
    0x08002968   0x08002968   0x0000000c   Code   RO         4819    i.setReceive_listener  ultrasonic.o
    0x08002974   0x08002974   0x00000060   Code   RO         4820    i.set_cycle         ultrasonic.o
    0x080029d4   0x080029d4   0x00000030   Code   RO         4696    i.set_region        oled.o
    0x08002a04   0x08002a04   0x00000010   Code   RO         4821    i.set_send_signal   ultrasonic.o
    0x08002a14   0x08002a14   0x00000264   Code   RO         3964    i.spi_init          spi.o
    0x08002c78   0x08002c78   0x00000048   Code   RO         3965    i.spi_irq_handler   spi.o
    0x08002cc0   0x08002cc0   0x00000040   Code   RO         4541    i.spi_rcc_init      rcc.o
    0x08002d00   0x08002d00   0x0000001e   Code   RO         3975    i.spi_tx            spi.o
    0x08002d1e   0x08002d1e   0x00000002   PAD
    0x08002d20   0x08002d20   0x000000dc   Code   RO         4080    i.tft_char_is_changed  lcd_main.o
    0x08002dfc   0x08002dfc   0x00000028   Code   RO         4081    i.tft_clear         lcd_main.o
    0x08002e24   0x08002e24   0x00000094   Code   RO         4082    i.tft_clear_line    lcd_main.o
    0x08002eb8   0x08002eb8   0x00000068   Code   RO         4083    i.tft_config        lcd_main.o
    0x08002f20   0x08002f20   0x0000000c   Code   RO         4085    i.tft_enable        lcd_main.o
    0x08002f2c   0x08002f2c   0x00000048   Code   RO         4086    i.tft_fill_color    lcd_main.o
    0x08002f74   0x08002f74   0x00000030   Code   RO         4091    i.tft_incr_line     lcd_main.o
    0x08002fa4   0x08002fa4   0x000000ec   Code   RO         4092    i.tft_init          lcd_main.o
    0x08003090   0x08003090   0x0000004c   Code   RO         4095    i.tft_prints        lcd_main.o
    0x080030dc   0x080030dc   0x00000020   Code   RO         4097    i.tft_reset         lcd_main.o
    0x080030fc   0x080030fc   0x0000000c   Code   RO         4098    i.tft_set_bg_color  lcd_main.o
    0x08003108   0x08003108   0x00000168   Code   RO         4099    i.tft_set_buffer    lcd_main.o
    0x08003270   0x08003270   0x0000000c   Code   RO         4100    i.tft_set_highlight_color  lcd_main.o
    0x0800327c   0x0800327c   0x000000a4   Code   RO         4101    i.tft_set_region    lcd_main.o
    0x08003320   0x08003320   0x0000000c   Code   RO         4102    i.tft_set_special_color  lcd_main.o
    0x0800332c   0x0800332c   0x0000000c   Code   RO         4103    i.tft_set_text_color  lcd_main.o
    0x08003338   0x08003338   0x00000034   Code   RO         4104    i.tft_spi_init      lcd_main.o
    0x0800336c   0x0800336c   0x00000178   Code   RO         4105    i.tft_update        lcd_main.o
    0x080034e4   0x080034e4   0x00000012   Code   RO         4106    i.tft_write_color   lcd_main.o
    0x080034f6   0x080034f6   0x00000002   PAD
    0x080034f8   0x080034f8   0x0000001c   Code   RO         4107    i.tft_write_command  lcd_main.o
    0x08003514   0x08003514   0x0000001c   Code   RO         4108    i.tft_write_data    lcd_main.o
    0x08003530   0x08003530   0x00000084   Code   RO         3403    i.ticks_init        ticks.o
    0x080035b4   0x080035b4   0x0000004e   Code   RO         3859    i.uart_irq_handler  uart.o
    0x08003602   0x08003602   0x00000002   PAD
    0x08003604   0x08003604   0x0000001c   Code   RO         4822    i.us_init           ultrasonic.o
    0x08003620   0x08003620   0x0000002c   Code   RO         4698    i.write_command     oled.o
    0x0800364c   0x0800364c   0x0000002c   Code   RO         4699    i.write_data        oled.o
    0x08003678   0x08003678   0x0000002c   Code   RO         5334    locale$$code        c_w.l(lc_numeric_c.o)
    0x080036a4   0x080036a4   0x0000002c   Code   RO         5360    locale$$code        c_w.l(lc_ctype_c.o)
    0x080036d0   0x080036d0   0x00000004   Code   RO         5253    x$fpl$printf1       fz_ws.l(printf1.o)
    0x080036d4   0x080036d4   0x00000004   Code   RO         5255    x$fpl$printf2       fz_ws.l(printf2.o)
    0x080036d8   0x080036d8   0x00000000   Code   RO         5261    x$fpl$usenofp       fz_ws.l(usenofp.o)
    0x080036d8   0x080036d8   0x00000018   Data   RO         3724    .constdata          buttons.o
    0x080036f0   0x080036f0   0x00000020   Data   RO         3866    .constdata          uart.o
    0x08003710   0x08003710   0x00000018   Data   RO         3976    .constdata          spi.o
    0x08003728   0x08003728   0x00000085   Data   RO         4110    .constdata          lcd_main.o
    0x080037ad   0x080037ad   0x00000003   PAD
    0x080037b0   0x080037b0   0x00000040   Data   RO         4475    .constdata          adc.o
    0x080037f0   0x080037f0   0x00000510   Data   RO         4701    .constdata          oled.o
    0x08003d00   0x08003d00   0x00000010   Data   RO         4823    .constdata          ultrasonic.o
    0x08003d10   0x08003d10   0x0000000c   Data   RO         4891    .constdata          main.o
    0x08003d1c   0x08003d1c   0x00000008   Data   RO         5177    .constdata          c_w.l(_printf_wctomb.o)
    0x08003d24   0x08003d24   0x00000028   Data   RO         5206    .constdata          c_w.l(_printf_hex_int_ll_ptr.o)
    0x08003d4c   0x08003d4c   0x00000011   Data   RO         5226    .constdata          c_w.l(__printf_flags_ss_wp.o)
    0x08003d5d   0x08003d5d   0x00000026   Data   RO         5286    .constdata          c_w.l(_printf_fp_hex.o)
    0x08003d83   0x08003d83   0x00000001   PAD
    0x08003d84   0x08003d84   0x00000094   Data   RO         5309    .constdata          c_w.l(bigflt0.o)
    0x08003e18   0x08003e18   0x00000020   Data   RO         5484    Region$$Table       anon$$obj.o
    0x08003e38   0x08003e38   0x0000001c   Data   RO         5333    locale$$data        c_w.l(lc_numeric_c.o)
    0x08003e54   0x08003e54   0x00000110   Data   RO         5359    locale$$data        c_w.l(lc_ctype_c.o)


    Execution Region RW_IRAM1 (Exec base: 0x20000000, Load base: 0x08003f64, Size: 0x00001668, Max: 0x00010000, ABSOLUTE, COMPRESSED[0x000003cc])

    Exec Addr    Load Addr    Size         Type   Attr      Idx    E Section Name        Object

    0x20000000   COMPRESSED   0x00000014   Data   RW         3356    .data               system_stm32f10x.o
    0x20000014   COMPRESSED   0x00000009   Data   RW         3405    .data               ticks.o
    0x2000001d   COMPRESSED   0x00000003   PAD
    0x20000020   COMPRESSED   0x00000030   Data   RW         3725    .data               buttons.o
    0x20000050   COMPRESSED   0x00000030   Data   RW         3867    .data               uart.o
    0x20000080   COMPRESSED   0x0000001c   Data   RW         3977    .data               spi.o
    0x2000009c   COMPRESSED   0x00000615   Data   RW         4111    .data               lcd_main.o
    0x200006b1   COMPRESSED   0x0000009d   Data   RW         4326    .data               camera.o
    0x2000074e   COMPRESSED   0x00000002   PAD
    0x20000750   COMPRESSED   0x00000055   Data   RW         4476    .data               adc.o
    0x200007a5   COMPRESSED   0x00000003   PAD
    0x200007a8   COMPRESSED   0x00000014   Data   RW         4824    .data               ultrasonic.o
    0x200007bc   COMPRESSED   0x0000001c   Data   RW         4892    .data               main.o
    0x200007d8        -       0x000007d0   Zero   RW         4109    .bss                lcd_main.o
    0x20000fa8        -       0x00000060   Zero   RW         4474    .bss                adc.o
    0x20001008        -       0x00000060   Zero   RW         5353    .bss                c_w.l(libspace.o)
    0x20001068        -       0x00000200   Zero   RW            2    HEAP                startup_stm32f10x_md.o
    0x20001268        -       0x00000400   Zero   RW            1    STACK               startup_stm32f10x_md.o


==============================================================================

Image component sizes


      Code (inc. data)   RO Data    RW Data    ZI Data      Debug   Object Name

        96         16         64         85         96       3535   adc.o
       158         12         24         48          0       4417   buttons.o
        76         12          0        157          0       7723   camera.o
       572         14          0          0          0       5321   gpio.o
      2122        284        133       1557       2000      17416   lcd_main.o
       300         72         12         28          0       2816   main.o
       132         22          0          0          0     243903   misc.o
       484         38       1296          0          0       5197   oled.o
       124         12          0          0          0       1630   rcc.o
       762         82         24         28          0       4928   spi.o
        64         26        236          0       1536        832   startup_stm32f10x_md.o
        54          0          0          0          0      12731   stm32f10x_adc.o
        72         18          0          0          0       1066   stm32f10x_dma.o
       160         12          0          0          0       1397   stm32f10x_exti.o
       512         10          0          0          0       4868   stm32f10x_gpio.o
        64         12          0          0          0       1074   stm32f10x_rcc.o
       232          0          0          0          0       5917   stm32f10x_spi.o
       124          0          0          0          0       3226   stm32f10x_usart.o
       328         28          0         20          0       2145   system_stm32f10x.o
       192         32          0          9          0      27318   ticks.o
       110         12         32         48          0       4126   uart.o
       228         32         16         20          0       4910   ultrasonic.o

    ----------------------------------------------------------------------
      6986        746       1872       2008       3632     366496   Object Totals
         0          0         32          0          0          0   (incl. Generated)
        20          0          3          8          0          0   (incl. Padding)

    ----------------------------------------------------------------------

      Code (inc. data)   RO Data    RW Data    ZI Data      Debug   Library Member Name

        90          0          0          0          0          0   __dczerorl2.o
         8          0          0          0          0         68   __main.o
       392          4         17          0          0         92   __printf_flags_ss_wp.o
        14          0          0          0          0         68   __printf_wp.o
         0          0          0          0          0          0   __rtentry.o
        12          0          0          0          0          0   __rtentry2.o
         6          0          0          0          0          0   __rtentry4.o
        52          8          0          0          0          0   __scatter.o
        28          0          0          0          0          0   __scatter_zi.o
         6          0          0          0          0          0   _printf_a.o
         6          0          0          0          0          0   _printf_c.o
        44          0          0          0          0        108   _printf_char.o
        48          6          0          0          0         96   _printf_char_common.o
        40          0          0          0          0         68   _printf_charcount.o
         6          0          0          0          0          0   _printf_d.o
       120         16          0          0          0         92   _printf_dec.o
         6          0          0          0          0          0   _printf_e.o
         6          0          0          0          0          0   _printf_f.o
      1054          0          0          0          0        216   _printf_fp_dec.o
       764          8         38          0          0        100   _printf_fp_hex.o
       128         16          0          0          0         84   _printf_fp_infnan.o
         6          0          0          0          0          0   _printf_g.o
       148          4         40          0          0        160   _printf_hex_int_ll_ptr.o
         6          0          0          0          0          0   _printf_i.o
       178          0          0          0          0         88   _printf_intcommon.o
        10          0          0          0          0          0   _printf_l.o
         6          0          0          0          0          0   _printf_lc.o
        10          0          0          0          0          0   _printf_ll.o
         6          0          0          0          0          0   _printf_lld.o
         6          0          0          0          0          0   _printf_lli.o
         6          0          0          0          0          0   _printf_llo.o
         6          0          0          0          0          0   _printf_llu.o
         6          0          0          0          0          0   _printf_llx.o
       124         16          0          0          0         92   _printf_longlong_dec.o
         6          0          0          0          0          0   _printf_ls.o
         6          0          0          0          0          0   _printf_n.o
         6          0          0          0          0          0   _printf_o.o
       112         10          0          0          0        124   _printf_oct_int_ll.o
         6          0          0          0          0          0   _printf_p.o
        78          0          0          0          0        108   _printf_pad.o
         0          0          0          0          0          0   _printf_percent.o
         4          0          0          0          0          0   _printf_percent_end.o
         6          0          0          0          0          0   _printf_s.o
        82          0          0          0          0         80   _printf_str.o
        36          0          0          0          0         84   _printf_truncate.o
         6          0          0          0          0          0   _printf_u.o
        44          0          0          0          0        108   _printf_wchar.o
       188          6          8          0          0         92   _printf_wctomb.o
         6          0          0          0          0          0   _printf_x.o
        10          0          0          0          0         68   _sputc.o
        64          0          0          0          0         92   _wcrtomb.o
       228          4        148          0          0         96   bigflt0.o
      1936        128          0          0          0        672   btod.o
        18          0          0          0          0         80   exit.o
         6          0          0          0          0        152   heapauxi.o
         0          0          0          0          0          0   indicate_semi.o
        44         10        272          0          0         76   lc_ctype_c.o
        44         10         28          0          0         76   lc_numeric_c.o
         2          0          0          0          0          0   libinit.o
        30          0          0          0          0          0   libinit2.o
         2          0          0          0          0          0   libshutdown.o
         2          0          0          0          0          0   libshutdown2.o
         8          4          0          0         96         68   libspace.o
       138          0          0          0          0         80   lludiv10.o
        16          4          0          0          0         76   rt_ctype_table.o
         8          4          0          0          0         68   rt_locale_intlibspace.o
         2          0          0          0          0          0   rtexit.o
        10          0          0          0          0          0   rtexit2.o
       128          0          0          0          0         68   strcmpv7m.o
        12          4          0          0          0         68   sys_exit.o
        74          0          0          0          0         80   sys_stackheap_outer.o
         2          0          0          0          0         68   use_no_semi.o
        36          4          0          0          0         76   vsprintf.o
         4          0          0          0          0         68   printf1.o
         4          0          0          0          0         68   printf2.o
         0          0          0          0          0          0   usenofp.o
        40          0          0          0          0         68   fpclassify.o

    ----------------------------------------------------------------------
      6818        266        552          0         96       4096   Library Totals
        16          0          1          0          0          0   (incl. Padding)

    ----------------------------------------------------------------------

      Code (inc. data)   RO Data    RW Data    ZI Data      Debug   Library Name

      6754        266        551          0         96       3892   c_w.l
         8          0          0          0          0        136   fz_ws.l
        40          0          0          0          0         68   m_ws.l

    ----------------------------------------------------------------------
      6818        266        552          0         96       4096   Library Totals

    ----------------------------------------------------------------------

==============================================================================


      Code (inc. data)   RO Data    RW Data    ZI Data      Debug   

     13804       1012       2424       2008       3728     362996   Grand Totals
     13804       1012       2424        972       3728     362996   ELF Image Totals (compressed)
     13804       1012       2424        972          0          0   ROM Totals

==============================================================================

    Total RO  Size (Code + RO Data)                16228 (  15.85kB)
    Total RW  Size (RW Data + ZI Data)              5736 (   5.60kB)
    Total ROM Size (Code + RO Data + RW Data)      17200 (  16.80kB)

==============================================================================

