Component: ARM Compiler 5.06 update 6 (build 750) Tool: armlink [4d35ed]

==============================================================================

Section Cross References

    startup_stm32f10x_md.o(STACK) refers (Special) to heapauxi.o(.text) for __use_two_region_memory
    startup_stm32f10x_md.o(HEAP) refers (Special) to heapauxi.o(.text) for __use_two_region_memory
    startup_stm32f10x_md.o(RESET) refers (Special) to heapauxi.o(.text) for __use_two_region_memory
    startup_stm32f10x_md.o(RESET) refers to startup_stm32f10x_md.o(STACK) for __initial_sp
    startup_stm32f10x_md.o(RESET) refers to startup_stm32f10x_md.o(.text) for Reset_Handler
    startup_stm32f10x_md.o(RESET) refers to ticks.o(i.SysTick_Handler) for SysTick_Handler
    startup_stm32f10x_md.o(RESET) refers to adc.o(i.DMA1_Channel1_IRQHandler) for DMA1_Channel1_IRQHandler
    startup_stm32f10x_md.o(RESET) refers to adc.o(i.ADC1_2_IRQHandler) for ADC1_2_IRQHandler
    startup_stm32f10x_md.o(RESET) refers to spi.o(i.SPI2_IRQHandler) for SPI2_IRQHandler
    startup_stm32f10x_md.o(RESET) refers to uart.o(i.USART1_IRQHandler) for USART1_IRQHandler
    startup_stm32f10x_md.o(RESET) refers to uart.o(i.USART3_IRQHandler) for USART3_IRQHandler
    startup_stm32f10x_md.o(RESET) refers to camera.o(i.EXTI15_10_IRQHandler) for EXTI15_10_IRQHandler
    startup_stm32f10x_md.o(.text) refers (Special) to heapauxi.o(.text) for __use_two_region_memory
    startup_stm32f10x_md.o(.text) refers to system_stm32f10x.o(i.SystemInit) for SystemInit
    startup_stm32f10x_md.o(.text) refers to __main.o(!!!main) for __main
    startup_stm32f10x_md.o(.text) refers to startup_stm32f10x_md.o(HEAP) for Heap_Mem
    startup_stm32f10x_md.o(.text) refers to startup_stm32f10x_md.o(STACK) for Stack_Mem
    stm32f10x_adc.o(i.ADC_DeInit) refers to stm32f10x_rcc.o(i.RCC_APB2PeriphResetCmd) for RCC_APB2PeriphResetCmd
    stm32f10x_bkp.o(i.BKP_DeInit) refers to stm32f10x_rcc.o(i.RCC_BackupResetCmd) for RCC_BackupResetCmd
    stm32f10x_can.o(i.CAN_DeInit) refers to stm32f10x_rcc.o(i.RCC_APB1PeriphResetCmd) for RCC_APB1PeriphResetCmd
    stm32f10x_can.o(i.CAN_GetITStatus) refers to stm32f10x_can.o(i.CheckITStatus) for CheckITStatus
    stm32f10x_cec.o(i.CEC_DeInit) refers to stm32f10x_rcc.o(i.RCC_APB1PeriphResetCmd) for RCC_APB1PeriphResetCmd
    stm32f10x_dac.o(i.DAC_DeInit) refers to stm32f10x_rcc.o(i.RCC_APB1PeriphResetCmd) for RCC_APB1PeriphResetCmd
    stm32f10x_flash.o(i.FLASH_EnableWriteProtection) refers to stm32f10x_flash.o(i.FLASH_WaitForLastOperation) for FLASH_WaitForLastOperation
    stm32f10x_flash.o(i.FLASH_EraseAllBank1Pages) refers to stm32f10x_flash.o(i.FLASH_WaitForLastBank1Operation) for FLASH_WaitForLastBank1Operation
    stm32f10x_flash.o(i.FLASH_EraseAllPages) refers to stm32f10x_flash.o(i.FLASH_WaitForLastOperation) for FLASH_WaitForLastOperation
    stm32f10x_flash.o(i.FLASH_EraseOptionBytes) refers to stm32f10x_flash.o(i.FLASH_GetReadOutProtectionStatus) for FLASH_GetReadOutProtectionStatus
    stm32f10x_flash.o(i.FLASH_EraseOptionBytes) refers to stm32f10x_flash.o(i.FLASH_WaitForLastOperation) for FLASH_WaitForLastOperation
    stm32f10x_flash.o(i.FLASH_ErasePage) refers to stm32f10x_flash.o(i.FLASH_WaitForLastOperation) for FLASH_WaitForLastOperation
    stm32f10x_flash.o(i.FLASH_ProgramHalfWord) refers to stm32f10x_flash.o(i.FLASH_WaitForLastOperation) for FLASH_WaitForLastOperation
    stm32f10x_flash.o(i.FLASH_ProgramOptionByteData) refers to stm32f10x_flash.o(i.FLASH_WaitForLastOperation) for FLASH_WaitForLastOperation
    stm32f10x_flash.o(i.FLASH_ProgramWord) refers to stm32f10x_flash.o(i.FLASH_WaitForLastOperation) for FLASH_WaitForLastOperation
    stm32f10x_flash.o(i.FLASH_ReadOutProtection) refers to stm32f10x_flash.o(i.FLASH_WaitForLastOperation) for FLASH_WaitForLastOperation
    stm32f10x_flash.o(i.FLASH_UserOptionByteConfig) refers to stm32f10x_flash.o(i.FLASH_WaitForLastOperation) for FLASH_WaitForLastOperation
    stm32f10x_flash.o(i.FLASH_WaitForLastBank1Operation) refers to stm32f10x_flash.o(i.FLASH_GetBank1Status) for FLASH_GetBank1Status
    stm32f10x_flash.o(i.FLASH_WaitForLastOperation) refers to stm32f10x_flash.o(i.FLASH_GetBank1Status) for FLASH_GetBank1Status
    stm32f10x_gpio.o(i.GPIO_AFIODeInit) refers to stm32f10x_rcc.o(i.RCC_APB2PeriphResetCmd) for RCC_APB2PeriphResetCmd
    stm32f10x_gpio.o(i.GPIO_DeInit) refers to stm32f10x_rcc.o(i.RCC_APB2PeriphResetCmd) for RCC_APB2PeriphResetCmd
    stm32f10x_i2c.o(i.I2C_DeInit) refers to stm32f10x_rcc.o(i.RCC_APB1PeriphResetCmd) for RCC_APB1PeriphResetCmd
    stm32f10x_i2c.o(i.I2C_Init) refers to stm32f10x_rcc.o(i.RCC_GetClocksFreq) for RCC_GetClocksFreq
    stm32f10x_pwr.o(i.PWR_DeInit) refers to stm32f10x_rcc.o(i.RCC_APB1PeriphResetCmd) for RCC_APB1PeriphResetCmd
    stm32f10x_rcc.o(i.RCC_GetClocksFreq) refers to stm32f10x_rcc.o(.data) for APBAHBPrescTable
    stm32f10x_rcc.o(i.RCC_WaitForHSEStartUp) refers to stm32f10x_rcc.o(i.RCC_GetFlagStatus) for RCC_GetFlagStatus
[...]
    turning_proportion                       0x2000079a   Data           2  main.o(.data)
    distance_max_diff                        0x200007a0   Data           8  main.o(.data)
    this_ticks                               0x200007a8   Data           4  main.o(.data)
    last_led_ticks                           0x200007ac   Data           4  main.o(.data)
    .bss                                     0x200007b0   Section     2000  lcd_main.o(.bss)
    .bss                                     0x20000f80   Section       96  adc.o(.bss)
    ADC_READINGS                             0x20000f80   Data          32  adc.o(.bss)
    adc_ports                                0x20000fa0   Data          64  adc.o(.bss)
    .bss                                     0x20000fe0   Section       96  libspace.o(.bss)
    HEAP                                     0x20001040   Section      512  startup_stm32f10x_md.o(HEAP)
    Heap_Mem                                 0x20001040   Data         512  startup_stm32f10x_md.o(HEAP)
    STACK                                    0x20001240   Section     1024  startup_stm32f10x_md.o(STACK)
    Stack_Mem                                0x20001240   Data        1024  startup_stm32f10x_md.o(STACK)
    __initial_sp                             0x20001640   Data           0  startup_stm32f10x_md.o(STACK)

    Global Symbols

    Symbol Name                              Value     Ov Type        Size  Object(Section)

    BuildAttributes$$THM_ISAv4$P$D$K$B$S$PE$A:L22UL41UL21$X:L11$S22US41US21$IEEE1$IW$USESV6$~STKCKD$USESV7$~SHL$OTIME$ROPI$IEEEJ$EBA8$UX$STANDARDLIB$REQ8$PRES8$EABIv2 0x00000000   Number         0  anon$$obj.o ABSOLUTE
    __ARM_use_no_argv                        0x00000000   Number         0  main.o ABSOLUTE
    _printf_flags                            0x00000000   Number         0  printf_stubs.o ABSOLUTE
    _printf_return_value                     0x00000000   Number         0  printf_stubs.o ABSOLUTE
    _printf_sizespec                         0x00000000   Number         0  printf_stubs.o ABSOLUTE
    _printf_widthprec                        0x00000000   Number         0  printf_stubs.o ABSOLUTE
    __ARM_exceptions_init                     - Undefined Weak Reference
    __alloca_initialize                       - Undefined Weak Reference
    __arm_preinit_                            - Undefined Weak Reference
    __cpp_initialize__aeabi_                  - Undefined Weak Reference
    __cxa_finalize                            - Undefined Weak Reference
    __sigvec_lookup                           - Undefined Weak Reference
    _atexit_init                              - Undefined Weak Reference
    _call_atexit_fns                          - Undefined Weak Reference
    _clock_init                               - Undefined Weak Reference
    _fp_trap_init                             - Undefined Weak Reference
    _fp_trap_shutdown                         - Undefined Weak Reference
    _get_lc_collate                           - Undefined Weak Reference
    _get_lc_monetary                          - Undefined Weak Reference
    _get_lc_time                              - Undefined Weak Reference
    _getenv_init                              - Undefined Weak Reference
    _handle_redirection                       - Undefined Weak Reference
    _init_alloc                               - Undefined Weak Reference
    _init_user_alloc                          - Undefined Weak Reference
    _initio                                   - Undefined Weak Reference
    _printf_mbtowc                            - Undefined Weak Reference
    _printf_wc                                - Undefined Weak Reference
    _rand_init                                - Undefined Weak Reference
    _signal_finish                            - Undefined Weak Reference
    _signal_init                              - Undefined Weak Reference
    _terminate_alloc                          - Undefined Weak Reference
    _terminate_user_alloc                     - Undefined Weak Reference
    _terminateio                              - Undefined Weak Reference
    __Vectors_Size                           0x000000ec   Number         0  startup_stm32f10x_md.o ABSOLUTE
    __Vectors                                0x08000000   Data           4  startup_stm32f10x_md.o(RESET)
    __Vectors_End                            0x080000ec   Data           0  startup_stm32f10x_md.o(RESET)
    __main                                   0x080000ed   Thumb Code     8  __main.o(!!!main)
    __scatterload                            0x080000f5   Thumb Code     0  __scatter.o(!!!scatter)
    __scatterload_rt2                        0x080000f5   Thumb Code    44  __scatter.o(!!!scatter)
    __scatterload_rt2_thumb_only             0x080000f5   Thumb Code     0  __scatter.o(!!!scatter)
    __scatterload_null                       0x08000103   Thumb Code     0  __scatter.o(!!!scatter)
    __decompress                             0x08000129   Thumb Code    90  __dczerorl2.o(!!dczerorl2)
    __decompress1                            0x08000129   Thumb Code     0  __dczerorl2.o(!!dczerorl2)
    __scatterload_zeroinit                   0x08000185   Thumb Code    28  __scatter_zi.o(!!handler_zi)
    _printf_n                                0x080001a1   Thumb Code     0  _printf_n.o(.ARM.Collect$$_printf_percent$$00000001)
    _printf_percent                          0x080001a1   Thumb Code     0  _printf_percent.o(.ARM.Collect$$_printf_percent$$00000000)
    _printf_p                                0x080001a7   Thumb Code     0  _printf_p.o(.ARM.Collect$$_printf_percent$$00000002)
    _printf_f                                0x080001ad   Thumb Code     0  _printf_f.o(.ARM.Collect$$_printf_percent$$00000003)
    _printf_e                                0x080001b3   Thumb Code     0  _printf_e.o(.ARM.Collect$$_printf_percent$$00000004)
    _printf_g                                0x080001b9   Thumb Code     0  _printf_g.o(.ARM.Collect$$_printf_percent$$00000005)
    _printf_a                                0x080001bf   Thumb Code     0  _printf_a.o(.ARM.Collect$$_printf_percent$$00000006)
    _printf_ll                               0x080001c5   Thumb Code     0  _printf_ll.o(.ARM.Collect$$_printf_percent$$00000007)
    _printf_i                                0x080001cf   Thumb Code     0  _printf_i.o(.ARM.Collect$$_printf_percent$$00000008)
    _printf_d                                0x080001d5   Thumb Code     0  _printf_d.o(.ARM.Collect$$_printf_percent$$00000009)
    _printf_u                                0x080001db   Thumb Code     0  _printf_u.o(.ARM.Collect$$_printf_percent$$0000000A)
    _printf_o                                0x080001e1   Thumb Code     0  _printf_o.o(.ARM.Collect$$_printf_percent$$0000000B)
    _printf_x                                0x080001e7   Thumb Code     0  _printf_x.o(.ARM.Collect$$_printf_percent$$0000000C)
    _printf_lli                              0x080001ed   Thumb Code     0  _printf_lli.o(.ARM.Collect$$_printf_percent$$0000000D)
    _printf_lld                              0x080001f3   Thumb Code     0  _printf_lld.o(.ARM.Collect$$_printf_percent$$0000000E)
    _printf_llu                              0x080001f9   Thumb Code     0  _printf_llu.o(.ARM.Collect$$_printf_percent$$0000000F)
    _printf_llo                              0x080001ff   Thumb Code     0  _printf_llo.o(.ARM.Collect$$_printf_percent$$00000010)
    _printf_llx                              0x08000205   Thumb Code     0  _printf_llx.o(.ARM.Collect$$_printf_percent$$00000011)
    _printf_l                                0x0800020b   Thumb Code     0  _printf_l.o(.ARM.Collect$$_printf_percent$$00000012)
    _printf_c                                0x08000215   Thumb Code     0  _printf_c.o(.ARM.Collect$$_printf_percent$$00000013)
    _printf_s                                0x0800021b   Thumb Code     0  _printf_s.o(.ARM.Collect$$_printf_percent$$00000014)
    _printf_lc                               0x08000221   Thumb Code     0  _printf_lc.o(.ARM.Collect$$_printf_percent$$00000015)
    _printf_ls                               0x08000227   Thumb Code     0  _printf_ls.o(.ARM.Collect$$_printf_percent$$00000016)
    _printf_percent_end                      0x0800022d   Thumb Code     0  _printf_percent_end.o(.ARM.Collect$$_printf_percent$$00000017)
    __rt_lib_init                            0x08000231   Thumb Code     0  libinit.o(.ARM.Collect$$libinit$$00000000)
    __rt_lib_init_fp_1                       0x08000233   Thumb Code     0  libinit2.o(.ARM.Collect$$libinit$$00000002)
    __rt_lib_init_heap_1                     0x08000233   Thumb Code     0  libinit2.o(.ARM.Collect$$libinit$$0000000A)
    __rt_lib_init_lc_common                  0x08000233   Thumb Code     0  libinit2.o(.ARM.Collect$$libinit$$0000000F)
    __rt_lib_init_preinit_1                  0x08000233   Thumb Code     0  libinit2.o(.ARM.Collect$$libinit$$00000004)
    __rt_lib_init_rand_1                     0x08000233   Thumb Code     0  libinit2.o(.ARM.Collect$$libinit$$0000000E)
    __rt_lib_init_user_alloc_1               0x08000233   Thumb Code     0  libinit2.o(.ARM.Collect$$libinit$$0000000C)
    __rt_lib_init_lc_collate_1               0x08000239   Thumb Code     0  libinit2.o(.ARM.Collect$$libinit$$00000011)
    __rt_lib_init_lc_ctype_2                 0x08000239   Thumb Code     0  libinit2.o(.ARM.Collect$$libinit$$00000012)
    __rt_lib_init_lc_ctype_1                 0x08000245   Thumb Code     0  libinit2.o(.ARM.Collect$$libinit$$00000013)
    __rt_lib_init_lc_monetary_1              0x08000245   Thumb Code     0  libinit2.o(.ARM.Collect$$libinit$$00000015)
    __rt_lib_init_lc_numeric_2               0x08000245   Thumb Code     0  libinit2.o(.ARM.Collect$$libinit$$00000016)
    __rt_lib_init_alloca_1                   0x0800024f   Thumb Code     0  libinit2.o(.ARM.Collect$$libinit$$0000002E)
    __rt_lib_init_argv_1                     0x0800024f   Thumb Code     0  libinit2.o(.ARM.Collect$$libinit$$0000002C)
    __rt_lib_init_atexit_1                   0x0800024f   Thumb Code     0  libinit2.o(.ARM.Collect$$libinit$$0000001B)
    __rt_lib_init_clock_1                    0x0800024f   Thumb Code     0  libinit2.o(.ARM.Collect$$libinit$$00000021)
    __rt_lib_init_cpp_1                      0x0800024f   Thumb Code     0  libinit2.o(.ARM.Collect$$libinit$$00000032)
    __rt_lib_init_exceptions_1               0x0800024f   Thumb Code     0  libinit2.o(.ARM.Collect$$libinit$$00000030)
    __rt_lib_init_fp_trap_1                  0x0800024f   Thumb Code     0  libinit2.o(.ARM.Collect$$libinit$$0000001F)
    __rt_lib_init_getenv_1                   0x0800024f   Thumb Code     0  libinit2.o(.ARM.Collect$$libinit$$00000023)
    __rt_lib_init_lc_numeric_1               0x0800024f   Thumb Code     0  libinit2.o(.ARM.Collect$$libinit$$00000017)
    __rt_lib_init_lc_time_1                  0x0800024f   Thumb Code     0  libinit2.o(.ARM.Collect$$libinit$$00000019)
    __rt_lib_init_return                     0x0800024f   Thumb Code     0  libinit2.o(.ARM.Collect$$libinit$$00000033)
    __rt_lib_init_signal_1                   0x0800024f   Thumb Code     0  libinit2.o(.ARM.Collect$$libinit$$0000001D)
    __rt_lib_init_stdio_1                    0x0800024f   Thumb Code     0  libinit2.o(.ARM.Collect$$libinit$$00000025)
    __rt_lib_shutdown                        0x08000251   Thumb Code     0  libshutdown.o(.ARM.Collect$$libshutdown$$00000000)
    __rt_lib_shutdown_cpp_1                  0x08000253   Thumb Code     0  libshutdown2.o(.ARM.Collect$$libshutdown$$00000002)
    __rt_lib_shutdown_fp_trap_1              0x08000253   Thumb Code     0  libshutdown2.o(.ARM.Collect$$libshutdown$$00000007)
    __rt_lib_shutdown_heap_1                 0x08000253   Thumb Code     0  libshutdown2.o(.ARM.Collect$$libshutdown$$0000000F)
    __rt_lib_shutdown_return                 0x08000253   Thumb Code     0  libshutdown2.o(.ARM.Collect$$libshutdown$$00000010)
    __rt_lib_shutdown_signal_1               0x08000253   Thumb Code     0  libshutdown2.o(.ARM.Collect$$libshutdown$$0000000A)
    __rt_lib_shutdown_stdio_1                0x08000253   Thumb Code     0  libshutdown2.o(.ARM.Collect$$libshutdown$$00000004)
    __rt_lib_shutdown_user_alloc_1           0x08000253   Thumb Code     0  libshutdown2.o(.ARM.Collect$$libshutdown$$0000000C)
    __rt_entry                               0x08000255   Thumb Code     0  __rtentry.o(.ARM.Collect$$rtentry$$00000000)
    __rt_entry_presh_1                       0x08000255   Thumb Code     0  __rtentry2.o(.ARM.Collect$$rtentry$$00000002)
    __rt_entry_sh                            0x08000255   Thumb Code     0  __rtentry4.o(.ARM.Collect$$rtentry$$00000004)
    __rt_entry_li                            0x0800025b   Thumb Code     0  __rtentry2.o(.ARM.Collect$$rtentry$$0000000A)
    __rt_entry_postsh_1                      0x0800025b   Thumb Code     0  __rtentry2.o(.ARM.Collect$$rtentry$$00000009)
    __rt_entry_main                          0x0800025f   Thumb Code     0  __rtentry2.o(.ARM.Collect$$rtentry$$0000000D)
    __rt_entry_postli_1                      0x0800025f   Thumb Code     0  __rtentry2.o(.ARM.Collect$$rtentry$$0000000C)
    __rt_exit                                0x08000267   Thumb Code     0  rtexit.o(.ARM.Collect$$rtexit$$00000000)
    __rt_exit_ls                             0x08000269   Thumb Code     0  rtexit2.o(.ARM.Collect$$rtexit$$00000003)
    __rt_exit_prels_1                        0x08000269   Thumb Code     0  rtexit2.o(.ARM.Collect$$rtexit$$00000002)
    __rt_exit_exit                           0x0800026d   Thumb Code     0  rtexit2.o(.ARM.Collect$$rtexit$$00000004)
    Reset_Handler                            0x08000275   Thumb Code     8  startup_stm32f10x_md.o(.text)
    NMI_Handler                              0x0800027d   Thumb Code     2  startup_stm32f10x_md.o(.text)
    HardFault_Handler                        0x0800027f   Thumb Code     2  startup_stm32f10x_md.o(.text)
    MemManage_Handler                        0x08000281   Thumb Code     2  startup_stm32f10x_md.o(.text)
    BusFault_Handler                         0x08000283   Thumb Code     2  startup_stm32f10x_md.o(.text)
    UsageFault_Handler                       0x08000285   Thumb Code     2  startup_stm32f10x_md.o(.text)
    SVC_Handler                              0x08000287   Thumb Code     2  startup_stm32f10x_md.o(.text)
    DebugMon_Handler                         0x08000289   Thumb Code     2  startup_stm32f10x_md.o(.text)
    PendSV_Handler                           0x0800028b   Thumb Code     2  startup_stm32f10x_md.o(.text)
    CAN1_RX1_IRQHandler                      0x0800028f   Thumb Code     0  startup_stm32f10x_md.o(.text)
    CAN1_SCE_IRQHandler                      0x0800028f   Thumb Code     0  startup_stm32f10x_md.o(.text)
    DMA1_Channel2_IRQHandler                 0x0800028f   Thumb Code     0  startup_stm32f10x_md.o(.text)
    DMA1_Channel3_IRQHandler                 0x0800028f   Thumb Code     0  startup_stm32f10x_md.o(.text)
    DMA1_Channel4_IRQHandler                 0x0800028f   Thumb Code     0  startup_stm32f10x_md.o(.text)
    DMA1_Channel5_IRQHandler                 0x0800028f   Thumb Code     0  startup_stm32f10x_md.o(.text)
    DMA1_Channel6_IRQHandler                 0x0800028f   Thumb Code     0  startup_stm32f10x_md.o(.text)
    DMA1_Channel7_IRQHandler                 0x0800028f   Thumb Code     0  startup_stm32f10x_md.o(.text)
    EXTI0_IRQHandler                         0x0800028f   Thumb Code     0  startup_stm32f10x_md.o(.text)
    EXTI1_IRQHandler                         0x0800028f   Thumb Code     0  startup_stm32f10x_md.o(.text)
    EXTI2_IRQHandler                         0x0800028f   Thumb Code     0  startup_stm32f10x_md.o(.text)
    EXTI3_IRQHandler                         0x0800028f   Thumb Code     0  startup_stm32f10x_md.o(.text)
    EXTI4_IRQHandler                         0x0800028f   Thumb Code     0  startup_stm32f10x_md.o(.text)
    EXTI9_5_IRQHandler                       0x0800028f   Thumb Code     0  startup_stm32f10x_md.o(.text)
    FLASH_IRQHandler                         0x0800028f   Thumb Code     0  startup_stm32f10x_md.o(.text)
    I2C1_ER_IRQHandler                       0x0800028f   Thumb Code     0  startup_stm32f10x_md.o(.text)
    I2C1_EV_IRQHandler                       0x0800028f   Thumb Code     0  startup_stm32f10x_md.o(.text)
    I2C2_ER_IRQHandler                       0x0800028f   Thumb Code     0  startup_stm32f10x_md.o(.text)
    I2C2_EV_IRQHandler                       0x0800028f   Thumb Code     0  startup_stm32f10x_md.o(.text)
    PVD_IRQHandler                           0x0800028f   Thumb Code     0  startup_stm32f10x_md.o(.text)
    RCC_IRQHandler                           0x0800028f   Thumb Code     0  startup_stm32f10x_md.o(.text)
    RTCAlarm_IRQHandler                      0x0800028f   Thumb Code     0  startup_stm32f10x_md.o(.text)
    RTC_IRQHandler                           0x0800028f   Thumb Code     0  startup_stm32f10x_md.o(.text)
    SPI1_IRQHandler                          0x0800028f   Thumb Code     0  startup_stm32f10x_md.o(.text)
    TAMPER_IRQHandler                        0x0800028f   Thumb Code     0  startup_stm32f10x_md.o(.text)
    TIM1_BRK_IRQHandler                      0x0800028f   Thumb Code     0  startup_stm32f10x_md.o(.text)
    TIM1_CC_IRQHandler                       0x0800028f   Thumb Code     0  startup_stm32f10x_md.o(.text)
    TIM1_TRG_COM_IRQHandler                  0x0800028f   Thumb Code     0  startup_stm32f10x_md.o(.text)
    TIM1_UP_IRQHandler                       0x0800028f   Thumb Code     0  startup_stm32f10x_md.o(.text)
    TIM2_IRQHandler                          0x0800028f   Thumb Code     0  startup_stm32f10x_md.o(.text)
    TIM3_IRQHandler                          0x0800028f   Thumb Code     0  startup_stm32f10x_md.o(.text)
    TIM4_IRQHandler                          0x0800028f   Thumb Code     0  startup_stm32f10x_md.o(.text)
    USART2_IRQHandler                        0x0800028f   Thumb Code     0  startup_stm32f10x_md.o(.text)
    USBWakeUp_IRQHandler                     0x0800028f   Thumb Code     0  startup_stm32f10x_md.o(.text)
    USB_HP_CAN1_TX_IRQHandler                0x0800028f   Thumb Code     0  startup_stm32f10x_md.o(.text)
    USB_LP_CAN1_RX0_IRQHandler               0x0800028f   Thumb Code     0  startup_stm32f10x_md.o(.text)
    WWDG_IRQHandler                          0x0800028f   Thumb Code     0  startup_stm32f10x_md.o(.text)
    __user_initial_stackheap                 0x08000291   Thumb Code     0  startup_stm32f10x_md.o(.text)
    __aeabi_uldivmod                         0x080002b5   Thumb Code     0  lludivv7m.o(.text)
    _ll_udiv                                 0x080002b5   Thumb Code   238  lludivv7m.o(.text)
    vsprintf                                 0x080003a5   Thumb Code    32  vsprintf.o(.text)
    __use_two_region_memory                  0x080003c9   Thumb Code     2  heapauxi.o(.text)
    __rt_heap_escrow$2region                 0x080003cb   Thumb Code     2  heapauxi.o(.text)
    __rt_heap_expand$2region                 0x080003cd   Thumb Code     2  heapauxi.o(.text)
    _printf_pre_padding                      0x080003cf   Thumb Code    44  _printf_pad.o(.text)
    _printf_post_padding                     0x080003fb   Thumb Code    34  _printf_pad.o(.text)
    _printf_truncate_signed                  0x0800041d   Thumb Code    18  _printf_truncate.o(.text)
    _printf_truncate_unsigned                0x0800042f   Thumb Code    18  _printf_truncate.o(.text)
    _printf_str                              0x08000441   Thumb Code    82  _printf_str.o(.text)
    _printf_int_dec                          0x08000495   Thumb Code   104  _printf_dec.o(.text)
    _printf_charcount                        0x0800050d   Thumb Code    40  _printf_charcount.o(.text)
    _printf_char_common                      0x0800053f   Thumb Code    32  _printf_char_common.o(.text)
    _sputc                                   0x08000565   Thumb Code    10  _sputc.o(.text)
    _printf_wctomb                           0x08000571   Thumb Code   182  _printf_wctomb.o(.text)
    _printf_longlong_dec                     0x0800062d   Thumb Code   108  _printf_longlong_dec.o(.text)
    _printf_longlong_oct                     0x080006a9   Thumb Code    66  _printf_oct_int_ll.o(.text)
    _printf_int_oct                          0x080006eb   Thumb Code    24  _printf_oct_int_ll.o(.text)
    _printf_ll_oct                           0x08000703   Thumb Code    12  _printf_oct_int_ll.o(.text)
    _printf_longlong_hex                     0x08000719   Thumb Code    86  _printf_hex_int_ll_ptr.o(.text)
    _printf_int_hex                          0x0800076f   Thumb Code    28  _printf_hex_int_ll_ptr.o(.text)
    _printf_ll_hex                           0x0800078b   Thumb Code    12  _printf_hex_int_ll_ptr.o(.text)
    _printf_hex_ptr                          0x08000797   Thumb Code    18  _printf_hex_int_ll_ptr.o(.text)
    __printf                                 0x080007ad   Thumb Code   388  __printf_flags_ss_wp.o(.text)
    _ll_udiv10                               0x08000935   Thumb Code   138  lludiv10.o(.text)
    _printf_int_common                       0x080009bf   Thumb Code   178  _printf_intcommon.o(.text)
    __lib_sel_fp_printf                      0x08000a71   Thumb Code     2  _printf_fp_dec.o(.text)
    _printf_fp_dec_real                      0x08000c23   Thumb Code   620  _printf_fp_dec.o(.text)
    _printf_fp_hex_real                      0x08000e91   Thumb Code   756  _printf_fp_hex.o(.text)
    _printf_cs_common                        0x0800118d   Thumb Code    20  _printf_char.o(.text)
    _printf_char                             0x080011a1   Thumb Code    16  _printf_char.o(.text)
    _printf_string                           0x080011b1   Thumb Code     8  _printf_char.o(.text)
    _printf_lcs_common                       0x080011b9   Thumb Code    20  _printf_wchar.o(.text)
    _printf_wchar                            0x080011cd   Thumb Code    16  _printf_wchar.o(.text)
    _printf_wstring                          0x080011dd   Thumb Code     8  _printf_wchar.o(.text)
    _wcrtomb                                 0x080011e5   Thumb Code    64  _wcrtomb.o(.text)
    __user_setup_stackheap                   0x08001225   Thumb Code    74  sys_stackheap_outer.o(.text)
    __rt_ctype_table                         0x08001271   Thumb Code    16  rt_ctype_table.o(.text)
    __rt_locale                              0x08001281   Thumb Code     8  rt_locale_intlibspace.o(.text)
    _printf_fp_infnan                        0x08001289   Thumb Code   112  _printf_fp_infnan.o(.text)
    _btod_etento                             0x08001309   Thumb Code   224  bigflt0.o(.text)
    exit                                     0x080013ed   Thumb Code    18  exit.o(.text)
    __user_libspace                          0x08001401   Thumb Code     8  libspace.o(.text)
    __user_perproc_libspace                  0x08001401   Thumb Code     0  libspace.o(.text)
    __user_perthread_libspace                0x08001401   Thumb Code     0  libspace.o(.text)
    strcmp                                   0x08001409   Thumb Code   128  strcmpv7m.o(.text)
    _sys_exit                                0x08001489   Thumb Code     8  sys_exit.o(.text)
    __I$use$semihosting                      0x08001495   Thumb Code     0  use_no_semi.o(.text)
    __use_no_semihosting_swi                 0x08001495   Thumb Code     2  use_no_semi.o(.text)
    __semihosting_library_function           0x08001497   Thumb Code     0  indicate_semi.o(.text)
    _btod_d2e                                0x08001497   Thumb Code    62  btod.o(CL$$btod_d2e)
    _d2e_denorm_low                          0x080014d5   Thumb Code    70  btod.o(CL$$btod_d2e_denorm_low)
    _d2e_norm_op1                            0x0800151b   Thumb Code    96  btod.o(CL$$btod_d2e_norm_op1)
    __btod_div_common                        0x0800157b   Thumb Code   696  btod.o(CL$$btod_div_common)
    _e2e                                     0x080018b3   Thumb Code   220  btod.o(CL$$btod_e2e)
    _btod_ediv                               0x0800198f   Thumb Code    42  btod.o(CL$$btod_ediv)
    _btod_emul                               0x080019b9   Thumb Code    42  btod.o(CL$$btod_emul)
    __btod_mult_common                       0x080019e3   Thumb Code   580  btod.o(CL$$btod_mult_common)
    ADC1_2_IRQHandler                        0x08001c29   Thumb Code    52  adc.o(i.ADC1_2_IRQHandler)
    ADC_ClearITPendingBit                    0x08001c69   Thumb Code    10  stm32f10x_adc.o(i.ADC_ClearITPendingBit)
    ADC_Cmd                                  0x08001c73   Thumb Code    22  stm32f10x_adc.o(i.ADC_Cmd)
    ADC_DMACmd                               0x08001c89   Thumb Code    22  stm32f10x_adc.o(i.ADC_DMACmd)
    ADC_GetCalibrationStatus                 0x08001c9f   Thumb Code    20  stm32f10x_adc.o(i.ADC_GetCalibrationStatus)
    ADC_GetConversionValue                   0x08001cb3   Thumb Code     8  stm32f10x_adc.o(i.ADC_GetConversionValue)
    ADC_GetITStatus                          0x08001cbb   Thumb Code    36  stm32f10x_adc.o(i.ADC_GetITStatus)
    ADC_GetResetCalibrationStatus            0x08001cdf   Thumb Code    20  stm32f10x_adc.o(i.ADC_GetResetCalibrationStatus)
    ADC_Init                                 0x08001cf5   Thumb Code    70  stm32f10x_adc.o(i.ADC_Init)
    ADC_RegularChannelConfig                 0x08001d45   Thumb Code   184  stm32f10x_adc.o(i.ADC_RegularChannelConfig)
    ADC_ResetCalibration                     0x08001dfd   Thumb Code    10  stm32f10x_adc.o(i.ADC_ResetCalibration)
    ADC_SoftwareStartConvCmd                 0x08001e07   Thumb Code    22  stm32f10x_adc.o(i.ADC_SoftwareStartConvCmd)
    ADC_StartCalibration                     0x08001e1d   Thumb Code    10  stm32f10x_adc.o(i.ADC_StartCalibration)
    DMA1_Channel1_IRQHandler                 0x08001e29   Thumb Code    28  adc.o(i.DMA1_Channel1_IRQHandler)
    DMA_ClearITPendingBit                    0x08001e49   Thumb Code    18  stm32f10x_dma.o(i.DMA_ClearITPendingBit)
    DMA_Cmd                                  0x08001e65   Thumb Code    24  stm32f10x_dma.o(i.DMA_Cmd)
    DMA_DeInit                               0x08001e7d   Thumb Code   324  stm32f10x_dma.o(i.DMA_DeInit)
    DMA_GetITStatus                          0x08001fc9   Thumb Code    36  stm32f10x_dma.o(i.DMA_GetITStatus)
    DMA_Init                                 0x08001ff5   Thumb Code    60  stm32f10x_dma.o(i.DMA_Init)
    EXTI15_10_IRQHandler                     0x08002031   Thumb Code    84  camera.o(i.EXTI15_10_IRQHandler)
    EXTI_ClearITPendingBit                   0x08002091   Thumb Code     6  stm32f10x_exti.o(i.EXTI_ClearITPendingBit)
    EXTI_GetITStatus                         0x0800209d   Thumb Code    34  stm32f10x_exti.o(i.EXTI_GetITStatus)
    GPIO_Init                                0x080020c5   Thumb Code   278  stm32f10x_gpio.o(i.GPIO_Init)
    GPIO_PinRemapConfig                      0x080021dd   Thumb Code   138  stm32f10x_gpio.o(i.GPIO_PinRemapConfig)
    GPIO_ResetBits                           0x0800226d   Thumb Code     4  stm32f10x_gpio.o(i.GPIO_ResetBits)
    GPIO_SetBits                             0x08002271   Thumb Code     4  stm32f10x_gpio.o(i.GPIO_SetBits)
    NVIC_Init                                0x08002275   Thumb Code   100  misc.o(i.NVIC_Init)
    RCC_ADCCLKConfig                         0x080022e5   Thumb Code    18  stm32f10x_rcc.o(i.RCC_ADCCLKConfig)
    RCC_AHBPeriphClockCmd                    0x080022fd   Thumb Code    26  stm32f10x_rcc.o(i.RCC_AHBPeriphClockCmd)
    RCC_APB1PeriphClockCmd                   0x0800231d   Thumb Code    26  stm32f10x_rcc.o(i.RCC_APB1PeriphClockCmd)
    RCC_APB2PeriphClockCmd                   0x0800233d   Thumb Code    26  stm32f10x_rcc.o(i.RCC_APB2PeriphClockCmd)
    RCC_GetClocksFreq                        0x0800235d   Thumb Code   192  stm32f10x_rcc.o(i.RCC_GetClocksFreq)
    SPI2_IRQHandler                          0x08002431   Thumb Code    10  spi.o(i.SPI2_IRQHandler)
    SPI_CalculateCRC                         0x08002441   Thumb Code    24  stm32f10x_spi.o(i.SPI_CalculateCRC)
    SPI_Cmd                                  0x08002459   Thumb Code    24  stm32f10x_spi.o(i.SPI_Cmd)
    SPI_I2S_ClearITPendingBit                0x08002471   Thumb Code    20  stm32f10x_spi.o(i.SPI_I2S_ClearITPendingBit)
    SPI_I2S_GetFlagStatus                    0x08002485   Thumb Code    18  stm32f10x_spi.o(i.SPI_I2S_GetFlagStatus)
    SPI_I2S_GetITStatus                      0x08002497   Thumb Code    52  stm32f10x_spi.o(i.SPI_I2S_GetITStatus)
    SPI_I2S_ReceiveData                      0x080024cb   Thumb Code     6  stm32f10x_spi.o(i.SPI_I2S_ReceiveData)
    SPI_I2S_SendData                         0x080024d1   Thumb Code     4  stm32f10x_spi.o(i.SPI_I2S_SendData)
    SPI_Init                                 0x080024d5   Thumb Code    60  stm32f10x_spi.o(i.SPI_Init)
    SPI_SSOutputCmd                          0x08002511   Thumb Code    24  stm32f10x_spi.o(i.SPI_SSOutputCmd)
    SysTick_Handler                          0x08002611   Thumb Code    28  ticks.o(i.SysTick_Handler)
    SystemInit                               0x08002639   Thumb Code    78  system_stm32f10x.o(i.SystemInit)
    TIM_ARRPreloadConfig                     0x08002699   Thumb Code    24  stm32f10x_tim.o(i.TIM_ARRPreloadConfig)
    TIM_Cmd                                  0x080026b1   Thumb Code    24  stm32f10x_tim.o(i.TIM_Cmd)
    TIM_CtrlPWMOutputs                       0x080026c9   Thumb Code    30  stm32f10x_tim.o(i.TIM_CtrlPWMOutputs)
    TIM_OC1Init                              0x080026e9   Thumb Code   132  stm32f10x_tim.o(i.TIM_OC1Init)
    TIM_OC1PreloadConfig                     0x08002781   Thumb Code    18  stm32f10x_tim.o(i.TIM_OC1PreloadConfig)
    TIM_OC2Init                              0x08002795   Thumb Code   154  stm32f10x_tim.o(i.TIM_OC2Init)
    TIM_OC2PreloadConfig                     0x08002839   Thumb Code    26  stm32f10x_tim.o(i.TIM_OC2PreloadConfig)
    TIM_OC3Init                              0x08002855   Thumb Code   150  stm32f10x_tim.o(i.TIM_OC3Init)
    TIM_OC3PreloadConfig                     0x080028f5   Thumb Code    18  stm32f10x_tim.o(i.TIM_OC3PreloadConfig)
    TIM_OC4Init                              0x08002909   Thumb Code   114  stm32f10x_tim.o(i.TIM_OC4Init)
    TIM_OC4PreloadConfig                     0x08002985   Thumb Code    26  stm32f10x_tim.o(i.TIM_OC4PreloadConfig)
    TIM_SetCounter                           0x0800299f   Thumb Code     4  stm32f10x_tim.o(i.TIM_SetCounter)
    TIM_TimeBaseInit                         0x080029a5   Thumb Code   122  stm32f10x_tim.o(i.TIM_TimeBaseInit)
    USART1_IRQHandler                        0x08002a49   Thumb Code    10  uart.o(i.USART1_IRQHandler)
    USART3_IRQHandler                        0x08002a59   Thumb Code    10  uart.o(i.USART3_IRQHandler)
    USART_ClearITPendingBit                  0x08002a69   Thumb Code    30  stm32f10x_usart.o(i.USART_ClearITPendingBit)
    USART_Cmd                                0x08002a87   Thumb Code    24  stm32f10x_usart.o(i.USART_Cmd)
    USART_GetFlagStatus                      0x08002a9f   Thumb Code    26  stm32f10x_usart.o(i.USART_GetFlagStatus)
    USART_GetITStatus                        0x08002ab9   Thumb Code    84  stm32f10x_usart.o(i.USART_GetITStatus)
    USART_Init                               0x08002b0d   Thumb Code   210  stm32f10x_usart.o(i.USART_Init)
    USART_ReceiveData                        0x08002be5   Thumb Code    10  stm32f10x_usart.o(i.USART_ReceiveData)
    USART_SendData                           0x08002bef   Thumb Code     8  stm32f10x_usart.o(i.USART_SendData)
    __ARM_fpclassify                         0x08002bf7   Thumb Code    40  fpclassify.o(i.__ARM_fpclassify)
    _is_digit                                0x08002c1f   Thumb Code    14  __printf_wp.o(i._is_digit)
    adc_channel_init                         0x08002c2d   Thumb Code    66  adc.o(i.adc_channel_init)
    adc_init                                 0x08002ce1   Thumb Code   174  adc.o(i.adc_init)
    adc_rcc_init                             0x08002da1   Thumb Code    52  rcc.o(i.adc_rcc_init)
    afio_rcc_init                            0x08002de1   Thumb Code    12  rcc.o(i.afio_rcc_init)
    delay                                    0x08002ded   Thumb Code    16  ticks.o(i.delay)
    dma_rcc_init                             0x08002e01   Thumb Code    36  rcc.o(i.dma_rcc_init)
    get_adc                                  0x08002e2d   Thumb Code    12  adc.o(i.get_adc)
    get_ticks                                0x08002e3d   Thumb Code     6  ticks.o(i.get_ticks)
    led_on                                   0x08002f3d   Thumb Code    18  leds.o(i.led_on)
    mag_compare                              0x08002f51   Thumb Code   222  main.o(i.mag_compare)
    mag_read                                 0x08003049   Thumb Code   102  main.o(i.mag_read)
    main                                     0x080030d5   Thumb Code   278  main.o(i.main)
    motor_control                            0x08003269   Thumb Code    26  pwm.o(i.motor_control)
    motor_init                               0x08003285   Thumb Code    58  pwm.o(i.motor_init)
    motor_move                               0x080032c9   Thumb Code    68  main.o(i.motor_move)
    oled_clear                               0x0800331d   Thumb Code    32  oled.o(i.oled_clear)
    oled_init                                0x0800333d   Thumb Code   204  oled.o(i.oled_init)
    proportion_cal                           0x08003415   Thumb Code   500  main.o(i.proportion_cal)
    pwm_init                                 0x08003637   Thumb Code   234  pwm.o(i.pwm_init)
    rcc_init                                 0x08003721   Thumb Code    48  rcc.o(i.rcc_init)
    servo_control                            0x08003779   Thumb Code    16  pwm.o(i.servo_control)
    servo_init                               0x08003789   Thumb Code    44  pwm.o(i.servo_init)
    spi_init                                 0x080037ed   Thumb Code   536  spi.o(i.spi_init)
    spi_rcc_init                             0x08003a99   Thumb Code    52  rcc.o(i.spi_rcc_init)
    spi_tx                                   0x08003ad9   Thumb Code    30  spi.o(i.spi_tx)
    sqrt                                     0x08003af9   Thumb Code   152  math.o(i.sqrt)
    tft_clear                                0x08003c71   Thumb Code    32  lcd_main.o(i.tft_clear)
    tft_clear_line                           0x08003c99   Thumb Code   120  lcd_main.o(i.tft_clear_line)
    tft_enable                               0x08003d95   Thumb Code     8  lcd_main.o(i.tft_enable)
    tft_fill_color                           0x08003da1   Thumb Code    66  lcd_main.o(i.tft_fill_color)
    tft_init                                 0x08003e11   Thumb Code   194  lcd_main.o(i.tft_init)
    tft_prints                               0x08003ef5   Thumb Code    66  lcd_main.o(i.tft_prints)
    tft_reset                                0x08003f41   Thumb Code    28  lcd_main.o(i.tft_reset)
    tft_set_bg_color                         0x08003f61   Thumb Code     6  lcd_main.o(i.tft_set_bg_color)
    tft_set_highlight_color                  0x080040c9   Thumb Code     6  lcd_main.o(i.tft_set_highlight_color)
    tft_set_region                           0x080040d5   Thumb Code   152  lcd_main.o(i.tft_set_region)
    tft_set_special_color                    0x08004179   Thumb Code     6  lcd_main.o(i.tft_set_special_color)
    tft_set_text_color                       0x08004185   Thumb Code     6  lcd_main.o(i.tft_set_text_color)
    tft_spi_init                             0x08004191   Thumb Code    40  lcd_main.o(i.tft_spi_init)
    tft_update                               0x080041c5   Thumb Code   340  lcd_main.o(i.tft_update)
    tft_write_color                          0x0800433d   Thumb Code    18  lcd_main.o(i.tft_write_color)
    ticks_init                               0x08004389   Thumb Code   116  ticks.o(i.ticks_init)
    tim_rcc_init                             0x0800440d   Thumb Code   276  rcc.o(i.tim_rcc_init)
    uart_init                                0x08004561   Thumb Code   446  uart.o(i.uart_init)
    uart_rcc_init                            0x080047bd   Thumb Code    84  rcc.o(i.uart_rcc_init)
    uart_tx_byte                             0x08004825   Thumb Code    38  uart.o(i.uart_tx_byte)
    uart_tx_str                              0x0800484b   Thumb Code    62  uart.o(i.uart_tx_str)
    _get_lc_numeric                          0x080048e1   Thumb Code    44  lc_numeric_c.o(locale$$code)
    _get_lc_ctype                            0x0800490d   Thumb Code    44  lc_ctype_c.o(locale$$code)
    __fpl_dcmp_Inf                           0x08004939   Thumb Code    24  dcmpi.o(x$fpl$dcmpinf)
    __aeabi_ddiv                             0x08004951   Thumb Code     0  ddiv.o(x$fpl$ddiv)
    _ddiv                                    0x08004951   Thumb Code   552  ddiv.o(x$fpl$ddiv)
    __aeabi_d2iz                             0x08004c01   Thumb Code     0  dfix.o(x$fpl$dfix)
    _dfix                                    0x08004c01   Thumb Code    94  dfix.o(x$fpl$dfix)
    __aeabi_d2uiz                            0x08004c61   Thumb Code     0  dfixu.o(x$fpl$dfixu)
    _dfixu                                   0x08004c61   Thumb Code    90  dfixu.o(x$fpl$dfixu)
    __aeabi_i2d                              0x08004cbb   Thumb Code     0  dflt_clz.o(x$fpl$dflt)
    _dflt                                    0x08004cbb   Thumb Code    46  dflt_clz.o(x$fpl$dflt)
    __aeabi_ui2d                             0x08004ce9   Thumb Code     0  dflt_clz.o(x$fpl$dfltu)
    _dfltu                                   0x08004ce9   Thumb Code    38  dflt_clz.o(x$fpl$dfltu)
    __aeabi_cdcmple                          0x08004d11   Thumb Code     0  dleqf.o(x$fpl$dleqf)
    _dcmple                                  0x08004d11   Thumb Code   120  dleqf.o(x$fpl$dleqf)
    __fpl_dcmple_InfNaN                      0x08004d73   Thumb Code     0  dleqf.o(x$fpl$dleqf)
    __aeabi_dmul                             0x08004d89   Thumb Code     0  dmul.o(x$fpl$dmul)
    _dmul                                    0x08004d89   Thumb Code   332  dmul.o(x$fpl$dmul)
    __fpl_dnaninf                            0x08004edd   Thumb Code   156  dnaninf.o(x$fpl$dnaninf)
    __fpl_dretinf                            0x08004f79   Thumb Code    12  dretinf.o(x$fpl$dretinf)
    __fpl_fcmp_Inf                           0x08004f85   Thumb Code    24  fcmpi.o(x$fpl$fcmpinf)
    __aeabi_fdiv                             0x08004f9d   Thumb Code     0  fdiv.o(x$fpl$fdiv)
    _fdiv                                    0x08004f9d   Thumb Code   384  fdiv.o(x$fpl$fdiv)
    __aeabi_f2iz                             0x08005121   Thumb Code     0  ffix.o(x$fpl$ffix)
    _ffix                                    0x08005121   Thumb Code    54  ffix.o(x$fpl$ffix)
    __aeabi_f2uiz                            0x08005159   Thumb Code     0  ffixu.o(x$fpl$ffixu)
    _ffixu                                   0x08005159   Thumb Code    62  ffixu.o(x$fpl$ffixu)
    __aeabi_i2f                              0x08005199   Thumb Code     0  fflt_clz.o(x$fpl$fflt)
    _fflt                                    0x08005199   Thumb Code    48  fflt_clz.o(x$fpl$fflt)
    __aeabi_cfcmple                          0x080051c9   Thumb Code     0  fleqf.o(x$fpl$fleqf)
    _fcmple                                  0x080051c9   Thumb Code   104  fleqf.o(x$fpl$fleqf)
    __fpl_fcmple_InfNaN                      0x0800521b   Thumb Code     0  fleqf.o(x$fpl$fleqf)
    __aeabi_fmul                             0x08005231   Thumb Code     0  fmul.o(x$fpl$fmul)
    _fmul                                    0x08005231   Thumb Code   258  fmul.o(x$fpl$fmul)
    __fpl_fnaninf                            0x08005333   Thumb Code   140  fnaninf.o(x$fpl$fnaninf)
    __fpl_fretinf                            0x080053bf   Thumb Code    10  fretinf.o(x$fpl$fretinf)
    _printf_fp_dec                           0x080053c9   Thumb Code     4  printf1.o(x$fpl$printf1)
    _printf_fp_hex                           0x080053cd   Thumb Code     4  printf2.o(x$fpl$printf2)
    __I$use$fp                               0x080053d0   Number         0  usenofp.o(x$fpl$usenofp)
    __SERVO1                                 0x08005438   Data          12  pwm.o(.constdata)
    __SERVO2                                 0x08005444   Data          12  pwm.o(.constdata)
    __SERVO3                                 0x08005450   Data          12  pwm.o(.constdata)
    __MOTOR1                                 0x0800545c   Data          16  pwm.o(.constdata)
    __MOTOR2                                 0x0800546c   Data          16  pwm.o(.constdata)
    __MOTOR3                                 0x0800547c   Data          16  pwm.o(.constdata)
    __PWM_IO1                                0x0800548c   Data          12  pwm.o(.constdata)
    __PWM_IO2                                0x08005498   Data          12  pwm.o(.constdata)
    __PWM_IO3                                0x080054a4   Data          12  pwm.o(.constdata)
    __PWM_IO4                                0x080054b0   Data          12  pwm.o(.constdata)
    tft_init_code                            0x08005504   Data         113  lcd_main.o(.constdata)
    tft_orientation_init_code                0x08005575   Data           4  lcd_main.o(.constdata)
    servo_OC_min                             0x08005ad4   Data           2  main.o(.constdata)
    servo_OC_midd                            0x08005ad6   Data           2  main.o(.constdata)
    servo_OC_max                             0x08005ad8   Data           2  main.o(.constdata)
    motor1_maxSpeed                          0x08005ada   Data           2  main.o(.constdata)
    motor2_maxSpeed                          0x08005adc   Data           2  main.o(.constdata)
    motor1_minSpeed                          0x08005ade   Data           2  main.o(.constdata)
    motor2_minSpeed                          0x08005ae0   Data           2  main.o(.constdata)
    Region$$Table$$Base                      0x08005be0   Number         0  anon$$obj.o(Region$$Table)
    Region$$Table$$Limit                     0x08005c00   Number         0  anon$$obj.o(Region$$Table)
    __ctype                                  0x08005c29   Data           0  lc_ctype_c.o(locale$$data)
    SystemCoreClock                          0x20000014   Data           4  system_stm32f10x.o(.data)
    AHBPrescTable                            0x20000018   Data          16  system_stm32f10x.o(.data)
    msec                                     0x20000028   Data           4  ticks.o(.data)
    delay_time                               0x2000002c   Data           4  ticks.o(.data)
    tick_tock                                0x20000030   Data           1  ticks.o(.data)
    UARTPort1                                0x20000034   Data          24  uart.o(.data)
    UARTPort3                                0x2000004c   Data          24  uart.o(.data)
    TFT_SPI                                  0x20000064   Data          28  spi.o(.data)
    ascii_8x16                               0x20000080   Data        1536  lcd_main.o(.data)
    curr_bg_color                            0x20000680   Data           2  lcd_main.o(.data)
    curr_highlight_color                     0x20000682   Data           2  lcd_main.o(.data)
    curr_text_color                          0x20000684   Data           2  lcd_main.o(.data)
    curr_text_color_sp                       0x20000686   Data           2  lcd_main.o(.data)
    tft_orientation                          0x2000068a   Data           1  lcd_main.o(.data)
    tft_enabled                              0x2000068b   Data           1  lcd_main.o(.data)
    tft_y_index                              0x2000068c   Data           2  lcd_main.o(.data)
    tft_x_index                              0x2000068e   Data           2  lcd_main.o(.data)
    char_max_x                               0x20000690   Data           1  lcd_main.o(.data)
    char_max_y                               0x20000691   Data           1  lcd_main.o(.data)
    cur_screen                               0x20000692   Data           1  lcd_main.o(.data)
    next_screen                              0x20000693   Data           1  lcd_main.o(.data)
    pointer_to_curr_screen                   0x20000694   Data           1  lcd_main.o(.data)
    cameraConfigLength                       0x2000072f   Data           1  camera.o(.data)
    imageType                                0x20000730   Data           1  camera.o(.data)
    camState                                 0x20000731   Data           1  camera.o(.data)
    NO_OF_ADC_PORTS                          0x20000734   Data           1  adc.o(.data)
    ADC_CH1                                  0x20000738   Data           8  adc.o(.data)
    ADC_CH2                                  0x20000740   Data           8  adc.o(.data)
    ADC_CH3                                  0x20000748   Data           8  adc.o(.data)
    ADC_CH4                                  0x20000750   Data           8  adc.o(.data)
    ADC_CH5                                  0x20000758   Data           8  adc.o(.data)
    ADC_CH6                                  0x20000760   Data           8  adc.o(.data)
    ADC_CH7                                  0x20000768   Data           8  adc.o(.data)
    ADC_CH8                                  0x20000770   Data           8  adc.o(.data)
    ADC_TEMP                                 0x20000778   Data           8  adc.o(.data)
    ADC_VREF                                 0x20000780   Data           8  adc.o(.data)
    mag_FL                                   0x20000790   Data           2  main.o(.data)
    mag_FR                                   0x20000792   Data           2  main.o(.data)
    mag_BL                                   0x20000794   Data           2  main.o(.data)
    mag_BR                                   0x20000796   Data           2  main.o(.data)
    servo_OC                                 0x20000798   Data           2  main.o(.data)
    moveDirection                            0x2000079c   Data           1  main.o(.data)
    text_buf                                 0x200007b0   Data         400  lcd_main.o(.bss)
    text_color_buf                           0x20000940   Data         800  lcd_main.o(.bss)
    bg_color_buf                             0x20000c60   Data         800  lcd_main.o(.bss)
    __libspace_start                         0x20000fe0   Data          96  libspace.o(.bss)
    __temporary_stack_top$libspace           0x20001040   Data           0  libspace.o(.bss)



==============================================================================

Memory Map of the image

  Image Entry point : 0x080000ed

  Load Region LR_IROM1 (Base: 0x08000000, Size: 0x000064dc, Max: 0x00080000, ABSOLUTE, COMPRESSED[0x000060f4])

    Execution Region ER_IROM1 (Exec base: 0x08000000, Load base: 0x08000000, Size: 0x00005d2c, Max: 0x00080000, ABSOLUTE)

    Exec Addr    Load Addr    Size         Type   Attr      Idx    E Section Name        Object

    0x08000000   0x08000000   0x000000ec   Data   RO            3    RESET               startup_stm32f10x_md.o
    0x080000ec   0x080000ec   0x00000008   Code   RO         5030  * !!!main             c_w.l(__main.o)
    0x080000f4   0x080000f4   0x00000034   Code   RO         5419    !!!scatter          c_w.l(__scatter.o)
    0x08000128   0x08000128   0x0000005a   Code   RO         5417    !!dczerorl2         c_w.l(__dczerorl2.o)
    0x08000182   0x08000182   0x00000002   PAD
    0x08000184   0x08000184   0x0000001c   Code   RO         5421    !!handler_zi        c_w.l(__scatter_zi.o)
    0x080001a0   0x080001a0   0x00000000   Code   RO         5162    .ARM.Collect$$_printf_percent$$00000000  c_w.l(_printf_percent.o)
    0x080001a0   0x080001a0   0x00000006   Code   RO         5151    .ARM.Collect$$_printf_percent$$00000001  c_w.l(_printf_n.o)
    0x080001a6   0x080001a6   0x00000006   Code   RO         5153    .ARM.Collect$$_printf_percent$$00000002  c_w.l(_printf_p.o)
    0x080001ac   0x080001ac   0x00000006   Code   RO         5158    .ARM.Collect$$_printf_percent$$00000003  c_w.l(_printf_f.o)
    0x080001b2   0x080001b2   0x00000006   Code   RO         5159    .ARM.Collect$$_printf_percent$$00000004  c_w.l(_printf_e.o)
    0x080001b8   0x080001b8   0x00000006   Code   RO         5160    .ARM.Collect$$_printf_percent$$00000005  c_w.l(_printf_g.o)
    0x080001be   0x080001be   0x00000006   Code   RO         5161    .ARM.Collect$$_printf_percent$$00000006  c_w.l(_printf_a.o)
    0x080001c4   0x080001c4   0x0000000a   Code   RO         5166    .ARM.Collect$$_printf_percent$$00000007  c_w.l(_printf_ll.o)
    0x080001ce   0x080001ce   0x00000006   Code   RO         5155    .ARM.Collect$$_printf_percent$$00000008  c_w.l(_printf_i.o)
    0x080001d4   0x080001d4   0x00000006   Code   RO         5156    .ARM.Collect$$_printf_percent$$00000009  c_w.l(_printf_d.o)
    0x080001da   0x080001da   0x00000006   Code   RO         5157    .ARM.Collect$$_printf_percent$$0000000A  c_w.l(_printf_u.o)
    0x080001e0   0x080001e0   0x00000006   Code   RO         5154    .ARM.Collect$$_printf_percent$$0000000B  c_w.l(_printf_o.o)
    0x080001e6   0x080001e6   0x00000006   Code   RO         5152    .ARM.Collect$$_printf_percent$$0000000C  c_w.l(_printf_x.o)
    0x080001ec   0x080001ec   0x00000006   Code   RO         5163    .ARM.Collect$$_printf_percent$$0000000D  c_w.l(_printf_lli.o)
    0x080001f2   0x080001f2   0x00000006   Code   RO         5164    .ARM.Collect$$_printf_percent$$0000000E  c_w.l(_printf_lld.o)
    0x080001f8   0x080001f8   0x00000006   Code   RO         5165    .ARM.Collect$$_printf_percent$$0000000F  c_w.l(_printf_llu.o)
    0x080001fe   0x080001fe   0x00000006   Code   RO         5170    .ARM.Collect$$_printf_percent$$00000010  c_w.l(_printf_llo.o)
    0x08000204   0x08000204   0x00000006   Code   RO         5171    .ARM.Collect$$_printf_percent$$00000011  c_w.l(_printf_llx.o)
    0x0800020a   0x0800020a   0x0000000a   Code   RO         5167    .ARM.Collect$$_printf_percent$$00000012  c_w.l(_printf_l.o)
    0x08000214   0x08000214   0x00000006   Code   RO         5149    .ARM.Collect$$_printf_percent$$00000013  c_w.l(_printf_c.o)
    0x0800021a   0x0800021a   0x00000006   Code   RO         5150    .ARM.Collect$$_printf_percent$$00000014  c_w.l(_printf_s.o)
    0x08000220   0x08000220   0x00000006   Code   RO         5168    .ARM.Collect$$_printf_percent$$00000015  c_w.l(_printf_lc.o)
    0x08000226   0x08000226   0x00000006   Code   RO         5169    .ARM.Collect$$_printf_percent$$00000016  c_w.l(_printf_ls.o)
    0x0800022c   0x0800022c   0x00000004   Code   RO         5225    .ARM.Collect$$_printf_percent$$00000017  c_w.l(_printf_percent_end.o)
    0x08000230   0x08000230   0x00000002   Code   RO         5278    .ARM.Collect$$libinit$$00000000  c_w.l(libinit.o)
    0x08000232   0x08000232   0x00000000   Code   RO         5300    .ARM.Collect$$libinit$$00000002  c_w.l(libinit2.o)
    0x08000232   0x08000232   0x00000000   Code   RO         5302    .ARM.Collect$$libinit$$00000004  c_w.l(libinit2.o)
    0x08000232   0x08000232   0x00000000   Code   RO         5305    .ARM.Collect$$libinit$$0000000A  c_w.l(libinit2.o)
    0x08000232   0x08000232   0x00000000   Code   RO         5307    .ARM.Collect$$libinit$$0000000C  c_w.l(libinit2.o)
    0x08000232   0x08000232   0x00000000   Code   RO         5309    .ARM.Collect$$libinit$$0000000E  c_w.l(libinit2.o)
    0x08000232   0x08000232   0x00000006   Code   RO         5310    .ARM.Collect$$libinit$$0000000F  c_w.l(libinit2.o)
    0x08000238   0x08000238   0x00000000   Code   RO         5312    .ARM.Collect$$libinit$$00000011  c_w.l(libinit2.o)
    0x08000238   0x08000238   0x0000000c   Code   RO         5313    .ARM.Collect$$libinit$$00000012  c_w.l(libinit2.o)
    0x08000244   0x08000244   0x00000000   Code   RO         5314    .ARM.Collect$$libinit$$00000013  c_w.l(libinit2.o)
    0x08000244   0x08000244   0x00000000   Code   RO         5316    .ARM.Collect$$libinit$$00000015  c_w.l(libinit2.o)
    0x08000244   0x08000244   0x0000000a   Code   RO         5317    .ARM.Collect$$libinit$$00000016  c_w.l(libinit2.o)
    0x0800024e   0x0800024e   0x00000000   Code   RO         5318    .ARM.Collect$$libinit$$00000017  c_w.l(libinit2.o)
    0x0800024e   0x0800024e   0x00000000   Code   RO         5320    .ARM.Collect$$libinit$$00000019  c_w.l(libinit2.o)
    0x0800024e   0x0800024e   0x00000000   Code   RO         5322    .ARM.Collect$$libinit$$0000001B  c_w.l(libinit2.o)
    0x0800024e   0x0800024e   0x00000000   Code   RO         5324    .ARM.Collect$$libinit$$0000001D  c_w.l(libinit2.o)
    0x0800024e   0x0800024e   0x00000000   Code   RO         5326    .ARM.Collect$$libinit$$0000001F  c_w.l(libinit2.o)
    0x0800024e   0x0800024e   0x00000000   Code   RO         5328    .ARM.Collect$$libinit$$00000021  c_w.l(libinit2.o)
    0x0800024e   0x0800024e   0x00000000   Code   RO         5330    .ARM.Collect$$libinit$$00000023  c_w.l(libinit2.o)
    0x0800024e   0x0800024e   0x00000000   Code   RO         5332    .ARM.Collect$$libinit$$00000025  c_w.l(libinit2.o)
    0x0800024e   0x0800024e   0x00000000   Code   RO         5336    .ARM.Collect$$libinit$$0000002C  c_w.l(libinit2.o)
    0x0800024e   0x0800024e   0x00000000   Code   RO         5338    .ARM.Collect$$libinit$$0000002E  c_w.l(libinit2.o)
    0x0800024e   0x0800024e   0x00000000   Code   RO         5340    .ARM.Collect$$libinit$$00000030  c_w.l(libinit2.o)
    0x0800024e   0x0800024e   0x00000000   Code   RO         5342    .ARM.Collect$$libinit$$00000032  c_w.l(libinit2.o)
    0x0800024e   0x0800024e   0x00000002   Code   RO         5343    .ARM.Collect$$libinit$$00000033  c_w.l(libinit2.o)
    0x08000250   0x08000250   0x00000002   Code   RO         5374    .ARM.Collect$$libshutdown$$00000000  c_w.l(libshutdown.o)
    0x08000252   0x08000252   0x00000000   Code   RO         5400    .ARM.Collect$$libshutdown$$00000002  c_w.l(libshutdown2.o)
    0x08000252   0x08000252   0x00000000   Code   RO         5402    .ARM.Collect$$libshutdown$$00000004  c_w.l(libshutdown2.o)
    0x08000252   0x08000252   0x00000000   Code   RO         5405    .ARM.Collect$$libshutdown$$00000007  c_w.l(libshutdown2.o)
    0x08000252   0x08000252   0x00000000   Code   RO         5408    .ARM.Collect$$libshutdown$$0000000A  c_w.l(libshutdown2.o)
    0x08000252   0x08000252   0x00000000   Code   RO         5410    .ARM.Collect$$libshutdown$$0000000C  c_w.l(libshutdown2.o)
    0x08000252   0x08000252   0x00000000   Code   RO         5413    .ARM.Collect$$libshutdown$$0000000F  c_w.l(libshutdown2.o)
    0x08000252   0x08000252   0x00000002   Code   RO         5414    .ARM.Collect$$libshutdown$$00000010  c_w.l(libshutdown2.o)
    0x08000254   0x08000254   0x00000000   Code   RO         5076    .ARM.Collect$$rtentry$$00000000  c_w.l(__rtentry.o)
    0x08000254   0x08000254   0x00000000   Code   RO         5194    .ARM.Collect$$rtentry$$00000002  c_w.l(__rtentry2.o)
    0x08000254   0x08000254   0x00000006   Code   RO         5206    .ARM.Collect$$rtentry$$00000004  c_w.l(__rtentry4.o)
    0x0800025a   0x0800025a   0x00000000   Code   RO         5196    .ARM.Collect$$rtentry$$00000009  c_w.l(__rtentry2.o)
    0x0800025a   0x0800025a   0x00000004   Code   RO         5197    .ARM.Collect$$rtentry$$0000000A  c_w.l(__rtentry2.o)
    0x0800025e   0x0800025e   0x00000000   Code   RO         5199    .ARM.Collect$$rtentry$$0000000C  c_w.l(__rtentry2.o)
    0x0800025e   0x0800025e   0x00000008   Code   RO         5200    .ARM.Collect$$rtentry$$0000000D  c_w.l(__rtentry2.o)
    0x08000266   0x08000266   0x00000002   Code   RO         5286    .ARM.Collect$$rtexit$$00000000  c_w.l(rtexit.o)
    0x08000268   0x08000268   0x00000000   Code   RO         5347    .ARM.Collect$$rtexit$$00000002  c_w.l(rtexit2.o)
    0x08000268   0x08000268   0x00000004   Code   RO         5348    .ARM.Collect$$rtexit$$00000003  c_w.l(rtexit2.o)
    0x0800026c   0x0800026c   0x00000006   Code   RO         5349    .ARM.Collect$$rtexit$$00000004  c_w.l(rtexit2.o)
    0x08000272   0x08000272   0x00000002   PAD
    0x08000274   0x08000274   0x00000040   Code   RO            4    .text               startup_stm32f10x_md.o
    0x080002b4   0x080002b4   0x000000ee   Code   RO         5024    .text               c_w.l(lludivv7m.o)
    0x080003a2   0x080003a2   0x00000002   PAD
    0x080003a4   0x080003a4   0x00000024   Code   RO         5026    .text               c_w.l(vsprintf.o)
    0x080003c8   0x080003c8   0x00000006   Code   RO         5028    .text               c_w.l(heapauxi.o)
    0x080003ce   0x080003ce   0x0000004e   Code   RO         5083    .text               c_w.l(_printf_pad.o)
    0x0800041c   0x0800041c   0x00000024   Code   RO         5085    .text               c_w.l(_printf_truncate.o)
    0x08000440   0x08000440   0x00000052   Code   RO         5087    .text               c_w.l(_printf_str.o)
    0x08000492   0x08000492   0x00000002   PAD
    0x08000494   0x08000494   0x00000078   Code   RO         5089    .text               c_w.l(_printf_dec.o)
    0x0800050c   0x0800050c   0x00000028   Code   RO         5091    .text               c_w.l(_printf_charcount.o)
    0x08000534   0x08000534   0x00000030   Code   RO         5093    .text               c_w.l(_printf_char_common.o)
    0x08000564   0x08000564   0x0000000a   Code   RO         5095    .text               c_w.l(_sputc.o)
    0x0800056e   0x0800056e   0x00000002   PAD
    0x08000570   0x08000570   0x000000bc   Code   RO         5097    .text               c_w.l(_printf_wctomb.o)
    0x0800062c   0x0800062c   0x0000007c   Code   RO         5100    .text               c_w.l(_printf_longlong_dec.o)
    0x080006a8   0x080006a8   0x00000070   Code   RO         5106    .text               c_w.l(_printf_oct_int_ll.o)
    0x08000718   0x08000718   0x00000094   Code   RO         5126    .text               c_w.l(_printf_hex_int_ll_ptr.o)
    0x080007ac   0x080007ac   0x00000188   Code   RO         5146    .text               c_w.l(__printf_flags_ss_wp.o)
    0x08000934   0x08000934   0x0000008a   Code   RO         5210    .text               c_w.l(lludiv10.o)
    0x080009be   0x080009be   0x000000b2   Code   RO         5212    .text               c_w.l(_printf_intcommon.o)
    0x08000a70   0x08000a70   0x0000041e   Code   RO         5214    .text               c_w.l(_printf_fp_dec.o)
    0x08000e8e   0x08000e8e   0x00000002   PAD
    0x08000e90   0x08000e90   0x000002fc   Code   RO         5216    .text               c_w.l(_printf_fp_hex.o)
    0x0800118c   0x0800118c   0x0000002c   Code   RO         5221    .text               c_w.l(_printf_char.o)
    0x080011b8   0x080011b8   0x0000002c   Code   RO         5223    .text               c_w.l(_printf_wchar.o)
    0x080011e4   0x080011e4   0x00000040   Code   RO         5226    .text               c_w.l(_wcrtomb.o)
    0x08001224   0x08001224   0x0000004a   Code   RO         5228    .text               c_w.l(sys_stackheap_outer.o)
    0x0800126e   0x0800126e   0x00000002   PAD
    0x08001270   0x08001270   0x00000010   Code   RO         5230    .text               c_w.l(rt_ctype_table.o)
    0x08001280   0x08001280   0x00000008   Code   RO         5235    .text               c_w.l(rt_locale_intlibspace.o)
    0x08001288   0x08001288   0x00000080   Code   RO         5237    .text               c_w.l(_printf_fp_infnan.o)
    0x08001308   0x08001308   0x000000e4   Code   RO         5239    .text               c_w.l(bigflt0.o)
    0x080013ec   0x080013ec   0x00000012   Code   RO         5267    .text               c_w.l(exit.o)
    0x080013fe   0x080013fe   0x00000002   PAD
    0x08001400   0x08001400   0x00000008   Code   RO         5283    .text               c_w.l(libspace.o)
    0x08001408   0x08001408   0x00000080   Code   RO         5297    .text               c_w.l(strcmpv7m.o)
    0x08001488   0x08001488   0x0000000c   Code   RO         5344    .text               c_w.l(sys_exit.o)
    0x08001494   0x08001494   0x00000002   Code   RO         5363    .text               c_w.l(use_no_semi.o)
    0x08001496   0x08001496   0x00000000   Code   RO         5365    .text               c_w.l(indicate_semi.o)
    0x08001496   0x08001496   0x0000003e   Code   RO         5242    CL$$btod_d2e        c_w.l(btod.o)
    0x080014d4   0x080014d4   0x00000046   Code   RO         5244    CL$$btod_d2e_denorm_low  c_w.l(btod.o)
    0x0800151a   0x0800151a   0x00000060   Code   RO         5243    CL$$btod_d2e_norm_op1  c_w.l(btod.o)
    0x0800157a   0x0800157a   0x00000338   Code   RO         5252    CL$$btod_div_common  c_w.l(btod.o)
    0x080018b2   0x080018b2   0x000000dc   Code   RO         5249    CL$$btod_e2e        c_w.l(btod.o)
    0x0800198e   0x0800198e   0x0000002a   Code   RO         5246    CL$$btod_ediv       c_w.l(btod.o)
    0x080019b8   0x080019b8   0x0000002a   Code   RO         5245    CL$$btod_emul       c_w.l(btod.o)
    0x080019e2   0x080019e2   0x00000244   Code   RO         5251    CL$$btod_mult_common  c_w.l(btod.o)
    0x08001c26   0x08001c26   0x00000002   PAD
    0x08001c28   0x08001c28   0x00000040   Code   RO         4345    i.ADC1_2_IRQHandler  adc.o
    0x08001c68   0x08001c68   0x0000000a   Code   RO          120    i.ADC_ClearITPendingBit  stm32f10x_adc.o
    0x08001c72   0x08001c72   0x00000016   Code   RO          121    i.ADC_Cmd           stm32f10x_adc.o
    0x08001c88   0x08001c88   0x00000016   Code   RO          122    i.ADC_DMACmd        stm32f10x_adc.o
    0x08001c9e   0x08001c9e   0x00000014   Code   RO          129    i.ADC_GetCalibrationStatus  stm32f10x_adc.o
    0x08001cb2   0x08001cb2   0x00000008   Code   RO          130    i.ADC_GetConversionValue  stm32f10x_adc.o
    0x08001cba   0x08001cba   0x00000024   Code   RO          133    i.ADC_GetITStatus   stm32f10x_adc.o
    0x08001cde   0x08001cde   0x00000014   Code   RO          135    i.ADC_GetResetCalibrationStatus  stm32f10x_adc.o
    0x08001cf2   0x08001cf2   0x00000002   PAD
    0x08001cf4   0x08001cf4   0x00000050   Code   RO          139    i.ADC_Init          stm32f10x_adc.o
    0x08001d44   0x08001d44   0x000000b8   Code   RO          143    i.ADC_RegularChannelConfig  stm32f10x_adc.o
    0x08001dfc   0x08001dfc   0x0000000a   Code   RO          144    i.ADC_ResetCalibration  stm32f10x_adc.o
    0x08001e06   0x08001e06   0x00000016   Code   RO          146    i.ADC_SoftwareStartConvCmd  stm32f10x_adc.o
    0x08001e1c   0x08001e1c   0x0000000a   Code   RO          148    i.ADC_StartCalibration  stm32f10x_adc.o
    0x08001e26   0x08001e26   0x00000002   PAD
    0x08001e28   0x08001e28   0x00000020   Code   RO         4346    i.DMA1_Channel1_IRQHandler  adc.o
    0x08001e48   0x08001e48   0x0000001c   Code   RO          910    i.DMA_ClearITPendingBit  stm32f10x_dma.o
    0x08001e64   0x08001e64   0x00000018   Code   RO          911    i.DMA_Cmd           stm32f10x_dma.o
    0x08001e7c   0x08001e7c   0x0000014c   Code   RO          912    i.DMA_DeInit        stm32f10x_dma.o
    0x08001fc8   0x08001fc8   0x0000002c   Code   RO          915    i.DMA_GetITStatus   stm32f10x_dma.o
    0x08001ff4   0x08001ff4   0x0000003c   Code   RO          917    i.DMA_Init          stm32f10x_dma.o
    0x08002030   0x08002030   0x00000060   Code   RO         4180    i.EXTI15_10_IRQHandler  camera.o
    0x08002090   0x08002090   0x0000000c   Code   RO          994    i.EXTI_ClearITPendingBit  stm32f10x_exti.o
    0x0800209c   0x0800209c   0x00000028   Code   RO          998    i.EXTI_GetITStatus  stm32f10x_exti.o
    0x080020c4   0x080020c4   0x00000116   Code   RO         1383    i.GPIO_Init         stm32f10x_gpio.o
    0x080021da   0x080021da   0x00000002   PAD
    0x080021dc   0x080021dc   0x00000090   Code   RO         1385    i.GPIO_PinRemapConfig  stm32f10x_gpio.o
    0x0800226c   0x0800226c   0x00000004   Code   RO         1390    i.GPIO_ResetBits    stm32f10x_gpio.o
    0x08002270   0x08002270   0x00000004   Code   RO         1391    i.GPIO_SetBits      stm32f10x_gpio.o
    0x08002274   0x08002274   0x00000070   Code   RO           13    i.NVIC_Init         misc.o
    0x080022e4   0x080022e4   0x00000018   Code   RO         1854    i.RCC_ADCCLKConfig  stm32f10x_rcc.o
    0x080022fc   0x080022fc   0x00000020   Code   RO         1855    i.RCC_AHBPeriphClockCmd  stm32f10x_rcc.o
    0x0800231c   0x0800231c   0x00000020   Code   RO         1856    i.RCC_APB1PeriphClockCmd  stm32f10x_rcc.o
    0x0800233c   0x0800233c   0x00000020   Code   RO         1858    i.RCC_APB2PeriphClockCmd  stm32f10x_rcc.o
    0x0800235c   0x0800235c   0x000000d4   Code   RO         1866    i.RCC_GetClocksFreq  stm32f10x_rcc.o
    0x08002430   0x08002430   0x00000010   Code   RO         3839    i.SPI2_IRQHandler   spi.o
    0x08002440   0x08002440   0x00000018   Code   RO         2376    i.SPI_CalculateCRC  stm32f10x_spi.o
    0x08002458   0x08002458   0x00000018   Code   RO         2377    i.SPI_Cmd           stm32f10x_spi.o
    0x08002470   0x08002470   0x00000014   Code   RO         2382    i.SPI_I2S_ClearITPendingBit  stm32f10x_spi.o
    0x08002484   0x08002484   0x00000012   Code   RO         2385    i.SPI_I2S_GetFlagStatus  stm32f10x_spi.o
    0x08002496   0x08002496   0x00000034   Code   RO         2386    i.SPI_I2S_GetITStatus  stm32f10x_spi.o
    0x080024ca   0x080024ca   0x00000006   Code   RO         2388    i.SPI_I2S_ReceiveData  stm32f10x_spi.o
    0x080024d0   0x080024d0   0x00000004   Code   RO         2389    i.SPI_I2S_SendData  stm32f10x_spi.o
    0x080024d4   0x080024d4   0x0000003c   Code   RO         2390    i.SPI_Init          stm32f10x_spi.o
    0x08002510   0x08002510   0x00000018   Code   RO         2392    i.SPI_SSOutputCmd   stm32f10x_spi.o
    0x08002528   0x08002528   0x00000008   Code   RO         3352    i.SetSysClock       system_stm32f10x.o
    0x08002530   0x08002530   0x000000e0   Code   RO         3353    i.SetSysClockTo72   system_stm32f10x.o
    0x08002610   0x08002610   0x00000028   Code   RO         3398    i.SysTick_Handler   ticks.o
    0x08002638   0x08002638   0x00000060   Code   RO         3355    i.SystemInit        system_stm32f10x.o
    0x08002698   0x08002698   0x00000018   Code   RO         2532    i.TIM_ARRPreloadConfig  stm32f10x_tim.o
    0x080026b0   0x080026b0   0x00000018   Code   RO         2544    i.TIM_Cmd           stm32f10x_tim.o
    0x080026c8   0x080026c8   0x0000001e   Code   RO         2546    i.TIM_CtrlPWMOutputs  stm32f10x_tim.o
    0x080026e6   0x080026e6   0x00000002   PAD
    0x080026e8   0x080026e8   0x00000098   Code   RO         2573    i.TIM_OC1Init       stm32f10x_tim.o
    0x08002780   0x08002780   0x00000012   Code   RO         2576    i.TIM_OC1PreloadConfig  stm32f10x_tim.o
    0x08002792   0x08002792   0x00000002   PAD
    0x08002794   0x08002794   0x000000a4   Code   RO         2578    i.TIM_OC2Init       stm32f10x_tim.o
    0x08002838   0x08002838   0x0000001a   Code   RO         2581    i.TIM_OC2PreloadConfig  stm32f10x_tim.o
    0x08002852   0x08002852   0x00000002   PAD
    0x08002854   0x08002854   0x000000a0   Code   RO         2583    i.TIM_OC3Init       stm32f10x_tim.o
    0x080028f4   0x080028f4   0x00000012   Code   RO         2586    i.TIM_OC3PreloadConfig  stm32f10x_tim.o
    0x08002906   0x08002906   0x00000002   PAD
    0x08002908   0x08002908   0x0000007c   Code   RO         2588    i.TIM_OC4Init       stm32f10x_tim.o
    0x08002984   0x08002984   0x0000001a   Code   RO         2590    i.TIM_OC4PreloadConfig  stm32f10x_tim.o
    0x0800299e   0x0800299e   0x00000004   Code   RO         2609    i.TIM_SetCounter    stm32f10x_tim.o
    0x080029a2   0x080029a2   0x00000002   PAD
    0x080029a4   0x080029a4   0x000000a4   Code   RO         2615    i.TIM_TimeBaseInit  stm32f10x_tim.o
    0x08002a48   0x08002a48   0x00000010   Code   RO         3732    i.USART1_IRQHandler  uart.o
    0x08002a58   0x08002a58   0x00000010   Code   RO         3733    i.USART3_IRQHandler  uart.o
    0x08002a68   0x08002a68   0x0000001e   Code   RO         3092    i.USART_ClearITPendingBit  stm32f10x_usart.o
    0x08002a86   0x08002a86   0x00000018   Code   RO         3095    i.USART_Cmd         stm32f10x_usart.o
    0x08002a9e   0x08002a9e   0x0000001a   Code   RO         3098    i.USART_GetFlagStatus  stm32f10x_usart.o
    0x08002ab8   0x08002ab8   0x00000054   Code   RO         3099    i.USART_GetITStatus  stm32f10x_usart.o
    0x08002b0c   0x08002b0c   0x000000d8   Code   RO         3102    i.USART_Init        stm32f10x_usart.o
    0x08002be4   0x08002be4   0x0000000a   Code   RO         3109    i.USART_ReceiveData  stm32f10x_usart.o
    0x08002bee   0x08002bee   0x00000008   Code   RO         3112    i.USART_SendData    stm32f10x_usart.o
    0x08002bf6   0x08002bf6   0x00000028   Code   RO         5281    i.__ARM_fpclassify  m_ws.l(fpclassify.o)
    0x08002c1e   0x08002c1e   0x0000000e   Code   RO         5139    i._is_digit         c_w.l(__printf_wp.o)
    0x08002c2c   0x08002c2c   0x0000004c   Code   RO         4347    i.adc_channel_init  adc.o
    0x08002c78   0x08002c78   0x00000068   Code   RO         4348    i.adc_dma_init      adc.o
    0x08002ce0   0x08002ce0   0x000000bc   Code   RO         4349    i.adc_init          adc.o
    0x08002d9c   0x08002d9c   0x00000002   Code   RO         4350    i.adc_it_init       adc.o
    0x08002d9e   0x08002d9e   0x00000002   PAD
    0x08002da0   0x08002da0   0x00000040   Code   RO         4414    i.adc_rcc_init      rcc.o
    0x08002de0   0x08002de0   0x0000000c   Code   RO         4415    i.afio_rcc_init     rcc.o
    0x08002dec   0x08002dec   0x00000014   Code   RO         3399    i.delay             ticks.o
    0x08002e00   0x08002e00   0x0000002c   Code   RO         4416    i.dma_rcc_init      rcc.o
    0x08002e2c   0x08002e2c   0x00000010   Code   RO         4351    i.get_adc           adc.o
    0x08002e3c   0x08002e3c   0x0000000c   Code   RO         3400    i.get_ticks         ticks.o
    0x08002e48   0x08002e48   0x00000020   Code   RO         3462    i.gpio_init         pwm.o
    0x08002e68   0x08002e68   0x00000020   Code   RO         3734    i.gpio_init         uart.o
    0x08002e88   0x08002e88   0x00000020   Code   RO         3840    i.gpio_init         spi.o
    0x08002ea8   0x08002ea8   0x00000020   Code   RO         3955    i.gpio_init         lcd_main.o
    0x08002ec8   0x08002ec8   0x00000020   Code   RO         4559    i.gpio_init         oled.o
    0x08002ee8   0x08002ee8   0x0000000e   Code   RO         3956    i.gpio_reset        lcd_main.o
    0x08002ef6   0x08002ef6   0x0000000e   Code   RO         4560    i.gpio_reset        oled.o
    0x08002f04   0x08002f04   0x0000000e   Code   RO         3957    i.gpio_set          lcd_main.o
    0x08002f12   0x08002f12   0x0000000e   Code   RO         4561    i.gpio_set          oled.o
    0x08002f20   0x08002f20   0x0000001c   Code   RO         3463    i.gpio_write        pwm.o
    0x08002f3c   0x08002f3c   0x00000012   Code   RO         3572    i.led_on            leds.o
    0x08002f4e   0x08002f4e   0x00000002   PAD
    0x08002f50   0x08002f50   0x000000f8   Code   RO         4766    i.mag_compare       main.o
    0x08003048   0x08003048   0x0000008c   Code   RO         4767    i.mag_read          main.o
    0x080030d4   0x080030d4   0x00000194   Code   RO         4768    i.main              main.o
    0x08003268   0x08003268   0x0000001a   Code   RO         3464    i.motor_control     pwm.o
    0x08003282   0x08003282   0x00000002   PAD
    0x08003284   0x08003284   0x00000044   Code   RO         3465    i.motor_init        pwm.o
    0x080032c8   0x080032c8   0x00000054   Code   RO         4769    i.motor_move        main.o
    0x0800331c   0x0800331c   0x00000020   Code   RO         4562    i.oled_clear        oled.o
    0x0800333c   0x0800333c   0x000000d8   Code   RO         4564    i.oled_init         oled.o
    0x08003414   0x08003414   0x0000021c   Code   RO         4770    i.proportion_cal    main.o
    0x08003630   0x08003630   0x00000006   Code   RO         3466    i.pwm_control       pwm.o
    0x08003636   0x08003636   0x000000ea   Code   RO         3467    i.pwm_init          pwm.o
    0x08003720   0x08003720   0x00000030   Code   RO         4418    i.rcc_init          rcc.o
    0x08003750   0x08003750   0x00000028   Code   RO         4573    i.reset             oled.o
    0x08003778   0x08003778   0x00000010   Code   RO         3470    i.servo_control     pwm.o
    0x08003788   0x08003788   0x00000034   Code   RO         3471    i.servo_init        pwm.o
    0x080037bc   0x080037bc   0x00000030   Code   RO         4574    i.set_region        oled.o
    0x080037ec   0x080037ec   0x00000264   Code   RO         3842    i.spi_init          spi.o
    0x08003a50   0x08003a50   0x00000048   Code   RO         3843    i.spi_irq_handler   spi.o
    0x08003a98   0x08003a98   0x00000040   Code   RO         4419    i.spi_rcc_init      rcc.o
    0x08003ad8   0x08003ad8   0x0000001e   Code   RO         3853    i.spi_tx            spi.o
    0x08003af6   0x08003af6   0x00000002   PAD
    0x08003af8   0x08003af8   0x0000009c   Code   RO         4486    i.sqrt              math.o
    0x08003b94   0x08003b94   0x000000dc   Code   RO         3958    i.tft_char_is_changed  lcd_main.o
    0x08003c70   0x08003c70   0x00000028   Code   RO         3959    i.tft_clear         lcd_main.o
    0x08003c98   0x08003c98   0x00000094   Code   RO         3960    i.tft_clear_line    lcd_main.o
    0x08003d2c   0x08003d2c   0x00000068   Code   RO         3961    i.tft_config        lcd_main.o
    0x08003d94   0x08003d94   0x0000000c   Code   RO         3963    i.tft_enable        lcd_main.o
    0x08003da0   0x08003da0   0x00000048   Code   RO         3964    i.tft_fill_color    lcd_main.o
    0x08003de8   0x08003de8   0x00000028   Code   RO         3969    i.tft_incr_line     lcd_main.o
    0x08003e10   0x08003e10   0x000000e4   Code   RO         3970    i.tft_init          lcd_main.o
    0x08003ef4   0x08003ef4   0x0000004c   Code   RO         3973    i.tft_prints        lcd_main.o
    0x08003f40   0x08003f40   0x00000020   Code   RO         3975    i.tft_reset         lcd_main.o
    0x08003f60   0x08003f60   0x0000000c   Code   RO         3976    i.tft_set_bg_color  lcd_main.o
    0x08003f6c   0x08003f6c   0x0000015c   Code   RO         3977    i.tft_set_buffer    lcd_main.o
    0x080040c8   0x080040c8   0x0000000c   Code   RO         3978    i.tft_set_highlight_color  lcd_main.o
    0x080040d4   0x080040d4   0x000000a4   Code   RO         3979    i.tft_set_region    lcd_main.o
    0x08004178   0x08004178   0x0000000c   Code   RO         3980    i.tft_set_special_color  lcd_main.o
    0x08004184   0x08004184   0x0000000c   Code   RO         3981    i.tft_set_text_color  lcd_main.o
    0x08004190   0x08004190   0x00000034   Code   RO         3982    i.tft_spi_init      lcd_main.o
    0x080041c4   0x080041c4   0x00000178   Code   RO         3983    i.tft_update        lcd_main.o
    0x0800433c   0x0800433c   0x00000012   Code   RO         3984    i.tft_write_color   lcd_main.o
    0x0800434e   0x0800434e   0x00000002   PAD
    0x08004350   0x08004350   0x0000001c   Code   RO         3985    i.tft_write_command  lcd_main.o
    0x0800436c   0x0800436c   0x0000001c   Code   RO         3986    i.tft_write_data    lcd_main.o
    0x08004388   0x08004388   0x00000084   Code   RO         3402    i.ticks_init        ticks.o
    0x0800440c   0x0800440c   0x00000154   Code   RO         4420    i.tim_rcc_init      rcc.o
    0x08004560   0x08004560   0x0000020c   Code   RO         3736    i.uart_init         uart.o
    0x0800476c   0x0800476c   0x0000004e   Code   RO         3737    i.uart_irq_handler  uart.o
    0x080047ba   0x080047ba   0x00000002   PAD
    0x080047bc   0x080047bc   0x00000068   Code   RO         4421    i.uart_rcc_init     rcc.o
    0x08004824   0x08004824   0x00000026   Code   RO         3739    i.uart_tx_byte      uart.o
    0x0800484a   0x0800484a   0x0000003e   Code   RO         3743    i.uart_tx_str       uart.o
    0x08004888   0x08004888   0x0000002c   Code   RO         4576    i.write_command     oled.o
    0x080048b4   0x080048b4   0x0000002c   Code   RO         4577    i.write_data        oled.o
    0x080048e0   0x080048e0   0x0000002c   Code   RO         5265    locale$$code        c_w.l(lc_numeric_c.o)
    0x0800490c   0x0800490c   0x0000002c   Code   RO         5291    locale$$code        c_w.l(lc_ctype_c.o)
    0x08004938   0x08004938   0x00000018   Code   RO         5172    x$fpl$dcmpinf       fz_ws.l(dcmpi.o)
    0x08004950   0x08004950   0x000002b0   Code   RO         5033    x$fpl$ddiv          fz_ws.l(ddiv.o)
    0x08004c00   0x08004c00   0x0000005e   Code   RO         5036    x$fpl$dfix          fz_ws.l(dfix.o)
    0x08004c5e   0x08004c5e   0x00000002   PAD
    0x08004c60   0x08004c60   0x0000005a   Code   RO         5040    x$fpl$dfixu         fz_ws.l(dfixu.o)
    0x08004cba   0x08004cba   0x0000002e   Code   RO         5045    x$fpl$dflt          fz_ws.l(dflt_clz.o)
    0x08004ce8   0x08004ce8   0x00000026   Code   RO         5044    x$fpl$dfltu         fz_ws.l(dflt_clz.o)
    0x08004d0e   0x08004d0e   0x00000002   PAD
    0x08004d10   0x08004d10   0x00000078   Code   RO         5050    x$fpl$dleqf         fz_ws.l(dleqf.o)
    0x08004d88   0x08004d88   0x00000154   Code   RO         5052    x$fpl$dmul          fz_ws.l(dmul.o)
    0x08004edc   0x08004edc   0x0000009c   Code   RO         5174    x$fpl$dnaninf       fz_ws.l(dnaninf.o)
    0x08004f78   0x08004f78   0x0000000c   Code   RO         5176    x$fpl$dretinf       fz_ws.l(dretinf.o)
    0x08004f84   0x08004f84   0x00000018   Code   RO         5178    x$fpl$fcmpinf       fz_ws.l(fcmpi.o)
    0x08004f9c   0x08004f9c   0x00000184   Code   RO         5055    x$fpl$fdiv          fz_ws.l(fdiv.o)
    0x08005120   0x08005120   0x00000036   Code   RO         5058    x$fpl$ffix          fz_ws.l(ffix.o)
    0x08005156   0x08005156   0x00000002   PAD
    0x08005158   0x08005158   0x0000003e   Code   RO         5062    x$fpl$ffixu         fz_ws.l(ffixu.o)
    0x08005196   0x08005196   0x00000002   PAD
    0x08005198   0x08005198   0x00000030   Code   RO         5067    x$fpl$fflt          fz_ws.l(fflt_clz.o)
    0x080051c8   0x080051c8   0x00000068   Code   RO         5072    x$fpl$fleqf         fz_ws.l(fleqf.o)
    0x08005230   0x08005230   0x00000102   Code   RO         5074    x$fpl$fmul          fz_ws.l(fmul.o)
    0x08005332   0x08005332   0x0000008c   Code   RO         5180    x$fpl$fnaninf       fz_ws.l(fnaninf.o)
    0x080053be   0x080053be   0x0000000a   Code   RO         5182    x$fpl$fretinf       fz_ws.l(fretinf.o)
    0x080053c8   0x080053c8   0x00000004   Code   RO         5184    x$fpl$printf1       fz_ws.l(printf1.o)
    0x080053cc   0x080053cc   0x00000004   Code   RO         5186    x$fpl$printf2       fz_ws.l(printf2.o)
    0x080053d0   0x080053d0   0x00000000   Code   RO         5192    x$fpl$usenofp       fz_ws.l(usenofp.o)
    0x080053d0   0x080053d0   0x000000ec   Data   RO         3472    .constdata          pwm.o
    0x080054bc   0x080054bc   0x00000020   Data   RO         3744    .constdata          uart.o
    0x080054dc   0x080054dc   0x00000018   Data   RO         3854    .constdata          spi.o
    0x080054f4   0x080054f4   0x00000085   Data   RO         3988    .constdata          lcd_main.o
    0x08005579   0x08005579   0x00000003   PAD
    0x0800557c   0x0800557c   0x00000040   Data   RO         4353    .constdata          adc.o
    0x080055bc   0x080055bc   0x00000510   Data   RO         4579    .constdata          oled.o
    0x08005acc   0x08005acc   0x00000016   Data   RO         4771    .constdata          main.o
    0x08005ae2   0x08005ae2   0x00000002   PAD
    0x08005ae4   0x08005ae4   0x00000008   Data   RO         5098    .constdata          c_w.l(_printf_wctomb.o)
    0x08005aec   0x08005aec   0x00000028   Data   RO         5127    .constdata          c_w.l(_printf_hex_int_ll_ptr.o)
    0x08005b14   0x08005b14   0x00000011   Data   RO         5147    .constdata          c_w.l(__printf_flags_ss_wp.o)
    0x08005b25   0x08005b25   0x00000026   Data   RO         5217    .constdata          c_w.l(_printf_fp_hex.o)
    0x08005b4b   0x08005b4b   0x00000001   PAD
    0x08005b4c   0x08005b4c   0x00000094   Data   RO         5240    .constdata          c_w.l(bigflt0.o)
    0x08005be0   0x08005be0   0x00000020   Data   RO         5415    Region$$Table       anon$$obj.o
    0x08005c00   0x08005c00   0x0000001c   Data   RO         5264    locale$$data        c_w.l(lc_numeric_c.o)
    0x08005c1c   0x08005c1c   0x00000110   Data   RO         5290    locale$$data        c_w.l(lc_ctype_c.o)


    Execution Region RW_IRAM1 (Exec base: 0x20000000, Load base: 0x08005d2c, Size: 0x00001640, Max: 0x00010000, ABSOLUTE, COMPRESSED[0x000003c8])

    Exec Addr    Load Addr    Size         Type   Attr      Idx    E Section Name        Object

    0x20000000   COMPRESSED   0x00000014   Data   RW         1886    .data               stm32f10x_rcc.o
    0x20000014   COMPRESSED   0x00000014   Data   RW         3356    .data               system_stm32f10x.o
    0x20000028   COMPRESSED   0x00000009   Data   RW         3404    .data               ticks.o
    0x20000031   COMPRESSED   0x00000003   PAD
    0x20000034   COMPRESSED   0x00000030   Data   RW         3745    .data               uart.o
    0x20000064   COMPRESSED   0x0000001c   Data   RW         3855    .data               spi.o
    0x20000080   COMPRESSED   0x00000615   Data   RW         3989    .data               lcd_main.o
    0x20000695   COMPRESSED   0x0000009d   Data   RW         4204    .data               camera.o
    0x20000732   COMPRESSED   0x00000002   PAD
    0x20000734   COMPRESSED   0x00000055   Data   RW         4354    .data               adc.o
    0x20000789   COMPRESSED   0x00000007   PAD
    0x20000790   COMPRESSED   0x00000020   Data   RW         4772    .data               main.o
    0x200007b0        -       0x000007d0   Zero   RW         3987    .bss                lcd_main.o
    0x20000f80        -       0x00000060   Zero   RW         4352    .bss                adc.o
    0x20000fe0        -       0x00000060   Zero   RW         5284    .bss                c_w.l(libspace.o)
    0x20001040        -       0x00000200   Zero   RW            2    HEAP                startup_stm32f10x_md.o
    0x20001240        -       0x00000400   Zero   RW            1    STACK               startup_stm32f10x_md.o


==============================================================================

Image component sizes


      Code (inc. data)   RO Data    RW Data    ZI Data      Debug   Object Name

       482         60         64         85         96       6043   adc.o
        96         12          0        157          0       7762   camera.o
      2094        282        133       1557       2000      17388   lcd_main.o
        18          0          0          0          0       1793   leds.o
      1416        246         22         32          0       5387   main.o
       156          4          0          0          0        559   math.o
       112         12          0          0          0     249992   misc.o
       484         38       1296          0          0       5197   oled.o
       462         18        236          0          0       7349   pwm.o
       676        116          0          0          0       3759   rcc.o
       762         82         24         28          0       4928   spi.o
        64         26        236          0       1536        832   startup_stm32f10x_md.o
       444         10          0          0          0      17764   stm32f10x_adc.o
       488         26          0          0          0       4352   stm32f10x_dma.o
        52         12          0          0          0       1060   stm32f10x_exti.o
       430          6          0          0          0       3698   stm32f10x_gpio.o
       332         44          0         20          0       5313   stm32f10x_rcc.o
       232          0          0          0          0       5917   stm32f10x_spi.o
       934         92          0          0          0      28426   stm32f10x_tim.o
       398          6          0          0          0       5678   stm32f10x_usart.o
       328         28          0         20          0       2145   system_stm32f10x.o
       204         38          0          9          0      27722   ticks.o
       766         90         32         48          0       6595   uart.o

    ----------------------------------------------------------------------
     11458       1248       2080       1968       3632     419659   Object Totals
         0          0         32          0          0          0   (incl. Generated)
        28          0          5         12          0          0   (incl. Padding)

    ----------------------------------------------------------------------

      Code (inc. data)   RO Data    RW Data    ZI Data      Debug   Library Member Name

        90          0          0          0          0          0   __dczerorl2.o
         8          0          0          0          0         68   __main.o
       392          4         17          0          0         92   __printf_flags_ss_wp.o
        14          0          0          0          0         68   __printf_wp.o
         0          0          0          0          0          0   __rtentry.o
        12          0          0          0          0          0   __rtentry2.o
         6          0          0          0          0          0   __rtentry4.o
        52          8          0          0          0          0   __scatter.o
        28          0          0          0          0          0   __scatter_zi.o
         6          0          0          0          0          0   _printf_a.o
         6          0          0          0          0          0   _printf_c.o
        44          0          0          0          0        108   _printf_char.o
        48          6          0          0          0         96   _printf_char_common.o
        40          0          0          0          0         68   _printf_charcount.o
         6          0          0          0          0          0   _printf_d.o
       120         16          0          0          0         92   _printf_dec.o
         6          0          0          0          0          0   _printf_e.o
         6          0          0          0          0          0   _printf_f.o
      1054          0          0          0          0        216   _printf_fp_dec.o
       764          8         38          0          0        100   _printf_fp_hex.o
       128         16          0          0          0         84   _printf_fp_infnan.o
         6          0          0          0          0          0   _printf_g.o
       148          4         40          0          0        160   _printf_hex_int_ll_ptr.o
         6          0          0          0          0          0   _printf_i.o
       178          0          0          0          0         88   _printf_intcommon.o
        10          0          0          0          0          0   _printf_l.o
         6          0          0          0          0          0   _printf_lc.o
        10          0          0          0          0          0   _printf_ll.o
         6          0          0          0          0          0   _printf_lld.o
         6          0          0          0          0          0   _printf_lli.o
         6          0          0          0          0          0   _printf_llo.o
         6          0          0          0          0          0   _printf_llu.o
         6          0          0          0          0          0   _printf_llx.o
       124         16          0          0          0         92   _printf_longlong_dec.o
         6          0          0          0          0          0   _printf_ls.o
         6          0          0          0          0          0   _printf_n.o
         6          0          0          0          0          0   _printf_o.o
       112         10          0          0          0        124   _printf_oct_int_ll.o
         6          0          0          0          0          0   _printf_p.o
        78          0          0          0          0        108   _printf_pad.o
         0          0          0          0          0          0   _printf_percent.o
         4          0          0          0          0          0   _printf_percent_end.o
         6          0          0          0          0          0   _printf_s.o
        82          0          0          0          0         80   _printf_str.o
        36          0          0          0          0         84   _printf_truncate.o
         6          0          0          0          0          0   _printf_u.o
        44          0          0          0          0        108   _printf_wchar.o
       188          6          8          0          0         92   _printf_wctomb.o
         6          0          0          0          0          0   _printf_x.o
        10          0          0          0          0         68   _sputc.o
        64          0          0          0          0         92   _wcrtomb.o
       228          4        148          0          0         96   bigflt0.o
      1936        128          0          0          0        672   btod.o
        18          0          0          0          0         80   exit.o
         6          0          0          0          0        152   heapauxi.o
         0          0          0          0          0          0   indicate_semi.o
        44         10        272          0          0         76   lc_ctype_c.o
        44         10         28          0          0         76   lc_numeric_c.o
         2          0          0          0          0          0   libinit.o
        30          0          0          0          0          0   libinit2.o
         2          0          0          0          0          0   libshutdown.o
         2          0          0          0          0          0   libshutdown2.o
         8          4          0          0         96         68   libspace.o
       138          0          0          0          0         80   lludiv10.o
       238          0          0          0          0        100   lludivv7m.o
        16          4          0          0          0         76   rt_ctype_table.o
         8          4          0          0          0         68   rt_locale_intlibspace.o
         2          0          0          0          0          0   rtexit.o
        10          0          0          0          0          0   rtexit2.o
       128          0          0          0          0         68   strcmpv7m.o
        12          4          0          0          0         68   sys_exit.o
        74          0          0          0          0         80   sys_stackheap_outer.o
         2          0          0          0          0         68   use_no_semi.o
        36          4          0          0          0         76   vsprintf.o
        24          0          0          0          0         68   dcmpi.o
       688        140          0          0          0        208   ddiv.o
        94          4          0          0          0         92   dfix.o
        90          4          0          0          0         92   dfixu.o
        84          0          0          0          0        136   dflt_clz.o
       120          4          0          0          0         92   dleqf.o
       340         12          0          0          0        104   dmul.o
       156          4          0          0          0         92   dnaninf.o
        12          0          0          0          0         68   dretinf.o
        24          0          0          0          0         68   fcmpi.o
       388         76          0          0          0         96   fdiv.o
        54          4          0          0          0         84   ffix.o
        62          4          0          0          0         84   ffixu.o
        48          0          0          0          0         68   fflt_clz.o
       104          4          0          0          0         84   fleqf.o
       258          4          0          0          0         84   fmul.o
       140          4          0          0          0         84   fnaninf.o
        10          0          0          0          0         68   fretinf.o
         4          0          0          0          0         68   printf1.o
         4          0          0          0          0         68   printf2.o
         0          0          0          0          0          0   usenofp.o
        40          0          0          0          0         68   fpclassify.o

    ----------------------------------------------------------------------
      9762        530        552          0         96       5868   Library Totals
        26          0          1          0          0          0   (incl. Padding)

    ----------------------------------------------------------------------

      Code (inc. data)   RO Data    RW Data    ZI Data      Debug   Library Name

      6992        266        551          0         96       3992   c_w.l
      2704        264          0          0          0       1808   fz_ws.l
        40          0          0          0          0         68   m_ws.l

    ----------------------------------------------------------------------
      9762        530        552          0         96       5868   Library Totals

    ----------------------------------------------------------------------

==============================================================================


      Code (inc. data)   RO Data    RW Data    ZI Data      Debug   

     21220       1778       2632       1968       3728     415175   Grand Totals
     21220       1778       2632        968       3728     415175   ELF Image Totals (compressed)
     21220       1778       2632        968          0          0   ROM Totals

==============================================================================

    Total RO  Size (Code + RO Data)                23852 (  23.29kB)
    Total RW  Size (RW Data + ZI Data)              5696 (   5.56kB)
    Total ROM Size (Code + RO Data + RW Data)      24820 (  24.24kB)

==============================================================================

