Component: ARM Compiler 5.06 update 6 (build 750) Tool: armlink [4d35ed]

==============================================================================

Section Cross References

    startup_stm32f10x_md.o(STACK) refers (Special) to heapauxi.o(.text) for __use_two_region_memory
    startup_stm32f10x_md.o(HEAP) refers (Special) to heapauxi.o(.text) for __use_two_region_memory
    startup_stm32f10x_md.o(RESET) refers (Special) to heapauxi.o(.text) for __use_two_region_memory
    startup_stm32f10x_md.o(RESET) refers to startup_stm32f10x_md.o(STACK) for __initial_sp
    startup_stm32f10x_md.o(RESET) refers to startup_stm32f10x_md.o(.text) for Reset_Handler
    startup_stm32f10x_md.o(RESET) refers to ticks.o(i.SysTick_Handler) for SysTick_Handler
    startup_stm32f10x_md.o(RESET) refers to adc.o(i.DMA1_Channel1_IRQHandler) for DMA1_Channel1_IRQHandler
    startup_stm32f10x_md.o(RESET) refers to adc.o(i.ADC1_2_IRQHandler) for ADC1_2_IRQHandler
    startup_stm32f10x_md.o(RESET) refers to gpio.o(i.EXTI9_5_IRQHandler) for EXTI9_5_IRQHandler
    startup_stm32f10x_md.o(RESET) refers to spi.o(i.SPI2_IRQHandler) for SPI2_IRQHandler
    startup_stm32f10x_md.o(RESET) refers to uart.o(i.USART1_IRQHandler) for USART1_IRQHandler
    startup_stm32f10x_md.o(RESET) refers to uart.o(i.USART3_IRQHandler) for USART3_IRQHandler
    startup_stm32f10x_md.o(RESET) refers to gpio.o(i.EXTI15_10_IRQHandler) for EXTI15_10_IRQHandler
    startup_stm32f10x_md.o(.text) refers (Special) to heapauxi.o(.text) for __use_two_region_memory
    startup_stm32f10x_md.o(.text) refers to system_stm32f10x.o(i.SystemInit) for SystemInit
    startup_stm32f10x_md.o(.text) refers to __main.o(!!!main) for __main
    startup_stm32f10x_md.o(.text) refers to startup_stm32f10x_md.o(HEAP) for Heap_Mem
    startup_stm32f10x_md.o(.text) refers to startup_stm32f10x_md.o(STACK) for Stack_Mem
    stm32f10x_adc.o(i.ADC_DeInit) refers to stm32f10x_rcc.o(i.RCC_APB2PeriphResetCmd) for RCC_APB2PeriphResetCmd
    stm32f10x_bkp.o(i.BKP_DeInit) refers to stm32f10x_rcc.o(i.RCC_BackupResetCmd) for RCC_BackupResetCmd
    stm32f10x_can.o(i.CAN_DeInit) refers to stm32f10x_rcc.o(i.RCC_APB1PeriphResetCmd) for RCC_APB1PeriphResetCmd
    stm32f10x_can.o(i.CAN_GetITStatus) refers to stm32f10x_can.o(i.CheckITStatus) for CheckITStatus
    stm32f10x_cec.o(i.CEC_DeInit) refers to stm32f10x_rcc.o(i.RCC_APB1PeriphResetCmd) for RCC_APB1PeriphResetCmd
    stm32f10x_dac.o(i.DAC_DeInit) refers to stm32f10x_rcc.o(i.RCC_APB1PeriphResetCmd) for RCC_APB1PeriphResetCmd
    stm32f10x_flash.o(i.FLASH_EnableWriteProtection) refers to stm32f10x_flash.o(i.FLASH_WaitForLastOperation) for FLASH_WaitForLastOperation
    stm32f10x_flash.o(i.FLASH_EraseAllBank1Pages) refers to stm32f10x_flash.o(i.FLASH_WaitForLastBank1Operation) for FLASH_WaitForLastBank1Operation
    stm32f10x_flash.o(i.FLASH_EraseAllPages) refers to stm32f10x_flash.o(i.FLASH_WaitForLastOperation) for FLASH_WaitForLastOperation
    stm32f10x_flash.o(i.FLASH_EraseOptionBytes) refers to stm32f10x_flash.o(i.FLASH_GetReadOutProtectionStatus) for FLASH_GetReadOutProtectionStatus
    stm32f10x_flash.o(i.FLASH_EraseOptionBytes) refers to stm32f10x_flash.o(i.FLASH_WaitForLastOperation) for FLASH_WaitForLastOperation
    stm32f10x_flash.o(i.FLASH_ErasePage) refers to stm32f10x_flash.o(i.FLASH_WaitForLastOperation) for FLASH_WaitForLastOperation
    stm32f10x_flash.o(i.FLASH_ProgramHalfWord) refers to stm32f10x_flash.o(i.FLASH_WaitForLastOperation) for FLASH_WaitForLastOperation
    stm32f10x_flash.o(i.FLASH_ProgramOptionByteData) refers to stm32f10x_flash.o(i.FLASH_WaitForLastOperation) for FLASH_WaitForLastOperation
    stm32f10x_flash.o(i.FLASH_ProgramWord) refers to stm32f10x_flash.o(i.FLASH_WaitForLastOperation) for FLASH_WaitForLastOperation
    stm32f10x_flash.o(i.FLASH_ReadOutProtection) refers to stm32f10x_flash.o(i.FLASH_WaitForLastOperation) for FLASH_WaitForLastOperation
    stm32f10x_flash.o(i.FLASH_UserOptionByteConfig) refers to stm32f10x_flash.o(i.FLASH_WaitForLastOperation) for FLASH_WaitForLastOperation
    stm32f10x_flash.o(i.FLASH_WaitForLastBank1Operation) refers to stm32f10x_flash.o(i.FLASH_GetBank1Status) for FLASH_GetBank1Status
    stm32f10x_flash.o(i.FLASH_WaitForLastOperation) refers to stm32f10x_flash.o(i.FLASH_GetBank1Status) for FLASH_GetBank1Status
    stm32f10x_gpio.o(i.GPIO_AFIODeInit) refers to stm32f10x_rcc.o(i.RCC_APB2PeriphResetCmd) for RCC_APB2PeriphResetCmd
    stm32f10x_gpio.o(i.GPIO_DeInit) refers to stm32f10x_rcc.o(i.RCC_APB2PeriphResetCmd) for RCC_APB2PeriphResetCmd
    stm32f10x_i2c.o(i.I2C_DeInit) refers to stm32f10x_rcc.o(i.RCC_APB1PeriphResetCmd) for RCC_APB1PeriphResetCmd
    stm32f10x_i2c.o(i.I2C_Init) refers to stm32f10x_rcc.o(i.RCC_GetClocksFreq) for RCC_GetClocksFreq
    stm32f10x_pwr.o(i.PWR_DeInit) refers to stm32f10x_rcc.o(i.RCC_APB1PeriphResetCmd) for RCC_APB1PeriphResetCmd
    stm32f10x_rcc.o(i.RCC_GetClocksFreq) refers to stm32f10x_rcc.o(.data) for APBAHBPrescTable
    stm32f10x_rcc.o(i.RCC_WaitForHSEStartUp) refers to stm32f10x_rcc.o(i.RCC_GetFlagStatus) for RCC_GetFlagStatus
    stm32f10x_rtc.o(i.RTC_SetAlarm) refers to stm32f10x_rtc.o(i.RTC_EnterConfigMode) for RTC_EnterConfigMode
    stm32f10x_rtc.o(i.RTC_SetAlarm) refers to stm32f10x_rtc.o(i.RTC_ExitConfigMode) for RTC_ExitConfigMode
    stm32f10x_rtc.o(i.RTC_SetCounter) refers to stm32f10x_rtc.o(i.RTC_EnterConfigMode) for RTC_EnterConfigMode
    stm32f10x_rtc.o(i.RTC_SetCounter) refers to stm32f10x_rtc.o(i.RTC_ExitConfigMode) for RTC_ExitConfigMode
    stm32f10x_rtc.o(i.RTC_SetPrescaler) refers to stm32f10x_rtc.o(i.RTC_EnterConfigMode) for RTC_EnterConfigMode
    stm32f10x_rtc.o(i.RTC_SetPrescaler) refers to stm32f10x_rtc.o(i.RTC_ExitConfigMode) for RTC_ExitConfigMode
    stm32f10x_spi.o(i.I2S_Init) refers to stm32f10x_rcc.o(i.RCC_GetClocksFreq) for RCC_GetClocksFreq
    stm32f10x_spi.o(i.SPI_I2S_DeInit) refers to stm32f10x_rcc.o(i.RCC_APB2PeriphResetCmd) for RCC_APB2PeriphResetCmd
    stm32f10x_spi.o(i.SPI_I2S_DeInit) refers to stm32f10x_rcc.o(i.RCC_APB1PeriphResetCmd) for RCC_APB1PeriphResetCmd
    stm32f10x_tim.o(i.TIM_DeInit) refers to stm32f10x_rcc.o(i.RCC_APB2PeriphResetCmd) for RCC_APB2PeriphResetCmd
    stm32f10x_tim.o(i.TIM_DeInit) refers to stm32f10x_rcc.o(i.RCC_APB1PeriphResetCmd) for RCC_APB1PeriphResetCmd
    stm32f10x_tim.o(i.TIM_ETRClockMode1Config) refers to stm32f10x_tim.o(i.TIM_ETRConfig) for TIM_ETRConfig
    stm32f10x_tim.o(i.TIM_ETRClockMode2Config) refers to stm32f10x_tim.o(i.TIM_ETRConfig) for TIM_ETRConfig
    stm32f10x_tim.o(i.TIM_ICInit) refers to stm32f10x_tim.o(i.TI1_Config) for TI1_Config
    stm32f10x_tim.o(i.TIM_ICInit) refers to stm32f10x_tim.o(i.TIM_SetIC1Prescaler) for TIM_SetIC1Prescaler
    stm32f10x_tim.o(i.TIM_ICInit) refers to stm32f10x_tim.o(i.TI2_Config) for TI2_Config
    stm32f10x_tim.o(i.TIM_ICInit) refers to stm32f10x_tim.o(i.TIM_SetIC2Prescaler) for TIM_SetIC2Prescaler
    stm32f10x_tim.o(i.TIM_ICInit) refers to stm32f10x_tim.o(i.TI3_Config) for TI3_Config
    stm32f10x_tim.o(i.TIM_ICInit) refers to stm32f10x_tim.o(i.TIM_SetIC3Prescaler) for TIM_SetIC3Prescaler
    stm32f10x_tim.o(i.TIM_ICInit) refers to stm32f10x_tim.o(i.TI4_Config) for TI4_Config
    stm32f10x_tim.o(i.TIM_ICInit) refers to stm32f10x_tim.o(i.TIM_SetIC4Prescaler) for TIM_SetIC4Prescaler
    stm32f10x_tim.o(i.TIM_ITRxExternalClockConfig) refers to stm32f10x_tim.o(i.TIM_SelectInputTrigger) for TIM_SelectInputTrigger
    stm32f10x_tim.o(i.TIM_PWMIConfig) refers to stm32f10x_tim.o(i.TI1_Config) for TI1_Config
    stm32f10x_tim.o(i.TIM_PWMIConfig) refers to stm32f10x_tim.o(i.TIM_SetIC1Prescaler) for TIM_SetIC1Prescaler
    stm32f10x_tim.o(i.TIM_PWMIConfig) refers to stm32f10x_tim.o(i.TI2_Config) for TI2_Config
    stm32f10x_tim.o(i.TIM_PWMIConfig) refers to stm32f10x_tim.o(i.TIM_SetIC2Prescaler) for TIM_SetIC2Prescaler
    stm32f10x_tim.o(i.TIM_TIxExternalClockConfig) refers to stm32f10x_tim.o(i.TI2_Config) for TI2_Config
    stm32f10x_tim.o(i.TIM_TIxExternalClockConfig) refers to stm32f10x_tim.o(i.TI1_Config) for TI1_Config
    stm32f10x_tim.o(i.TIM_TIxExternalClockConfig) refers to stm32f10x_tim.o(i.TIM_SelectInputTrigger) for TIM_SelectInputTrigger
    stm32f10x_usart.o(i.USART_DeInit) refers to stm32f10x_rcc.o(i.RCC_APB2PeriphResetCmd) for RCC_APB2PeriphResetCmd
    stm32f10x_usart.o(i.USART_DeInit) refers to stm32f10x_rcc.o(i.RCC_APB1PeriphResetCmd) for RCC_APB1PeriphResetCmd
    stm32f10x_usart.o(i.USART_Init) refers to stm32f10x_rcc.o(i.RCC_GetClocksFreq) for RCC_GetClocksFreq
    stm32f10x_wwdg.o(i.WWDG_DeInit) refers to stm32f10x_rcc.o(i.RCC_APB1PeriphResetCmd) for RCC_APB1PeriphResetCmd
    system_stm32f10x.o(i.SetSysClock) refers to system_stm32f10x.o(i.SetSysClockTo72) for SetSysClockTo72
    system_stm32f10x.o(i.SystemCoreClockUpdate) refers to system_stm32f10x.o(.data) for SystemCoreClock
    system_stm32f10x.o(i.SystemInit) refers to system_stm32f10x.o(i.SetSysClock) for SetSysClock
    ticks.o(i.SysTick_Handler) refers to ticks.o(.data) for msec
    ticks.o(i.delay) refers to ticks.o(.data) for delay_time
    ticks.o(i.get_ticks) refers to ticks.o(.data) for msec
    ticks.o(i.ms_loop_handler) refers to ticks.o(.data) for tick_tock
    ticks.o(i.ticks_init) refers to misc.o(i.NVIC_Init) for NVIC_Init
    ticks.o(i.ticks_init) refers to system_stm32f10x.o(.data) for SystemCoreClock
    ticks.o(i.ticks_init) refers to ticks.o(.data) for msec
    ticks.o(i.ticks_reset) refers to ticks.o(.data) for msec
    pwm.o(i.gpio_init) refers to stm32f10x_gpio.o(i.GPIO_Init) for GPIO_Init
    pwm.o(i.gpio_write) refers to stm32f10x_gpio.o(i.GPIO_SetBits) for GPIO_SetBits
    pwm.o(i.gpio_write) refers to stm32f10x_gpio.o(i.GPIO_ResetBits) for GPIO_ResetBits
    pwm.o(i.motor_control) refers to pwm.o(i.gpio_write) for gpio_write
    pwm.o(i.motor_control) refers to pwm.o(i.pwm_control) for pwm_control
    pwm.o(i.motor_init) refers to pwm.o(i.pwm_init) for pwm_init
    pwm.o(i.motor_init) refers to pwm.o(i.gpio_init) for gpio_init
    pwm.o(i.motor_init) refers to pwm.o(i.gpio_write) for gpio_write
    pwm.o(i.motor_init) refers to stm32f10x_gpio.o(i.GPIO_PinRemapConfig) for GPIO_PinRemapConfig
    pwm.o(i.pwm_init) refers to rcc.o(i.tim_rcc_init) for tim_rcc_init
    pwm.o(i.pwm_init) refers to stm32f10x_tim.o(i.TIM_TimeBaseInit) for TIM_TimeBaseInit
    pwm.o(i.pwm_init) refers to stm32f10x_tim.o(i.TIM_OC1Init) for TIM_OC1Init
    pwm.o(i.pwm_init) refers to stm32f10x_tim.o(i.TIM_OC1PreloadConfig) for TIM_OC1PreloadConfig
    pwm.o(i.pwm_init) refers to stm32f10x_tim.o(i.TIM_OC2Init) for TIM_OC2Init
    pwm.o(i.pwm_init) refers to stm32f10x_tim.o(i.TIM_OC2PreloadConfig) for TIM_OC2PreloadConfig
    pwm.o(i.pwm_init) refers to stm32f10x_tim.o(i.TIM_OC3Init) for TIM_OC3Init
    pwm.o(i.pwm_init) refers to stm32f10x_tim.o(i.TIM_OC3PreloadConfig) for TIM_OC3PreloadConfig
    pwm.o(i.pwm_init) refers to stm32f10x_tim.o(i.TIM_OC4Init) for TIM_OC4Init
    pwm.o(i.pwm_init) refers to stm32f10x_tim.o(i.TIM_OC4PreloadConfig) for TIM_OC4PreloadConfig
    pwm.o(i.pwm_init) refers to pwm.o(i.gpio_init) for gpio_init
    pwm.o(i.pwm_init) refers to stm32f10x_tim.o(i.TIM_ARRPreloadConfig) for TIM_ARRPreloadConfig
    pwm.o(i.pwm_init) refers to stm32f10x_tim.o(i.TIM_Cmd) for TIM_Cmd
    pwm.o(i.pwm_init) refers to stm32f10x_tim.o(i.TIM_SetCounter) for TIM_SetCounter
    pwm.o(i.pwm_init) refers to stm32f10x_tim.o(i.TIM_CtrlPWMOutputs) for TIM_CtrlPWMOutputs
    pwm.o(i.pwm_io_control) refers to pwm.o(i.pwm_control) for pwm_control
    pwm.o(i.pwm_io_init) refers to pwm.o(i.pwm_init) for pwm_init
    pwm.o(i.servo_control) refers to pwm.o(i.pwm_control) for pwm_control
    pwm.o(i.servo_init) refers to pwm.o(i.pwm_init) for pwm_init
    pwm.o(i.servo_init) refers to stm32f10x_gpio.o(i.GPIO_PinRemapConfig) for GPIO_PinRemapConfig
    gpio.o(i.EXTI15_10_IRQHandler) refers to camera.o(i.EXTI12_IRQHandler) for EXTI12_IRQHandler
    gpio.o(i.EXTI15_10_IRQHandler) refers to stm32f10x_exti.o(i.EXTI_ClearITPendingBit) for EXTI_ClearITPendingBit
    gpio.o(i.EXTI15_10_IRQHandler) refers to buttons.o(i.EXTI13_IRQHandler) for EXTI13_IRQHandler
    gpio.o(i.EXTI15_10_IRQHandler) refers to buttons.o(i.EXTI14_IRQHandler) for EXTI14_IRQHandler
    gpio.o(i.EXTI15_10_IRQHandler) refers to buttons.o(i.EXTI15_IRQHandler) for EXTI15_IRQHandler
    gpio.o(i.EXTI9_5_IRQHandler) refers to main.o(i.EXTI5_IRQHandler) for EXTI5_IRQHandler
    gpio.o(i.EXTI9_5_IRQHandler) refers to stm32f10x_exti.o(i.EXTI_ClearITPendingBit) for EXTI_ClearITPendingBit
    gpio.o(i.EXTI9_5_IRQHandler) refers to gpio.o(i.EXTI6_IRQHandler) for EXTI6_IRQHandler
    gpio.o(i.EXTI9_5_IRQHandler) refers to ultrasonic.o(i.EXTI7_IRQHandler) for EXTI7_IRQHandler
    gpio.o(i.EXTI9_5_IRQHandler) refers to gpio.o(i.EXTI8_IRQHandler) for EXTI8_IRQHandler
    gpio.o(i.EXTI9_5_IRQHandler) refers to gpio.o(i.EXTI9_IRQHandler) for EXTI9_IRQHandler
    gpio.o(i.EXTI9_5_IRQHandler) refers to gpio.o(i.EXTI10_IRQHandler) for EXTI10_IRQHandler
    gpio.o(i.EXTI9_5_IRQHandler) refers to gpio.o(i.EXTI11_IRQHandler) for EXTI11_IRQHandler
    gpio.o(i.gpio_exti_init) refers to misc.o(i.NVIC_PriorityGroupConfig) for NVIC_PriorityGroupConfig
    gpio.o(i.gpio_exti_init) refers to misc.o(i.NVIC_Init) for NVIC_Init
    gpio.o(i.gpio_exti_init) refers to stm32f10x_gpio.o(i.GPIO_EXTILineConfig) for GPIO_EXTILineConfig
    gpio.o(i.gpio_exti_init) refers to stm32f10x_exti.o(i.EXTI_Init) for EXTI_Init
    leds.o(i.gpio_init) refers to stm32f10x_gpio.o(i.GPIO_Init) for GPIO_Init
    leds.o(i.led_off) refers to stm32f10x_gpio.o(i.GPIO_ResetBits) for GPIO_ResetBits
    leds.o(i.led_on) refers to stm32f10x_gpio.o(i.GPIO_SetBits) for GPIO_SetBits
    leds.o(i.leds_init) refers to leds.o(i.gpio_init) for gpio_init
    leds.o(i.leds_init) refers to leds.o(.constdata) for PC1
    buttons.o(i.EXTI13_IRQHandler) refers to buttons.o(i.__button_update) for __button_update
    buttons.o(i.EXTI14_IRQHandler) refers to buttons.o(i.__button_update) for __button_update
    buttons.o(i.EXTI15_IRQHandler) refers to buttons.o(i.__button_update) for __button_update
    buttons.o(i.__button_update) refers to buttons.o(i.button_pressed) for button_pressed
    buttons.o(i.__button_update) refers to buttons.o(.data) for BUTTONS
    buttons.o(i.button_pressed) refers to stm32f10x_gpio.o(i.GPIO_ReadInputDataBit) for GPIO_ReadInputDataBit
    buttons.o(i.button_pressed) refers to buttons.o(.data) for BUTTONS
    buttons.o(i.button_update) refers to buttons.o(i.__button_update) for __button_update
    buttons.o(i.buttons_init) refers to stm32f10x_gpio.o(i.GPIO_Init) for GPIO_Init
    buttons.o(i.buttons_init) refers to buttons.o(.data) for BUTTONS
    buttons.o(i.buttons_interrupt_init) refers to gpio.o(i.gpio_exti_init) for gpio_exti_init
    buttons.o(i.buttons_interrupt_init) refers to buttons.o(.data) for BUTTONS
    buttons.o(i.reset_button_down_listener) refers to buttons.o(.data) for BUTTONS
    buttons.o(i.reset_button_up_listener) refers to buttons.o(.data) for BUTTONS
    buttons.o(i.set_button_down_listener) refers to buttons.o(.data) for BUTTONS
    buttons.o(i.set_button_up_listener) refers to buttons.o(.data) for BUTTONS
    buttons.o(.data) refers to buttons.o(.constdata) for PC13
    buzzer.o(i.buzzer_init) refers to stm32f10x_gpio.o(i.GPIO_Init) for GPIO_Init
    buzzer.o(i.buzzer_init) refers to buzzer.o(.constdata) for PC0
    buzzer.o(i.buzzer_off) refers to stm32f10x_gpio.o(i.GPIO_ResetBits) for GPIO_ResetBits
    buzzer.o(i.buzzer_off) refers to buzzer.o(.constdata) for PC0
    buzzer.o(i.buzzer_on) refers to stm32f10x_gpio.o(i.GPIO_SetBits) for GPIO_SetBits
    buzzer.o(i.buzzer_on) refers to buzzer.o(.constdata) for PC0
    uart.o(i.USART1_IRQHandler) refers to uart.o(i.uart_irq_handler) for uart_irq_handler
    uart.o(i.USART1_IRQHandler) refers to uart.o(.data) for UARTPort1
    uart.o(i.USART3_IRQHandler) refers to uart.o(i.uart_irq_handler) for uart_irq_handler
    uart.o(i.USART3_IRQHandler) refers to uart.o(.data) for UARTPort3
    uart.o(i.gpio_init) refers to stm32f10x_gpio.o(i.GPIO_Init) for GPIO_Init
    uart.o(i.uart_init) refers to rcc.o(i.uart_rcc_init) for uart_rcc_init
    uart.o(i.uart_init) refers to uart.o(i.gpio_init) for gpio_init
    uart.o(i.uart_init) refers to stm32f10x_gpio.o(i.GPIO_PinRemapConfig) for GPIO_PinRemapConfig
    uart.o(i.uart_init) refers to stm32f10x_usart.o(i.USART_Init) for USART_Init
    uart.o(i.uart_init) refers to stm32f10x_usart.o(i.USART_Cmd) for USART_Cmd
    uart.o(i.uart_irq_handler) refers to stm32f10x_usart.o(i.USART_GetITStatus) for USART_GetITStatus
    uart.o(i.uart_irq_handler) refers to stm32f10x_usart.o(i.USART_ReceiveData) for USART_ReceiveData
    uart.o(i.uart_irq_handler) refers to stm32f10x_usart.o(i.USART_ClearITPendingBit) for USART_ClearITPendingBit
    uart.o(i.uart_rx_init) refers to uart.o(i.uart_get_irq) for uart_get_irq
    uart.o(i.uart_rx_init) refers to misc.o(i.NVIC_Init) for NVIC_Init
    uart.o(i.uart_rx_init) refers to stm32f10x_usart.o(i.USART_ITConfig) for USART_ITConfig
    uart.o(i.uart_tx_byte) refers to stm32f10x_usart.o(i.USART_GetFlagStatus) for USART_GetFlagStatus
    uart.o(i.uart_tx_byte) refers to stm32f10x_usart.o(i.USART_SendData) for USART_SendData
    uart.o(i.uart_tx_it_init) refers to uart.o(i.uart_get_irq) for uart_get_irq
    uart.o(i.uart_tx_it_init) refers to misc.o(i.NVIC_Init) for NVIC_Init
    uart.o(i.uart_tx_it_start) refers to stm32f10x_usart.o(i.USART_ITConfig) for USART_ITConfig
    uart.o(i.uart_tx_it_stop) refers to stm32f10x_usart.o(i.USART_ITConfig) for USART_ITConfig
    uart.o(i.uart_tx_str) refers to vsprintf.o(.text) for vsprintf
    uart.o(i.uart_tx_str) refers to uart.o(i.uart_tx_byte) for uart_tx_byte
    uart.o(.data) refers to uart.o(.constdata) for PA9
    spi.o(i.SPI2_IRQHandler) refers to spi.o(i.spi_irq_handler) for spi_irq_handler
    spi.o(i.SPI2_IRQHandler) refers to spi.o(.data) for TFT_SPI
    spi.o(i.gpio_init) refers to stm32f10x_gpio.o(i.GPIO_Init) for GPIO_Init
    spi.o(i.spi_init) refers to rcc.o(i.spi_rcc_init) for spi_rcc_init
    spi.o(i.spi_init) refers to spi.o(i.gpio_init) for gpio_init
    spi.o(i.spi_init) refers to stm32f10x_gpio.o(i.GPIO_PinRemapConfig) for GPIO_PinRemapConfig
    spi.o(i.spi_init) refers to stm32f10x_spi.o(i.SPI_Init) for SPI_Init
    spi.o(i.spi_init) refers to stm32f10x_spi.o(i.SPI_Cmd) for SPI_Cmd
    spi.o(i.spi_init) refers to stm32f10x_spi.o(i.SPI_CalculateCRC) for SPI_CalculateCRC
    spi.o(i.spi_init) refers to stm32f10x_spi.o(i.SPI_SSOutputCmd) for SPI_SSOutputCmd
    spi.o(i.spi_irq_handler) refers to stm32f10x_spi.o(i.SPI_I2S_GetITStatus) for SPI_I2S_GetITStatus
    spi.o(i.spi_irq_handler) refers to stm32f10x_spi.o(i.SPI_I2S_ReceiveData) for SPI_I2S_ReceiveData
    spi.o(i.spi_irq_handler) refers to stm32f10x_spi.o(i.SPI_I2S_ClearITPendingBit) for SPI_I2S_ClearITPendingBit
    spi.o(i.spi_it_init) refers to spi.o(i.spi_get_irq) for spi_get_irq
    spi.o(i.spi_it_init) refers to misc.o(i.NVIC_Init) for NVIC_Init
    spi.o(i.spi_it_rx_start) refers to stm32f10x_spi.o(i.SPI_I2S_ITConfig) for SPI_I2S_ITConfig
    spi.o(i.spi_it_rx_stop) refers to stm32f10x_spi.o(i.SPI_I2S_ITConfig) for SPI_I2S_ITConfig
    spi.o(i.spi_it_start) refers to stm32f10x_spi.o(i.SPI_I2S_ITConfig) for SPI_I2S_ITConfig
    spi.o(i.spi_it_stop) refers to stm32f10x_spi.o(i.SPI_I2S_ITConfig) for SPI_I2S_ITConfig
    spi.o(i.spi_it_tx_start) refers to stm32f10x_spi.o(i.SPI_I2S_ITConfig) for SPI_I2S_ITConfig
    spi.o(i.spi_it_tx_stop) refers to stm32f10x_spi.o(i.SPI_I2S_ITConfig) for SPI_I2S_ITConfig
    spi.o(i.spi_rx) refers to stm32f10x_spi.o(i.SPI_I2S_GetFlagStatus) for SPI_I2S_GetFlagStatus
    spi.o(i.spi_rx) refers to stm32f10x_spi.o(i.SPI_I2S_ReceiveData) for SPI_I2S_ReceiveData
    spi.o(i.spi_transfer) refers to stm32f10x_spi.o(i.SPI_I2S_GetFlagStatus) for SPI_I2S_GetFlagStatus
    spi.o(i.spi_transfer) refers to stm32f10x_spi.o(i.SPI_I2S_SendData) for SPI_I2S_SendData
    spi.o(i.spi_transfer) refers to stm32f10x_spi.o(i.SPI_I2S_ReceiveData) for SPI_I2S_ReceiveData
    spi.o(i.spi_tx) refers to stm32f10x_spi.o(i.SPI_I2S_GetFlagStatus) for SPI_I2S_GetFlagStatus
    spi.o(i.spi_tx) refers to stm32f10x_spi.o(i.SPI_I2S_SendData) for SPI_I2S_SendData
    spi.o(.data) refers to spi.o(.constdata) for PB13
    lcd_main.o(i.gpio_init) refers to stm32f10x_gpio.o(i.GPIO_Init) for GPIO_Init
    lcd_main.o(i.gpio_reset) refers to stm32f10x_gpio.o(i.GPIO_ResetBits) for GPIO_ResetBits
    lcd_main.o(i.gpio_set) refers to stm32f10x_gpio.o(i.GPIO_SetBits) for GPIO_SetBits
    lcd_main.o(i.tft_char_is_changed) refers to lcd_main.o(.data) for cur_screen
    lcd_main.o(i.tft_char_is_changed) refers to lcd_main.o(.bss) for text_buf
    lcd_main.o(i.tft_clear) refers to lcd_main.o(i.tft_clear_line) for tft_clear_line
    lcd_main.o(i.tft_clear) refers to lcd_main.o(.data) for tft_y_index
    lcd_main.o(i.tft_clear_line) refers to lcd_main.o(.data) for cur_screen
    lcd_main.o(i.tft_clear_line) refers to lcd_main.o(.bss) for text_buf
    lcd_main.o(i.tft_config) refers to lcd_main.o(i.tft_write_command) for tft_write_command
    lcd_main.o(i.tft_config) refers to lcd_main.o(i.tft_write_data) for tft_write_data
    lcd_main.o(i.tft_config) refers to ticks.o(i.delay) for delay
    lcd_main.o(i.tft_config) refers to lcd_main.o(.constdata) for tft_init_code
    lcd_main.o(i.tft_config) refers to lcd_main.o(.data) for tft_orientation
    lcd_main.o(i.tft_disable) refers to lcd_main.o(.data) for tft_enabled
    lcd_main.o(i.tft_enable) refers to lcd_main.o(.data) for tft_enabled
    lcd_main.o(i.tft_fill_color) refers to lcd_main.o(i.tft_set_region) for tft_set_region
    lcd_main.o(i.tft_fill_color) refers to lcd_main.o(i.tft_write_color) for tft_write_color
    lcd_main.o(i.tft_fill_color) refers to lcd_main.o(.data) for tft_orientation
    lcd_main.o(i.tft_force_clear) refers to lcd_main.o(i.tft_clear) for tft_clear
    lcd_main.o(i.tft_force_clear) refers to lcd_main.o(i.tft_fill_color) for tft_fill_color
    lcd_main.o(i.tft_force_clear) refers to lcd_main.o(.data) for curr_bg_color
    lcd_main.o(i.tft_get_buffer_char) refers to lcd_main.o(.data) for cur_screen
    lcd_main.o(i.tft_get_buffer_char) refers to lcd_main.o(.bss) for text_buf
    lcd_main.o(i.tft_get_buffer_color) refers to lcd_main.o(.data) for cur_screen
    lcd_main.o(i.tft_get_buffer_color) refers to lcd_main.o(.bss) for text_color_buf
    lcd_main.o(i.tft_get_orientation) refers to lcd_main.o(.data) for tft_orientation
    lcd_main.o(i.tft_incr_line) refers to lcd_main.o(.data) for tft_y_index
    lcd_main.o(i.tft_init) refers to lcd_main.o(i.tft_spi_init) for tft_spi_init
    lcd_main.o(i.tft_init) refers to lcd_main.o(i.tft_reset) for tft_reset
    lcd_main.o(i.tft_init) refers to lcd_main.o(i.tft_config) for tft_config
    lcd_main.o(i.tft_init) refers to lcd_main.o(i.tft_set_bg_color) for tft_set_bg_color
    lcd_main.o(i.tft_init) refers to lcd_main.o(i.tft_set_text_color) for tft_set_text_color
    lcd_main.o(i.tft_init) refers to lcd_main.o(i.tft_set_special_color) for tft_set_special_color
    lcd_main.o(i.tft_init) refers to lcd_main.o(i.tft_set_highlight_color) for tft_set_highlight_color
    lcd_main.o(i.tft_init) refers to lcd_main.o(i.tft_fill_color) for tft_fill_color
    lcd_main.o(i.tft_init) refers to lcd_main.o(i.tft_enable) for tft_enable
    lcd_main.o(i.tft_init) refers to lcd_main.o(i.tft_clear) for tft_clear
    lcd_main.o(i.tft_init) refers to lcd_main.o(i.tft_update) for tft_update
    lcd_main.o(i.tft_init) refers to lcd_main.o(.data) for tft_y_index
    lcd_main.o(i.tft_print) refers to vsprintf.o(.text) for vsprintf
    lcd_main.o(i.tft_print) refers to lcd_main.o(i.tft_set_buffer) for tft_set_buffer
    lcd_main.o(i.tft_print) refers to lcd_main.o(.data) for tft_y_index
    lcd_main.o(i.tft_println) refers to vsprintf.o(.text) for vsprintf
    lcd_main.o(i.tft_println) refers to lcd_main.o(i.tft_set_buffer) for tft_set_buffer
    lcd_main.o(i.tft_println) refers to lcd_main.o(i.tft_incr_line) for tft_incr_line
    lcd_main.o(i.tft_println) refers to lcd_main.o(.data) for tft_y_index
    lcd_main.o(i.tft_prints) refers to vsprintf.o(.text) for vsprintf
    lcd_main.o(i.tft_prints) refers to lcd_main.o(i.tft_set_buffer) for tft_set_buffer
    lcd_main.o(i.tft_prints) refers to lcd_main.o(.data) for char_max_x
    lcd_main.o(i.tft_put_pixel) refers to lcd_main.o(i.tft_set_region) for tft_set_region
    lcd_main.o(i.tft_put_pixel) refers to lcd_main.o(i.tft_write_color) for tft_write_color
    lcd_main.o(i.tft_reset) refers to lcd_main.o(i.gpio_reset) for gpio_reset
    lcd_main.o(i.tft_reset) refers to ticks.o(i.delay) for delay
    lcd_main.o(i.tft_reset) refers to lcd_main.o(i.gpio_set) for gpio_set
    lcd_main.o(i.tft_reset) refers to lcd_main.o(.constdata) for PB12
    lcd_main.o(i.tft_set_bg_color) refers to lcd_main.o(.data) for curr_bg_color
    lcd_main.o(i.tft_set_buffer) refers to lcd_main.o(i.tft_incr_line) for tft_incr_line
    lcd_main.o(i.tft_set_buffer) refers to lcd_main.o(.data) for cur_screen
    lcd_main.o(i.tft_set_buffer) refers to lcd_main.o(.bss) for text_buf
    lcd_main.o(i.tft_set_highlight_color) refers to lcd_main.o(.data) for curr_highlight_color
    lcd_main.o(i.tft_set_region) refers to lcd_main.o(i.tft_write_command) for tft_write_command
    lcd_main.o(i.tft_set_region) refers to lcd_main.o(i.tft_write_data) for tft_write_data
    lcd_main.o(i.tft_set_region) refers to lcd_main.o(i.gpio_set) for gpio_set
    lcd_main.o(i.tft_set_region) refers to lcd_main.o(.data) for col_shift
    lcd_main.o(i.tft_set_region) refers to lcd_main.o(.constdata) for PB14
    lcd_main.o(i.tft_set_special_color) refers to lcd_main.o(.data) for curr_text_color_sp
    lcd_main.o(i.tft_set_text_color) refers to lcd_main.o(.data) for curr_text_color
    lcd_main.o(i.tft_spi_init) refers to spi.o(i.spi_init) for spi_init
    lcd_main.o(i.tft_spi_init) refers to lcd_main.o(i.gpio_init) for gpio_init
    lcd_main.o(i.tft_spi_init) refers to spi.o(.data) for TFT_SPI
    lcd_main.o(i.tft_spi_init) refers to lcd_main.o(.constdata) for PB12
    lcd_main.o(i.tft_update) refers to lcd_main.o(i.tft_char_is_changed) for tft_char_is_changed
    lcd_main.o(i.tft_update) refers to lcd_main.o(i.tft_set_region) for tft_set_region
    lcd_main.o(i.tft_update) refers to lcd_main.o(i.tft_write_color) for tft_write_color
    lcd_main.o(i.tft_update) refers to lcd_main.o(.data) for tft_enabled
    lcd_main.o(i.tft_update) refers to lcd_main.o(.bss) for text_buf
    lcd_main.o(i.tft_write_color) refers to lcd_main.o(i.tft_write_data) for tft_write_data
    lcd_main.o(i.tft_write_command) refers to lcd_main.o(i.gpio_reset) for gpio_reset
    lcd_main.o(i.tft_write_command) refers to spi.o(i.spi_tx) for spi_tx
    lcd_main.o(i.tft_write_command) refers to lcd_main.o(.constdata) for PB14
    lcd_main.o(i.tft_write_command) refers to spi.o(.data) for TFT_SPI
    lcd_main.o(i.tft_write_data) refers to lcd_main.o(i.gpio_set) for gpio_set
    lcd_main.o(i.tft_write_data) refers to spi.o(i.spi_tx) for spi_tx
    lcd_main.o(i.tft_write_data) refers to lcd_main.o(.constdata) for PB14
    lcd_main.o(i.tft_write_data) refers to spi.o(.data) for TFT_SPI
    camera.o(i.EXTI12_IRQHandler) refers to camera.o(.data) for camState
    camera.o(i.cameraSccbInit) refers to rcc.o(i.tim_rcc_init) for tim_rcc_init
    camera.o(i.cameraSccbInit) refers to camera.o(i.gpio_init) for gpio_init
    camera.o(i.cameraSccbInit) refers to camera.o(i.sccbWriteByte) for sccbWriteByte
    camera.o(i.cameraSccbInit) refers to camera.o(i.sccbReadByte) for sccbReadByte
    camera.o(i.cameraSccbInit) refers to camera.o(.constdata) for PB8
    camera.o(i.cameraSccbInit) refers to camera.o(.data) for cameraConfig
    camera.o(i.camera_copy) refers to camera.o(i.rotate) for rotate
    camera.o(i.camera_copy) refers to camera.o(i.grey_to_rgb565_r) for grey_to_rgb565_r
    camera.o(i.camera_copy) refers to camera.o(.data) for imageType
    camera.o(i.camera_copy) refers to camera.o(.bss) for colourImage
    camera.o(i.camera_init) refers to camera.o(i.cameraSccbInit) for cameraSccbInit
    camera.o(i.camera_init) refers to camera.o(i.gpio_init) for gpio_init
    camera.o(i.camera_init) refers to stm32f10x_gpio.o(i.GPIO_Init) for GPIO_Init
    camera.o(i.camera_init) refers to gpio.o(i.gpio_exti_init) for gpio_exti_init
    camera.o(i.camera_init) refers to rcc.o(i.dma_rcc_init) for dma_rcc_init
    camera.o(i.camera_init) refers to stm32f10x_dma.o(i.DMA_DeInit) for DMA_DeInit
    camera.o(i.camera_init) refers to stm32f10x_dma.o(i.DMA_Init) for DMA_Init
    camera.o(i.camera_init) refers to stm32f10x_spi.o(i.SPI_I2S_DMACmd) for SPI_I2S_DMACmd
    camera.o(i.camera_init) refers to camera.o(.data) for camState
    camera.o(i.camera_init) refers to camera.o(.constdata) for PC4
    camera.o(i.camera_init) refers to spi.o(.data) for TFT_SPI
    camera.o(i.camera_init) refers to camera.o(.bss) for camera_printing_dma
    camera.o(i.camera_print) refers to lcd_main.o(i.tft_set_region) for tft_set_region
    camera.o(i.camera_print) refers to stm32f10x_dma.o(i.DMA_DeInit) for DMA_DeInit
    camera.o(i.camera_print) refers to stm32f10x_dma.o(i.DMA_Init) for DMA_Init
    camera.o(i.camera_print) refers to stm32f10x_dma.o(i.DMA_Cmd) for DMA_Cmd
    camera.o(i.camera_print) refers to camera.o(.bss) for camera_printing_dma
    camera.o(i.camera_printing_done) refers to stm32f10x_dma.o(i.DMA_GetFlagStatus) for DMA_GetFlagStatus
    camera.o(i.camera_ready) refers to camera.o(.data) for camState
    camera.o(i.camera_receive_frame) refers to camera.o(.data) for camState
    camera.o(i.camera_receive_frame) refers to camera.o(.bss) for colourImage
    camera.o(i.gpio_init) refers to stm32f10x_gpio.o(i.GPIO_Init) for GPIO_Init
    camera.o(i.sccbAck) refers to camera.o(i.sccbDelay) for sccbDelay
    camera.o(i.sccbNoAck) refers to camera.o(i.sccbDelay) for sccbDelay
    camera.o(i.sccbReadByte) refers to camera.o(i.sccbStart) for sccbStart
    camera.o(i.sccbReadByte) refers to camera.o(i.sccbSendByte) for sccbSendByte
    camera.o(i.sccbReadByte) refers to camera.o(i.sccbWaitAck) for sccbWaitAck
    camera.o(i.sccbReadByte) refers to camera.o(i.sccbStop) for sccbStop
    camera.o(i.sccbReadByte) refers to camera.o(i.sccbReceiveByte) for sccbReceiveByte
    camera.o(i.sccbReadByte) refers to camera.o(i.sccbNoAck) for sccbNoAck
    camera.o(i.sccbReadByte) refers to camera.o(i.sccbAck) for sccbAck
    camera.o(i.sccbReceiveByte) refers to camera.o(i.sccbDelay) for sccbDelay
    camera.o(i.sccbSendByte) refers to camera.o(i.sccbDelay) for sccbDelay
    camera.o(i.sccbStart) refers to camera.o(i.sccbDelay) for sccbDelay
    camera.o(i.sccbStop) refers to camera.o(i.sccbDelay) for sccbDelay
    camera.o(i.sccbWaitAck) refers to camera.o(i.sccbDelay) for sccbDelay
    camera.o(i.sccbWriteByte) refers to camera.o(i.sccbStart) for sccbStart
    camera.o(i.sccbWriteByte) refers to camera.o(i.sccbSendByte) for sccbSendByte
    camera.o(i.sccbWriteByte) refers to camera.o(i.sccbWaitAck) for sccbWaitAck
    camera.o(i.sccbWriteByte) refers to camera.o(i.sccbStop) for sccbStop
    adc.o(i.ADC1_2_IRQHandler) refers to stm32f10x_adc.o(i.ADC_GetITStatus) for ADC_GetITStatus
    adc.o(i.ADC1_2_IRQHandler) refers to stm32f10x_adc.o(i.ADC_GetConversionValue) for ADC_GetConversionValue
    adc.o(i.ADC1_2_IRQHandler) refers to stm32f10x_adc.o(i.ADC_ClearITPendingBit) for ADC_ClearITPendingBit
    adc.o(i.ADC1_2_IRQHandler) refers to adc.o(.bss) for ADC_READINGS
    adc.o(i.ADC1_2_IRQHandler) refers to adc.o(.data) for adc_converted_channel
    adc.o(i.DMA1_Channel1_IRQHandler) refers to stm32f10x_dma.o(i.DMA_GetITStatus) for DMA_GetITStatus
    adc.o(i.DMA1_Channel1_IRQHandler) refers to stm32f10x_dma.o(i.DMA_ClearITPendingBit) for DMA_ClearITPendingBit
    adc.o(i.DMA1_Channel1_IRQHandler) refers to adc.o(.data) for adc_converted_channel
    adc.o(i.adc_channel_init) refers to stm32f10x_gpio.o(i.GPIO_Init) for GPIO_Init
    adc.o(i.adc_channel_init) refers to adc.o(.data) for NO_OF_ADC_PORTS
    adc.o(i.adc_channel_init) refers to adc.o(.bss) for adc_ports
    adc.o(i.adc_dma_init) refers to rcc.o(i.dma_rcc_init) for dma_rcc_init
    adc.o(i.adc_dma_init) refers to stm32f10x_dma.o(i.DMA_DeInit) for DMA_DeInit
    adc.o(i.adc_dma_init) refers to stm32f10x_dma.o(i.DMA_Init) for DMA_Init
    adc.o(i.adc_dma_init) refers to stm32f10x_dma.o(i.DMA_Cmd) for DMA_Cmd
    adc.o(i.adc_dma_init) refers to adc.o(.data) for NO_OF_ADC_PORTS
    adc.o(i.adc_dma_init) refers to adc.o(.bss) for ADC_READINGS
    adc.o(i.adc_init) refers to rcc.o(i.adc_rcc_init) for adc_rcc_init
    adc.o(i.adc_init) refers to stm32f10x_rcc.o(i.RCC_ADCCLKConfig) for RCC_ADCCLKConfig
    adc.o(i.adc_init) refers to adc.o(i.adc_dma_init) for adc_dma_init
    adc.o(i.adc_init) refers to adc.o(i.adc_it_init) for adc_it_init
    adc.o(i.adc_init) refers to stm32f10x_adc.o(i.ADC_RegularChannelConfig) for ADC_RegularChannelConfig
    adc.o(i.adc_init) refers to stm32f10x_adc.o(i.ADC_Init) for ADC_Init
    adc.o(i.adc_init) refers to stm32f10x_adc.o(i.ADC_DMACmd) for ADC_DMACmd
    adc.o(i.adc_init) refers to stm32f10x_adc.o(i.ADC_Cmd) for ADC_Cmd
    adc.o(i.adc_init) refers to stm32f10x_adc.o(i.ADC_ResetCalibration) for ADC_ResetCalibration
    adc.o(i.adc_init) refers to stm32f10x_adc.o(i.ADC_GetResetCalibrationStatus) for ADC_GetResetCalibrationStatus
    adc.o(i.adc_init) refers to stm32f10x_adc.o(i.ADC_StartCalibration) for ADC_StartCalibration
    adc.o(i.adc_init) refers to stm32f10x_adc.o(i.ADC_GetCalibrationStatus) for ADC_GetCalibrationStatus
    adc.o(i.adc_init) refers to stm32f10x_adc.o(i.ADC_SoftwareStartConvCmd) for ADC_SoftwareStartConvCmd
    adc.o(i.adc_init) refers to adc.o(.data) for NO_OF_ADC_PORTS
    adc.o(i.adc_init) refers to adc.o(.bss) for adc_ports
    adc.o(i.get_adc) refers to adc.o(.bss) for ADC_READINGS
    adc.o(.data) refers to adc.o(.constdata) for PA0
    rcc.o(i.adc_rcc_init) refers to stm32f10x_rcc.o(i.RCC_APB2PeriphClockCmd) for RCC_APB2PeriphClockCmd
    rcc.o(i.afio_rcc_init) refers to stm32f10x_rcc.o(i.RCC_APB2PeriphClockCmd) for RCC_APB2PeriphClockCmd
    rcc.o(i.dma_rcc_init) refers to stm32f10x_rcc.o(i.RCC_AHBPeriphClockCmd) for RCC_AHBPeriphClockCmd
    rcc.o(i.gpio_rcc_init) refers to stm32f10x_rcc.o(i.RCC_APB2PeriphClockCmd) for RCC_APB2PeriphClockCmd
    rcc.o(i.rcc_init) refers to rcc.o(i.afio_rcc_init) for afio_rcc_init
    rcc.o(i.rcc_init) refers to stm32f10x_rcc.o(i.RCC_APB2PeriphClockCmd) for RCC_APB2PeriphClockCmd
    rcc.o(i.spi_rcc_init) refers to stm32f10x_rcc.o(i.RCC_APB2PeriphClockCmd) for RCC_APB2PeriphClockCmd
    rcc.o(i.spi_rcc_init) refers to stm32f10x_rcc.o(i.RCC_APB1PeriphClockCmd) for RCC_APB1PeriphClockCmd
    rcc.o(i.tim_rcc_init) refers to stm32f10x_rcc.o(i.RCC_APB2PeriphClockCmd) for RCC_APB2PeriphClockCmd
    rcc.o(i.tim_rcc_init) refers to stm32f10x_rcc.o(i.RCC_APB1PeriphClockCmd) for RCC_APB1PeriphClockCmd
    rcc.o(i.uart_rcc_init) refers to stm32f10x_rcc.o(i.RCC_APB2PeriphClockCmd) for RCC_APB2PeriphClockCmd
    rcc.o(i.uart_rcc_init) refers to stm32f10x_rcc.o(i.RCC_APB1PeriphClockCmd) for RCC_APB1PeriphClockCmd
    math.o(i.acos) refers to math.o(i.asin) for asin
    math.o(i.asin) refers to arm_common_tables.o(.constdata) for sinTable_q15
    math.o(i.cos) refers to arm_cos_q15.o(.text) for arm_cos_q15
    math.o(i.sin) refers to arm_sin_q15.o(.text) for arm_sin_q15
    math.o(i.sqrt) refers to fflt_clz.o(x$fpl$fflt) for __aeabi_i2f
    math.o(i.sqrt) refers to ffixu.o(x$fpl$ffixu) for __aeabi_f2uiz
    math.o(i.sqrt) refers to lludivv7m.o(.text) for __aeabi_uldivmod
    math.o(i.tan) refers to arm_sin_q15.o(.text) for arm_sin_q15
    math.o(i.tan) refers to arm_cos_q15.o(.text) for arm_cos_q15
    oled.o(i.gpio_init) refers to stm32f10x_gpio.o(i.GPIO_Init) for GPIO_Init
    oled.o(i.gpio_reset) refers to stm32f10x_gpio.o(i.GPIO_ResetBits) for GPIO_ResetBits
    oled.o(i.gpio_set) refers to stm32f10x_gpio.o(i.GPIO_SetBits) for GPIO_SetBits
    oled.o(i.oled_clear) refers to oled.o(i.set_region) for set_region
    oled.o(i.oled_clear) refers to oled.o(i.write_data) for write_data
    oled.o(i.oled_flash) refers to oled.o(i.set_region) for set_region
    oled.o(i.oled_flash) refers to oled.o(i.write_data) for write_data
    oled.o(i.oled_init) refers to spi.o(i.spi_init) for spi_init
    oled.o(i.oled_init) refers to oled.o(i.gpio_init) for gpio_init
    oled.o(i.oled_init) refers to oled.o(i.reset) for reset
    oled.o(i.oled_init) refers to oled.o(i.write_command) for write_command
    oled.o(i.oled_init) refers to ticks.o(i.delay) for delay
    oled.o(i.oled_init) refers to oled.o(i.oled_clear) for oled_clear
    oled.o(i.oled_init) refers to spi.o(.data) for TFT_SPI
    oled.o(i.oled_init) refers to oled.o(.constdata) for PB12
    oled.o(i.oled_print_char) refers to oled.o(.constdata) for font
    oled.o(i.oled_print_char) refers to oled.o(.bss) for pixel_buf
    oled.o(i.oled_print_str) refers to vsprintf.o(.text) for vsprintf
    oled.o(i.oled_print_str) refers to oled.o(.constdata) for font
    oled.o(i.oled_print_str) refers to oled.o(.bss) for pixel_buf
    oled.o(i.oled_scroll) refers to oled.o(i.write_command) for write_command
    oled.o(i.oled_stop_scroll) refers to oled.o(i.write_command) for write_command
    oled.o(i.oled_update) refers to oled.o(i.set_region) for set_region
    oled.o(i.oled_update) refers to oled.o(i.write_data) for write_data
    oled.o(i.oled_update) refers to oled.o(.bss) for pixel_buf
    oled.o(i.oled_write_char) refers to oled.o(i.set_region) for set_region
    oled.o(i.oled_write_char) refers to oled.o(i.write_char) for write_char
    oled.o(i.oled_write_image) refers to oled.o(i.set_region) for set_region
    oled.o(i.oled_write_image) refers to oled.o(i.write_data) for write_data
    oled.o(i.oled_write_str) refers to oled.o(i.set_region) for set_region
    oled.o(i.oled_write_str) refers to vsprintf.o(.text) for vsprintf
    oled.o(i.oled_write_str) refers to oled.o(i.write_char) for write_char
    oled.o(i.reset) refers to oled.o(i.gpio_set) for gpio_set
    oled.o(i.reset) refers to ticks.o(i.delay) for delay
    oled.o(i.reset) refers to oled.o(i.gpio_reset) for gpio_reset
    oled.o(i.reset) refers to oled.o(.constdata) for PB12
    oled.o(i.set_region) refers to oled.o(i.write_command) for write_command
    oled.o(i.write_char) refers to oled.o(i.write_data) for write_data
    oled.o(i.write_char) refers to oled.o(.constdata) for font
    oled.o(i.write_command) refers to oled.o(i.gpio_reset) for gpio_reset
    oled.o(i.write_command) refers to oled.o(.constdata) for PB14
    oled.o(i.write_command) refers to spi.o(.data) for TFT_SPI
    oled.o(i.write_data) refers to oled.o(i.gpio_set) for gpio_set
    oled.o(i.write_data) refers to oled.o(.constdata) for PB14
    oled.o(i.write_data) refers to spi.o(.data) for TFT_SPI
    ultrasonic.o(i.EXTI7_IRQHandler) refers to ultrasonic.o(i.gpio_read) for gpio_read
    ultrasonic.o(i.EXTI7_IRQHandler) refers to ultrasonic.o(.constdata) for PA7
    ultrasonic.o(i.EXTI7_IRQHandler) refers to ultrasonic.o(.data) for ULTRA_EMIT
    ultrasonic.o(i.EXTI7_IRQHandler) refers to main.o(.data) for OUT_NUM
    ultrasonic.o(i.detect_signal) refers to ultrasonic.o(i.gpio_read) for gpio_read
    ultrasonic.o(i.detect_signal) refers to ultrasonic.o(.constdata) for PA7
    ultrasonic.o(i.gpio_init) refers to stm32f10x_gpio.o(i.GPIO_Init) for GPIO_Init
    ultrasonic.o(i.gpio_read) refers to stm32f10x_gpio.o(i.GPIO_ReadInputDataBit) for GPIO_ReadInputDataBit
    ultrasonic.o(i.gpio_write) refers to stm32f10x_gpio.o(i.GPIO_SetBits) for GPIO_SetBits
    ultrasonic.o(i.gpio_write) refers to stm32f10x_gpio.o(i.GPIO_ResetBits) for GPIO_ResetBits
    ultrasonic.o(i.reset_send_signal) refers to ultrasonic.o(i.gpio_write) for gpio_write
    ultrasonic.o(i.reset_send_signal) refers to ultrasonic.o(.constdata) for PA6
    ultrasonic.o(i.setReceive_listener) refers to ultrasonic.o(.data) for TRIG_pin
    ultrasonic.o(i.set_cycle) refers to ultrasonic.o(i.set_send_signal) for set_send_signal
    ultrasonic.o(i.set_cycle) refers to ultrasonic.o(i.reset_send_signal) for reset_send_signal
    ultrasonic.o(i.set_cycle) refers to ultrasonic.o(i.gpio_read) for gpio_read
    ultrasonic.o(i.set_cycle) refers to ultrasonic.o(.data) for ULTRA_EMIT
    ultrasonic.o(i.set_cycle) refers to ultrasonic.o(.constdata) for PA7
    ultrasonic.o(i.set_send_signal) refers to ultrasonic.o(i.gpio_write) for gpio_write
    ultrasonic.o(i.set_send_signal) refers to ultrasonic.o(.constdata) for PA6
    ultrasonic.o(i.us_init) refers to ultrasonic.o(i.gpio_init) for gpio_init
    ultrasonic.o(i.us_init) refers to ultrasonic.o(.constdata) for PA6
    ultrasonic.o(.data) refers to ultrasonic.o(.constdata) for PA7
    main.o(i.EXTI5_IRQHandler) refers to ultrasonic.o(.data) for FLAG
    main.o(i.EXTI5_IRQHandler) refers to main.o(.data) for FLAG
    main.o(i.EchoPrint) refers to ultrasonic.o(.data) for FLAG
    main.o(i.EchoPrint) refers to main.o(.data) for FLAG
    main.o(i.main) refers to rcc.o(i.rcc_init) for rcc_init
    main.o(i.main) refers to ticks.o(i.ticks_init) for ticks_init
    main.o(i.main) refers to oled.o(i.oled_init) for oled_init
    main.o(i.main) refers to lcd_main.o(i.tft_init) for tft_init
    main.o(i.main) refers to lcd_main.o(i.tft_clear) for tft_clear
    main.o(i.main) refers to lcd_main.o(i.tft_prints) for tft_prints
    main.o(i.main) refers to lcd_main.o(i.tft_update) for tft_update
    main.o(i.main) refers to ultrasonic.o(i.us_init) for us_init
    main.o(i.main) refers to ultrasonic.o(i.setReceive_listener) for setReceive_listener
    main.o(i.main) refers to gpio.o(i.gpio_exti_init) for gpio_exti_init
    main.o(i.main) refers to ultrasonic.o(i.set_cycle) for set_cycle
    main.o(i.main) refers to ticks.o(i.get_ticks) for get_ticks
    main.o(i.main) refers to main.o(.data) for TOTAL
    main.o(i.main) refers to main.o(i.EchoPrint) for EchoPrint
    main.o(i.main) refers to main.o(.constdata) for PA7
    main.o(i.main) refers to ultrasonic.o(.data) for FLAG
    arm_cos_q15.o(.text) refers to arm_common_tables.o(.constdata) for sinTable_q15
    arm_sin_q15.o(.text) refers to arm_common_tables.o(.constdata) for sinTable_q15
    vsprintf.o(.text) refers (Special) to _printf_a.o(.ARM.Collect$$_printf_percent$$00000006) for _printf_a
    vsprintf.o(.text) refers (Special) to _printf_c.o(.ARM.Collect$$_printf_percent$$00000013) for _printf_c
    vsprintf.o(.text) refers (Special) to _printf_charcount.o(.text) for _printf_charcount
    vsprintf.o(.text) refers (Special) to _printf_d.o(.ARM.Collect$$_printf_percent$$00000009) for _printf_d
    vsprintf.o(.text) refers (Special) to _printf_e.o(.ARM.Collect$$_printf_percent$$00000004) for _printf_e
    vsprintf.o(.text) refers (Special) to _printf_f.o(.ARM.Collect$$_printf_percent$$00000003) for _printf_f
    vsprintf.o(.text) refers (Special) to printf1.o(x$fpl$printf1) for _printf_fp_dec
    vsprintf.o(.text) refers (Special) to printf2.o(x$fpl$printf2) for _printf_fp_hex
    vsprintf.o(.text) refers (Special) to _printf_g.o(.ARM.Collect$$_printf_percent$$00000005) for _printf_g
    vsprintf.o(.text) refers (Special) to _printf_i.o(.ARM.Collect$$_printf_percent$$00000008) for _printf_i
    vsprintf.o(.text) refers (Special) to _printf_dec.o(.text) for _printf_int_dec
    vsprintf.o(.text) refers (Special) to _printf_l.o(.ARM.Collect$$_printf_percent$$00000012) for _printf_l
    vsprintf.o(.text) refers (Special) to _printf_lc.o(.ARM.Collect$$_printf_percent$$00000015) for _printf_lc
    vsprintf.o(.text) refers (Special) to _printf_ll.o(.ARM.Collect$$_printf_percent$$00000007) for _printf_ll
    vsprintf.o(.text) refers (Special) to _printf_lld.o(.ARM.Collect$$_printf_percent$$0000000E) for _printf_lld
    vsprintf.o(.text) refers (Special) to _printf_lli.o(.ARM.Collect$$_printf_percent$$0000000D) for _printf_lli
    vsprintf.o(.text) refers (Special) to _printf_llo.o(.ARM.Collect$$_printf_percent$$00000010) for _printf_llo
    vsprintf.o(.text) refers (Special) to _printf_llu.o(.ARM.Collect$$_printf_percent$$0000000F) for _printf_llu
    vsprintf.o(.text) refers (Special) to _printf_llx.o(.ARM.Collect$$_printf_percent$$00000011) for _printf_llx
    vsprintf.o(.text) refers (Special) to _printf_longlong_dec.o(.text) for _printf_longlong_dec
    vsprintf.o(.text) refers (Special) to _printf_hex_int_ll_ptr.o(.text) for _printf_longlong_hex
    vsprintf.o(.text) refers (Special) to _printf_oct_int_ll.o(.text) for _printf_longlong_oct
    vsprintf.o(.text) refers (Special) to _printf_ls.o(.ARM.Collect$$_printf_percent$$00000016) for _printf_ls
    vsprintf.o(.text) refers (Special) to _printf_n.o(.ARM.Collect$$_printf_percent$$00000001) for _printf_n
    vsprintf.o(.text) refers (Special) to _printf_o.o(.ARM.Collect$$_printf_percent$$0000000B) for _printf_o
    vsprintf.o(.text) refers (Special) to _printf_p.o(.ARM.Collect$$_printf_percent$$00000002) for _printf_p
    vsprintf.o(.text) refers (Special) to _printf_percent.o(.ARM.Collect$$_printf_percent$$00000000) for _printf_percent
    vsprintf.o(.text) refers (Special) to _printf_pad.o(.text) for _printf_post_padding
    vsprintf.o(.text) refers (Special) to _printf_s.o(.ARM.Collect$$_printf_percent$$00000014) for _printf_s
    vsprintf.o(.text) refers (Special) to _printf_str.o(.text) for _printf_str
    vsprintf.o(.text) refers (Special) to _printf_truncate.o(.text) for _printf_truncate_signed
    vsprintf.o(.text) refers (Special) to _printf_u.o(.ARM.Collect$$_printf_percent$$0000000A) for _printf_u
    vsprintf.o(.text) refers (Special) to _printf_wctomb.o(.text) for _printf_wctomb
    vsprintf.o(.text) refers (Special) to _printf_x.o(.ARM.Collect$$_printf_percent$$0000000C) for _printf_x
    vsprintf.o(.text) refers to _printf_char_common.o(.text) for _printf_char_common
    vsprintf.o(.text) refers to _sputc.o(.text) for _sputc
    __main.o(!!!main) refers to __rtentry.o(.ARM.Collect$$rtentry$$00000000) for __rt_entry
    ffixu.o(x$fpl$ffixu) refers (Special) to usenofp.o(x$fpl$usenofp) for __I$use$fp
    ffixu.o(x$fpl$ffixu) refers to fnaninf.o(x$fpl$fnaninf) for __fpl_fnaninf
    ffixu.o(x$fpl$ffixur) refers (Special) to usenofp.o(x$fpl$usenofp) for __I$use$fp
    ffixu.o(x$fpl$ffixur) refers to fnaninf.o(x$fpl$fnaninf) for __fpl_fnaninf
    fflt_clz.o(x$fpl$ffltu) refers (Special) to usenofp.o(x$fpl$usenofp) for __I$use$fp
    fflt_clz.o(x$fpl$fflt) refers (Special) to usenofp.o(x$fpl$usenofp) for __I$use$fp
    fflt_clz.o(x$fpl$ffltn) refers (Special) to usenofp.o(x$fpl$usenofp) for __I$use$fp
    __rtentry.o(.ARM.Collect$$rtentry$$00000000) refers (Special) to __rtentry2.o(.ARM.Collect$$rtentry$$0000000A) for __rt_entry_li
    __rtentry.o(.ARM.Collect$$rtentry$$00000000) refers (Special) to __rtentry2.o(.ARM.Collect$$rtentry$$0000000D) for __rt_entry_main
    __rtentry.o(.ARM.Collect$$rtentry$$00000000) refers (Special) to __rtentry2.o(.ARM.Collect$$rtentry$$0000000C) for __rt_entry_postli_1
    __rtentry.o(.ARM.Collect$$rtentry$$00000000) refers (Special) to __rtentry2.o(.ARM.Collect$$rtentry$$00000009) for __rt_entry_postsh_1
    __rtentry.o(.ARM.Collect$$rtentry$$00000000) refers (Special) to __rtentry2.o(.ARM.Collect$$rtentry$$00000002) for __rt_entry_presh_1
    __rtentry.o(.ARM.Collect$$rtentry$$00000000) refers (Special) to __rtentry4.o(.ARM.Collect$$rtentry$$00000004) for __rt_entry_sh
    aeabi_ldiv0_sigfpe.o(.text) refers to rt_div0.o(.text) for __rt_div0
    __printf.o(.text) refers to _printf_percent.o(.ARM.Collect$$_printf_percent$$00000000) for _printf_percent
    _printf_str.o(.text) refers (Special) to _printf_char.o(.text) for _printf_cs_common
    _printf_str.o(.text) refers (Weak) to _printf_pad.o(.text) for _printf_pre_padding
    _printf_str.o(.text) refers (Weak) to _printf_pad.o(.text) for _printf_post_padding
    _printf_dec.o(.text) refers (Weak) to _printf_truncate.o(.text) for _printf_truncate_signed
    _printf_dec.o(.text) refers (Weak) to _printf_truncate.o(.text) for _printf_truncate_unsigned
    _printf_dec.o(.text) refers to _printf_intcommon.o(.text) for _printf_int_common
    _printf_char_common.o(.text) refers to __printf_flags_ss_wp.o(.text) for __printf
    _printf_wctomb.o(.text) refers (Special) to _printf_wchar.o(.text) for _printf_lcs_common
    _printf_wctomb.o(.text) refers to _wcrtomb.o(.text) for _wcrtomb
    _printf_wctomb.o(.text) refers (Weak) to _printf_pad.o(.text) for _printf_pre_padding
    _printf_wctomb.o(.text) refers (Weak) to _printf_pad.o(.text) for _printf_post_padding
    _printf_wctomb.o(.text) refers to _printf_wctomb.o(.constdata) for .constdata
    _printf_wctomb.o(.constdata) refers (Special) to _printf_wchar.o(.text) for _printf_lcs_common
    _printf_longlong_dec.o(.text) refers to lludiv10.o(.text) for _ll_udiv10
    _printf_longlong_dec.o(.text) refers to _printf_intcommon.o(.text) for _printf_int_common
    _printf_oct_ll.o(.text) refers to _printf_intcommon.o(.text) for _printf_int_common
    _printf_oct_int.o(.text) refers (Weak) to _printf_truncate.o(.text) for _printf_truncate_unsigned
    _printf_oct_int.o(.text) refers to _printf_intcommon.o(.text) for _printf_int_common
    _printf_oct_int_ll.o(.text) refers to _printf_intcommon.o(.text) for _printf_int_common
    _printf_oct_int_ll.o(.text) refers (Weak) to _printf_truncate.o(.text) for _printf_truncate_unsigned
    _printf_hex_ll.o(.text) refers to _printf_intcommon.o(.text) for _printf_int_common
    _printf_hex_ll.o(.text) refers to _printf_hex_ll.o(.constdata) for .constdata
    _printf_hex_int.o(.text) refers (Weak) to _printf_truncate.o(.text) for _printf_truncate_unsigned
    _printf_hex_int.o(.text) refers to _printf_intcommon.o(.text) for _printf_int_common
    _printf_hex_int.o(.text) refers to _printf_hex_int.o(.constdata) for .constdata
    _printf_hex_int_ll.o(.text) refers to _printf_intcommon.o(.text) for _printf_int_common
    _printf_hex_int_ll.o(.text) refers (Weak) to _printf_truncate.o(.text) for _printf_truncate_unsigned
    _printf_hex_int_ll.o(.text) refers to _printf_hex_int_ll.o(.constdata) for .constdata
    _printf_hex_ptr.o(.text) refers to _printf_intcommon.o(.text) for _printf_int_common
    _printf_hex_ptr.o(.text) refers to _printf_hex_ptr.o(.constdata) for .constdata
    _printf_hex_int_ptr.o(.text) refers to _printf_intcommon.o(.text) for _printf_int_common
    _printf_hex_int_ptr.o(.text) refers (Weak) to _printf_truncate.o(.text) for _printf_truncate_unsigned
    _printf_hex_int_ptr.o(.text) refers to _printf_hex_int_ptr.o(.constdata) for .constdata
    _printf_hex_ll_ptr.o(.text) refers to _printf_intcommon.o(.text) for _printf_int_common
    _printf_hex_ll_ptr.o(.text) refers to _printf_hex_ll_ptr.o(.constdata) for .constdata
    _printf_hex_int_ll_ptr.o(.text) refers to _printf_intcommon.o(.text) for _printf_int_common
    _printf_hex_int_ll_ptr.o(.text) refers (Weak) to _printf_truncate.o(.text) for _printf_truncate_unsigned
    _printf_hex_int_ll_ptr.o(.text) refers to _printf_hex_int_ll_ptr.o(.constdata) for .constdata
    __printf_flags.o(.text) refers to _printf_percent.o(.ARM.Collect$$_printf_percent$$00000000) for _printf_percent
    __printf_flags.o(.text) refers to __printf_flags.o(.constdata) for .constdata
    __printf_ss.o(.text) refers to _printf_percent.o(.ARM.Collect$$_printf_percent$$00000000) for _printf_percent
    __printf_flags_ss.o(.text) refers to _printf_percent.o(.ARM.Collect$$_printf_percent$$00000000) for _printf_percent
    __printf_flags_ss.o(.text) refers to __printf_flags_ss.o(.constdata) for .constdata
    __printf_wp.o(.text) refers to __printf_wp.o(i._is_digit) for _is_digit
    __printf_wp.o(.text) refers to _printf_percent.o(.ARM.Collect$$_printf_percent$$00000000) for _printf_percent
    __printf_flags_wp.o(.text) refers to __printf_wp.o(i._is_digit) for _is_digit
    __printf_flags_wp.o(.text) refers to _printf_percent.o(.ARM.Collect$$_printf_percent$$00000000) for _printf_percent
    __printf_flags_wp.o(.text) refers to __printf_flags_wp.o(.constdata) for .constdata
    __printf_ss_wp.o(.text) refers to __printf_wp.o(i._is_digit) for _is_digit
    __printf_ss_wp.o(.text) refers to _printf_percent.o(.ARM.Collect$$_printf_percent$$00000000) for _printf_percent
    __printf_flags_ss_wp.o(.text) refers to __printf_wp.o(i._is_digit) for _is_digit
    __printf_flags_ss_wp.o(.text) refers to _printf_percent.o(.ARM.Collect$$_printf_percent$$00000000) for _printf_percent
    __printf_flags_ss_wp.o(.text) refers to __printf_flags_ss_wp.o(.constdata) for .constdata
    _printf_c.o(.ARM.Collect$$_printf_percent$$00000013) refers (Weak) to _printf_char.o(.text) for _printf_char
    _printf_s.o(.ARM.Collect$$_printf_percent$$00000014) refers (Weak) to _printf_char.o(.text) for _printf_string
    _printf_n.o(.ARM.Collect$$_printf_percent$$00000001) refers (Weak) to _printf_charcount.o(.text) for _printf_charcount
    _printf_x.o(.ARM.Collect$$_printf_percent$$0000000C) refers (Weak) to _printf_hex_int_ll_ptr.o(.text) for _printf_int_hex
    _printf_p.o(.ARM.Collect$$_printf_percent$$00000002) refers (Weak) to _printf_hex_int_ll_ptr.o(.text) for _printf_hex_ptr
    _printf_o.o(.ARM.Collect$$_printf_percent$$0000000B) refers (Weak) to _printf_oct_int_ll.o(.text) for _printf_int_oct
    _printf_i.o(.ARM.Collect$$_printf_percent$$00000008) refers (Weak) to _printf_dec.o(.text) for _printf_int_dec
    _printf_d.o(.ARM.Collect$$_printf_percent$$00000009) refers (Weak) to _printf_dec.o(.text) for _printf_int_dec
    _printf_u.o(.ARM.Collect$$_printf_percent$$0000000A) refers (Weak) to _printf_dec.o(.text) for _printf_int_dec
    _printf_f.o(.ARM.Collect$$_printf_percent$$00000003) refers (Weak) to printf1.o(x$fpl$printf1) for _printf_fp_dec
    _printf_e.o(.ARM.Collect$$_printf_percent$$00000004) refers (Weak) to printf1.o(x$fpl$printf1) for _printf_fp_dec
    _printf_g.o(.ARM.Collect$$_printf_percent$$00000005) refers (Weak) to printf1.o(x$fpl$printf1) for _printf_fp_dec
    _printf_a.o(.ARM.Collect$$_printf_percent$$00000006) refers (Weak) to printf2.o(x$fpl$printf2) for _printf_fp_hex
    _printf_percent.o(.ARM.Collect$$_printf_percent$$00000000) refers (Special) to _printf_percent_end.o(.ARM.Collect$$_printf_percent$$00000017) for _printf_percent_end
    _printf_lli.o(.ARM.Collect$$_printf_percent$$0000000D) refers (Special) to _printf_ll.o(.ARM.Collect$$_printf_percent$$00000007) for _printf_ll
    _printf_lli.o(.ARM.Collect$$_printf_percent$$0000000D) refers (Weak) to _printf_longlong_dec.o(.text) for _printf_longlong_dec
    _printf_lld.o(.ARM.Collect$$_printf_percent$$0000000E) refers (Special) to _printf_ll.o(.ARM.Collect$$_printf_percent$$00000007) for _printf_ll
    _printf_lld.o(.ARM.Collect$$_printf_percent$$0000000E) refers (Weak) to _printf_longlong_dec.o(.text) for _printf_longlong_dec
    _printf_llu.o(.ARM.Collect$$_printf_percent$$0000000F) refers (Special) to _printf_ll.o(.ARM.Collect$$_printf_percent$$00000007) for _printf_ll
    _printf_llu.o(.ARM.Collect$$_printf_percent$$0000000F) refers (Weak) to _printf_longlong_dec.o(.text) for _printf_longlong_dec
    _printf_lc.o(.ARM.Collect$$_printf_percent$$00000015) refers (Special) to _printf_l.o(.ARM.Collect$$_printf_percent$$00000012) for _printf_l
    _printf_lc.o(.ARM.Collect$$_printf_percent$$00000015) refers (Weak) to _printf_wchar.o(.text) for _printf_wchar
    _printf_ls.o(.ARM.Collect$$_printf_percent$$00000016) refers (Special) to _printf_l.o(.ARM.Collect$$_printf_percent$$00000012) for _printf_l
    _printf_ls.o(.ARM.Collect$$_printf_percent$$00000016) refers (Weak) to _printf_wchar.o(.text) for _printf_wstring
    _printf_llo.o(.ARM.Collect$$_printf_percent$$00000010) refers (Special) to _printf_ll.o(.ARM.Collect$$_printf_percent$$00000007) for _printf_ll
    _printf_llo.o(.ARM.Collect$$_printf_percent$$00000010) refers (Weak) to _printf_oct_int_ll.o(.text) for _printf_ll_oct
    _printf_llx.o(.ARM.Collect$$_printf_percent$$00000011) refers (Special) to _printf_ll.o(.ARM.Collect$$_printf_percent$$00000007) for _printf_ll
    _printf_llx.o(.ARM.Collect$$_printf_percent$$00000011) refers (Weak) to _printf_hex_int_ll_ptr.o(.text) for _printf_ll_hex
    fnaninf.o(x$fpl$fnaninf) refers (Special) to usenofp.o(x$fpl$usenofp) for __I$use$fp
    printf1.o(x$fpl$printf1) refers to _printf_fp_dec.o(.text) for _printf_fp_dec_real
    printf2.o(x$fpl$printf2) refers to _printf_fp_hex.o(.text) for _printf_fp_hex_real
    printf2b.o(x$fpl$printf2) refers to _printf_fp_hex.o(.text) for _printf_fp_hex_real
    __rtentry2.o(.ARM.Collect$$rtentry$$00000008) refers to boardinit2.o(.text) for _platform_post_stackheap_init
    __rtentry2.o(.ARM.Collect$$rtentry$$0000000A) refers to libinit.o(.ARM.Collect$$libinit$$00000000) for __rt_lib_init
    __rtentry2.o(.ARM.Collect$$rtentry$$0000000B) refers to boardinit3.o(.text) for _platform_post_lib_init
    __rtentry2.o(.ARM.Collect$$rtentry$$0000000D) refers to main.o(i.main) for main
    __rtentry2.o(.ARM.Collect$$rtentry$$0000000D) refers to exit.o(.text) for exit
    __rtentry2.o(.ARM.exidx) refers to __rtentry2.o(.ARM.Collect$$rtentry$$00000001) for .ARM.Collect$$rtentry$$00000001
    __rtentry2.o(.ARM.exidx) refers to __rtentry2.o(.ARM.Collect$$rtentry$$00000008) for .ARM.Collect$$rtentry$$00000008
    __rtentry2.o(.ARM.exidx) refers to __rtentry2.o(.ARM.Collect$$rtentry$$0000000A) for .ARM.Collect$$rtentry$$0000000A
    __rtentry2.o(.ARM.exidx) refers to __rtentry2.o(.ARM.Collect$$rtentry$$0000000B) for .ARM.Collect$$rtentry$$0000000B
    __rtentry2.o(.ARM.exidx) refers to __rtentry2.o(.ARM.Collect$$rtentry$$0000000D) for .ARM.Collect$$rtentry$$0000000D
    __rtentry4.o(.ARM.Collect$$rtentry$$00000004) refers to sys_stackheap_outer.o(.text) for __user_setup_stackheap
    __rtentry4.o(.ARM.exidx) refers to __rtentry4.o(.ARM.Collect$$rtentry$$00000004) for .ARM.Collect$$rtentry$$00000004
    rt_div0.o(.text) refers to defsig_fpe_outer.o(.text) for __rt_SIGFPE
    _printf_intcommon.o(.text) refers (Weak) to _printf_pad.o(.text) for _printf_pre_padding
    _printf_intcommon.o(.text) refers (Weak) to _printf_pad.o(.text) for _printf_pre_padding
    _printf_intcommon.o(.text) refers (Weak) to _printf_pad.o(.text) for _printf_post_padding
    _printf_fp_dec.o(.text) refers (Special) to usenofp.o(x$fpl$usenofp) for __I$use$fp
    _printf_fp_dec.o(.text) refers (Special) to lc_numeric_c.o(locale$$code) for _get_lc_numeric
    _printf_fp_dec.o(.text) refers to bigflt0.o(.text) for _btod_etento
    _printf_fp_dec.o(.text) refers to btod.o(CL$$btod_d2e) for _btod_d2e
    _printf_fp_dec.o(.text) refers to btod.o(CL$$btod_ediv) for _btod_ediv
    _printf_fp_dec.o(.text) refers to btod.o(CL$$btod_emul) for _btod_emul
    _printf_fp_dec.o(.text) refers to lludiv10.o(.text) for _ll_udiv10
    _printf_fp_dec.o(.text) refers to fpclassify.o(i.__ARM_fpclassify) for __ARM_fpclassify
    _printf_fp_dec.o(.text) refers to _printf_fp_infnan.o(.text) for _printf_fp_infnan
    _printf_fp_dec.o(.text) refers (Weak) to _printf_pad.o(.text) for _printf_pre_padding
    _printf_fp_dec.o(.text) refers (Weak) to _printf_pad.o(.text) for _printf_pre_padding
    _printf_fp_dec.o(.text) refers to rt_locale_intlibspace.o(.text) for __rt_locale
    _printf_fp_dec.o(.text) refers (Weak) to _printf_pad.o(.text) for _printf_post_padding
    _printf_fp_hex.o(.text) refers (Special) to usenofp.o(x$fpl$usenofp) for __I$use$fp
    _printf_fp_hex.o(.text) refers to fpclassify.o(i.__ARM_fpclassify) for __ARM_fpclassify
    _printf_fp_hex.o(.text) refers to _printf_fp_infnan.o(.text) for _printf_fp_infnan
    _printf_fp_hex.o(.text) refers (Weak) to _printf_pad.o(.text) for _printf_pre_padding
    _printf_fp_hex.o(.text) refers (Weak) to _printf_pad.o(.text) for _printf_pre_padding
    _printf_fp_hex.o(.text) refers (Weak) to _printf_pad.o(.text) for _printf_post_padding
    _printf_fp_hex.o(.text) refers to _printf_fp_hex.o(.constdata) for .constdata
    _printf_fp_hex.o(.constdata) refers (Special) to usenofp.o(x$fpl$usenofp) for __I$use$fp
    _printf_char.o(.text) refers (Weak) to _printf_str.o(.text) for _printf_str
    _printf_wchar.o(.text) refers (Weak) to _printf_wctomb.o(.text) for _printf_wctomb
    _wcrtomb.o(.text) refers to rt_ctype_table.o(.text) for __rt_ctype_table
    sys_stackheap_outer.o(.text) refers to libspace.o(.text) for __user_perproc_libspace
    sys_stackheap_outer.o(.text) refers to startup_stm32f10x_md.o(.text) for __user_initial_stackheap
    rt_ctype_table.o(.text) refers to rt_locale_intlibspace.o(.text) for __rt_locale
    rt_ctype_table.o(.text) refers to lc_ctype_c.o(locale$$code) for _get_lc_ctype
    rt_locale.o(.text) refers to rt_locale.o(.bss) for __rt_locale_data
    rt_locale_intlibspace.o(.text) refers to libspace.o(.bss) for __libspace_start
    _printf_fp_infnan.o(.text) refers (Weak) to _printf_pad.o(.text) for _printf_pre_padding
    _printf_fp_infnan.o(.text) refers (Weak) to _printf_pad.o(.text) for _printf_post_padding
    bigflt0.o(.text) refers (Special) to usenofp.o(x$fpl$usenofp) for __I$use$fp
    bigflt0.o(.text) refers to btod.o(CL$$btod_emul) for _btod_emul
    bigflt0.o(.text) refers to btod.o(CL$$btod_ediv) for _btod_ediv
    bigflt0.o(.text) refers to bigflt0.o(.constdata) for .constdata
    bigflt0.o(.constdata) refers (Special) to usenofp.o(x$fpl$usenofp) for __I$use$fp
    btod.o(CL$$btod_d2e) refers (Special) to usenofp.o(x$fpl$usenofp) for __I$use$fp
    btod.o(CL$$btod_d2e) refers to btod.o(CL$$btod_d2e_norm_op1) for _d2e_norm_op1
    btod.o(CL$$btod_d2e_norm_op1) refers (Special) to usenofp.o(x$fpl$usenofp) for __I$use$fp
    btod.o(CL$$btod_d2e_norm_op1) refers to btod.o(CL$$btod_d2e_denorm_low) for _d2e_denorm_low
    btod.o(CL$$btod_d2e_denorm_low) refers (Special) to usenofp.o(x$fpl$usenofp) for __I$use$fp
    btod.o(CL$$btod_emul) refers (Special) to usenofp.o(x$fpl$usenofp) for __I$use$fp
    btod.o(CL$$btod_emul) refers to btod.o(CL$$btod_mult_common) for __btod_mult_common
    btod.o(CL$$btod_emul) refers to btod.o(CL$$btod_e2e) for _e2e
    btod.o(CL$$btod_ediv) refers (Special) to usenofp.o(x$fpl$usenofp) for __I$use$fp
    btod.o(CL$$btod_ediv) refers to btod.o(CL$$btod_div_common) for __btod_div_common
    btod.o(CL$$btod_ediv) refers to btod.o(CL$$btod_e2e) for _e2e
    btod.o(CL$$btod_emuld) refers (Special) to usenofp.o(x$fpl$usenofp) for __I$use$fp
    btod.o(CL$$btod_emuld) refers to btod.o(CL$$btod_mult_common) for __btod_mult_common
    btod.o(CL$$btod_emuld) refers to btod.o(CL$$btod_e2d) for _e2d
    btod.o(CL$$btod_edivd) refers (Special) to usenofp.o(x$fpl$usenofp) for __I$use$fp
    btod.o(CL$$btod_edivd) refers to btod.o(CL$$btod_div_common) for __btod_div_common
    btod.o(CL$$btod_edivd) refers to btod.o(CL$$btod_e2d) for _e2d
    btod.o(CL$$btod_e2e) refers (Special) to usenofp.o(x$fpl$usenofp) for __I$use$fp
    btod.o(CL$$btod_e2d) refers (Special) to usenofp.o(x$fpl$usenofp) for __I$use$fp
    btod.o(CL$$btod_e2d) refers to btod.o(CL$$btod_e2e) for _e2e
    btod.o(CL$$btod_mult_common) refers (Special) to usenofp.o(x$fpl$usenofp) for __I$use$fp
    btod.o(CL$$btod_div_common) refers (Special) to usenofp.o(x$fpl$usenofp) for __I$use$fp
    lc_numeric_c.o(locale$$data) refers (Special) to libinit2.o(.ARM.Collect$$libinit$$00000016) for __rt_lib_init_lc_numeric_2
    lc_numeric_c.o(locale$$code) refers (Special) to libinit2.o(.ARM.Collect$$libinit$$00000016) for __rt_lib_init_lc_numeric_2
    lc_numeric_c.o(locale$$code) refers to strcmpv7m.o(.text) for strcmp
    lc_numeric_c.o(locale$$code) refers to lc_numeric_c.o(locale$$data) for __lcnum_c_name
    exit.o(.text) refers to rtexit.o(.ARM.Collect$$rtexit$$00000000) for __rt_exit
    defsig_fpe_outer.o(.text) refers to defsig_fpe_inner.o(.text) for __rt_SIGFPE_inner
    defsig_fpe_outer.o(.text) refers to defsig_exit.o(.text) for __sig_exit
    defsig_fpe_formal.o(.text) refers to rt_raise.o(.text) for __rt_raise
    libinit.o(.ARM.Collect$$libinit$$00000000) refers (Special) to libinit2.o(.ARM.Collect$$libinit$$0000002E) for __rt_lib_init_alloca_1
    libinit.o(.ARM.Collect$$libinit$$00000000) refers (Special) to libinit2.o(.ARM.Collect$$libinit$$0000002C) for __rt_lib_init_argv_1
    libinit.o(.ARM.Collect$$libinit$$00000000) refers (Special) to libinit2.o(.ARM.Collect$$libinit$$0000001B) for __rt_lib_init_atexit_1
    libinit.o(.ARM.Collect$$libinit$$00000000) refers (Special) to libinit2.o(.ARM.Collect$$libinit$$00000021) for __rt_lib_init_clock_1
    libinit.o(.ARM.Collect$$libinit$$00000000) refers (Special) to libinit2.o(.ARM.Collect$$libinit$$00000032) for __rt_lib_init_cpp_1
    libinit.o(.ARM.Collect$$libinit$$00000000) refers (Special) to libinit2.o(.ARM.Collect$$libinit$$00000030) for __rt_lib_init_exceptions_1
    libinit.o(.ARM.Collect$$libinit$$00000000) refers (Special) to libinit2.o(.ARM.Collect$$libinit$$00000002) for __rt_lib_init_fp_1
    libinit.o(.ARM.Collect$$libinit$$00000000) refers (Special) to libinit2.o(.ARM.Collect$$libinit$$0000001F) for __rt_lib_init_fp_trap_1
    libinit.o(.ARM.Collect$$libinit$$00000000) refers (Special) to libinit2.o(.ARM.Collect$$libinit$$00000023) for __rt_lib_init_getenv_1
    libinit.o(.ARM.Collect$$libinit$$00000000) refers (Special) to libinit2.o(.ARM.Collect$$libinit$$0000000A) for __rt_lib_init_heap_1
    libinit.o(.ARM.Collect$$libinit$$00000000) refers (Special) to libinit2.o(.ARM.Collect$$libinit$$00000011) for __rt_lib_init_lc_collate_1
    libinit.o(.ARM.Collect$$libinit$$00000000) refers (Special) to libinit2.o(.ARM.Collect$$libinit$$00000013) for __rt_lib_init_lc_ctype_1
    libinit.o(.ARM.Collect$$libinit$$00000000) refers (Special) to libinit2.o(.ARM.Collect$$libinit$$00000015) for __rt_lib_init_lc_monetary_1
    libinit.o(.ARM.Collect$$libinit$$00000000) refers (Special) to libinit2.o(.ARM.Collect$$libinit$$00000017) for __rt_lib_init_lc_numeric_1
    libinit.o(.ARM.Collect$$libinit$$00000000) refers (Special) to libinit2.o(.ARM.Collect$$libinit$$00000019) for __rt_lib_init_lc_time_1
    libinit.o(.ARM.Collect$$libinit$$00000000) refers (Special) to libinit2.o(.ARM.Collect$$libinit$$00000004) for __rt_lib_init_preinit_1
    libinit.o(.ARM.Collect$$libinit$$00000000) refers (Special) to libinit2.o(.ARM.Collect$$libinit$$0000000E) for __rt_lib_init_rand_1
    libinit.o(.ARM.Collect$$libinit$$00000000) refers (Special) to libinit2.o(.ARM.Collect$$libinit$$00000033) for __rt_lib_init_return
    libinit.o(.ARM.Collect$$libinit$$00000000) refers (Special) to libinit2.o(.ARM.Collect$$libinit$$0000001D) for __rt_lib_init_signal_1
    libinit.o(.ARM.Collect$$libinit$$00000000) refers (Special) to libinit2.o(.ARM.Collect$$libinit$$00000025) for __rt_lib_init_stdio_1
    libinit.o(.ARM.Collect$$libinit$$00000000) refers (Special) to libinit2.o(.ARM.Collect$$libinit$$0000000C) for __rt_lib_init_user_alloc_1
    istatus.o(x$fpl$ieeestatus) refers (Special) to usenofp.o(x$fpl$usenofp) for __I$use$fp
    fpclassify.o(i.__ARM_fpclassify) refers (Special) to usenofp.o(x$fpl$usenofp) for __I$use$fp
    libspace.o(.text) refers to libspace.o(.bss) for __libspace_start
    rtexit.o(.ARM.Collect$$rtexit$$00000000) refers (Special) to rtexit2.o(.ARM.Collect$$rtexit$$00000004) for __rt_exit_exit
    rtexit.o(.ARM.Collect$$rtexit$$00000000) refers (Special) to rtexit2.o(.ARM.Collect$$rtexit$$00000003) for __rt_exit_ls
    rtexit.o(.ARM.Collect$$rtexit$$00000000) refers (Special) to rtexit2.o(.ARM.Collect$$rtexit$$00000002) for __rt_exit_prels_1
    rtexit.o(.ARM.exidx) refers (Special) to rtexit2.o(.ARM.Collect$$rtexit$$00000004) for __rt_exit_exit
    rtexit.o(.ARM.exidx) refers (Special) to rtexit2.o(.ARM.Collect$$rtexit$$00000003) for __rt_exit_ls
    rtexit.o(.ARM.exidx) refers (Special) to rtexit2.o(.ARM.Collect$$rtexit$$00000002) for __rt_exit_prels_1
    rtexit.o(.ARM.exidx) refers to rtexit.o(.ARM.Collect$$rtexit$$00000000) for .ARM.Collect$$rtexit$$00000000
    rt_raise.o(.text) refers to __raise.o(.text) for __raise
    rt_raise.o(.text) refers to sys_exit.o(.text) for _sys_exit
    lc_ctype_c.o(locale$$data) refers (Special) to libinit2.o(.ARM.Collect$$libinit$$00000012) for __rt_lib_init_lc_ctype_2
    lc_ctype_c.o(locale$$code) refers (Special) to libinit2.o(.ARM.Collect$$libinit$$00000012) for __rt_lib_init_lc_ctype_2
    lc_ctype_c.o(locale$$code) refers to strcmpv7m.o(.text) for strcmp
    lc_ctype_c.o(locale$$code) refers to lc_ctype_c.o(locale$$data) for __lcctype_c_name
    defsig_exit.o(.text) refers to sys_exit.o(.text) for _sys_exit
    defsig_fpe_inner.o(.text) refers to defsig_general.o(.text) for __default_signal_display
    libinit2.o(.ARM.Collect$$libinit$$0000000F) refers (Weak) to rt_locale_intlibspace.o(.text) for __rt_locale
    libinit2.o(.ARM.Collect$$libinit$$00000010) refers to libinit2.o(.ARM.Collect$$libinit$$0000000F) for .ARM.Collect$$libinit$$0000000F
    libinit2.o(.ARM.Collect$$libinit$$00000012) refers to libinit2.o(.ARM.Collect$$libinit$$0000000F) for .ARM.Collect$$libinit$$0000000F
    libinit2.o(.ARM.Collect$$libinit$$00000012) refers (Weak) to lc_ctype_c.o(locale$$code) for _get_lc_ctype
    libinit2.o(.ARM.Collect$$libinit$$00000014) refers to libinit2.o(.ARM.Collect$$libinit$$0000000F) for .ARM.Collect$$libinit$$0000000F
    libinit2.o(.ARM.Collect$$libinit$$00000016) refers to libinit2.o(.ARM.Collect$$libinit$$0000000F) for .ARM.Collect$$libinit$$0000000F
    libinit2.o(.ARM.Collect$$libinit$$00000016) refers (Weak) to lc_numeric_c.o(locale$$code) for _get_lc_numeric
    libinit2.o(.ARM.Collect$$libinit$$00000018) refers to libinit2.o(.ARM.Collect$$libinit$$0000000F) for .ARM.Collect$$libinit$$0000000F
    libinit2.o(.ARM.Collect$$libinit$$00000026) refers to argv_veneer.o(.emb_text) for __ARM_argv_veneer
    libinit2.o(.ARM.Collect$$libinit$$00000027) refers to argv_veneer.o(.emb_text) for __ARM_argv_veneer
    sys_exit.o(.text) refers (Special) to use_no_semi.o(.text) for __I$use$semihosting
    sys_exit.o(.text) refers (Special) to indicate_semi.o(.text) for __semihosting_library_function
    rtexit2.o(.ARM.Collect$$rtexit$$00000003) refers to libshutdown.o(.ARM.Collect$$libshutdown$$00000000) for __rt_lib_shutdown
    rtexit2.o(.ARM.Collect$$rtexit$$00000004) refers to sys_exit.o(.text) for _sys_exit
    rtexit2.o(.ARM.exidx) refers to rtexit2.o(.ARM.Collect$$rtexit$$00000001) for .ARM.Collect$$rtexit$$00000001
    rtexit2.o(.ARM.exidx) refers to rtexit2.o(.ARM.Collect$$rtexit$$00000003) for .ARM.Collect$$rtexit$$00000003
    rtexit2.o(.ARM.exidx) refers to rtexit2.o(.ARM.Collect$$rtexit$$00000004) for .ARM.Collect$$rtexit$$00000004
    __raise.o(.text) refers to defsig.o(CL$$defsig) for __default_signal_handler
    defsig_general.o(.text) refers to sys_wrch.o(.text) for _ttywrch
    argv_veneer.o(.emb_text) refers to no_argv.o(.text) for __ARM_get_argv
    sys_wrch.o(.text) refers (Special) to use_no_semi.o(.text) for __I$use$semihosting
    sys_wrch.o(.text) refers (Special) to indicate_semi.o(.text) for __semihosting_library_function
    defsig.o(CL$$defsig) refers to defsig_fpe_inner.o(.text) for __rt_SIGFPE_inner
    defsig.o(CL$$defsig) refers to defsig_rtmem_inner.o(.text) for __rt_SIGRTMEM_inner
    _get_argv_nomalloc.o(.text) refers (Special) to hrguard.o(.text) for __heap_region$guard
    _get_argv_nomalloc.o(.text) refers to defsig_rtmem_outer.o(.text) for __rt_SIGRTMEM
    _get_argv_nomalloc.o(.text) refers to sys_command.o(.text) for _sys_command_string
    libshutdown.o(.ARM.Collect$$libshutdown$$00000000) refers (Special) to libshutdown2.o(.ARM.Collect$$libshutdown$$00000002) for __rt_lib_shutdown_cpp_1
    libshutdown.o(.ARM.Collect$$libshutdown$$00000000) refers (Special) to libshutdown2.o(.ARM.Collect$$libshutdown$$00000007) for __rt_lib_shutdown_fp_trap_1
    libshutdown.o(.ARM.Collect$$libshutdown$$00000000) refers (Special) to libshutdown2.o(.ARM.Collect$$libshutdown$$0000000F) for __rt_lib_shutdown_heap_1
    libshutdown.o(.ARM.Collect$$libshutdown$$00000000) refers (Special) to libshutdown2.o(.ARM.Collect$$libshutdown$$00000010) for __rt_lib_shutdown_return
    libshutdown.o(.ARM.Collect$$libshutdown$$00000000) refers (Special) to libshutdown2.o(.ARM.Collect$$libshutdown$$0000000A) for __rt_lib_shutdown_signal_1
    libshutdown.o(.ARM.Collect$$libshutdown$$00000000) refers (Special) to libshutdown2.o(.ARM.Collect$$libshutdown$$00000004) for __rt_lib_shutdown_stdio_1
    libshutdown.o(.ARM.Collect$$libshutdown$$00000000) refers (Special) to libshutdown2.o(.ARM.Collect$$libshutdown$$0000000C) for __rt_lib_shutdown_user_alloc_1
    sys_command.o(.text) refers (Special) to use_no_semi.o(.text) for __I$use$semihosting
    sys_command.o(.text) refers (Special) to indicate_semi.o(.text) for __semihosting_library_function
    defsig_abrt_inner.o(.text) refers to defsig_general.o(.text) for __default_signal_display
    defsig_rtred_inner.o(.text) refers to defsig_general.o(.text) for __default_signal_display
    defsig_rtmem_inner.o(.text) refers to defsig_general.o(.text) for __default_signal_display
    defsig_rtmem_outer.o(.text) refers to defsig_rtmem_inner.o(.text) for __rt_SIGRTMEM_inner
    defsig_rtmem_outer.o(.text) refers to defsig_exit.o(.text) for __sig_exit
    defsig_rtmem_formal.o(.text) refers to rt_raise.o(.text) for __rt_raise
    defsig_stak_inner.o(.text) refers to defsig_general.o(.text) for __default_signal_display
    defsig_pvfn_inner.o(.text) refers to defsig_general.o(.text) for __default_signal_display
    defsig_cppl_inner.o(.text) refers to defsig_general.o(.text) for __default_signal_display
    defsig_segv_inner.o(.text) refers to defsig_general.o(.text) for __default_signal_display
    defsig_other.o(.text) refers to defsig_general.o(.text) for __default_signal_display

