Component: ARM Compiler 5.06 update 6 (build 750) Tool: armlink [4d35ed]

==============================================================================

Section Cross References

    startup_stm32f10x_md.o(STACK) refers (Special) to heapauxi.o(.text) for __use_two_region_memory
    startup_stm32f10x_md.o(HEAP) refers (Special) to heapauxi.o(.text) for __use_two_region_memory
    startup_stm32f10x_md.o(RESET) refers (Special) to heapauxi.o(.text) for __use_two_region_memory
    startup_stm32f10x_md.o(RESET) refers to startup_stm32f10x_md.o(STACK) for __initial_sp
    startup_stm32f10x_md.o(RESET) refers to startup_stm32f10x_md.o(.text) for Reset_Handler
    startup_stm32f10x_md.o(RESET) refers to ticks.o(i.SysTick_Handler) for SysTick_Handler
    startup_stm32f10x_md.o(RESET) refers to main.o(i.EXTI0_IRQHandler) for EXTI0_IRQHandler
    startup_stm32f10x_md.o(RESET) refers to adc.o(i.DMA1_Channel1_IRQHandler) for DMA1_Channel1_IRQHandler
    startup_stm32f10x_md.o(RESET) refers to adc.o(i.ADC1_2_IRQHandler) for ADC1_2_IRQHandler
    startup_stm32f10x_md.o(RESET) refers to gpio.o(i.EXTI9_5_IRQHandler) for EXTI9_5_IRQHandler
    startup_stm32f10x_md.o(RESET) refers to main.o(i.TIM4_IRQHandler) for TIM4_IRQHandler
    startup_stm32f10x_md.o(RESET) refers to spi.o(i.SPI2_IRQHandler) for SPI2_IRQHandler
    startup_stm32f10x_md.o(RESET) refers to uart.o(i.USART1_IRQHandler) for USART1_IRQHandler
    startup_stm32f10x_md.o(RESET) refers to uart.o(i.USART3_IRQHandler) for USART3_IRQHandler
    startup_stm32f10x_md.o(RESET) refers to gpio.o(i.EXTI15_10_IRQHandler) for EXTI15_10_IRQHandler
    startup_stm32f10x_md.o(.text) refers (Special) to heapauxi.o(.text) for __use_two_region_memory
    startup_stm32f10x_md.o(.text) refers to system_stm32f10x.o(i.SystemInit) for SystemInit
    startup_stm32f10x_md.o(.text) refers to __main.o(!!!main) for __main
    startup_stm32f10x_md.o(.text) refers to startup_stm32f10x_md.o(HEAP) for Heap_Mem
    startup_stm32f10x_md.o(.text) refers to startup_stm32f10x_md.o(STACK) for Stack_Mem
    stm32f10x_adc.o(i.ADC_DeInit) refers to stm32f10x_rcc.o(i.RCC_APB2PeriphResetCmd) for RCC_APB2PeriphResetCmd
    stm32f10x_bkp.o(i.BKP_DeInit) refers to stm32f10x_rcc.o(i.RCC_BackupResetCmd) for RCC_BackupResetCmd
    stm32f10x_can.o(i.CAN_DeInit) refers to stm32f10x_rcc.o(i.RCC_APB1PeriphResetCmd) for RCC_APB1PeriphResetCmd
    stm32f10x_can.o(i.CAN_GetITStatus) refers to stm32f10x_can.o(i.CheckITStatus) for CheckITStatus
    stm32f10x_cec.o(i.CEC_DeInit) refers to stm32f10x_rcc.o(i.RCC_APB1PeriphResetCmd) for RCC_APB1PeriphResetCmd
    stm32f10x_dac.o(i.DAC_DeInit) refers to stm32f10x_rcc.o(i.RCC_APB1PeriphResetCmd) for RCC_APB1PeriphResetCmd
    stm32f10x_flash.o(i.FLASH_EnableWriteProtection) refers to stm32f10x_flash.o(i.FLASH_WaitForLastOperation) for FLASH_WaitForLastOperation
    stm32f10x_flash.o(i.FLASH_EraseAllBank1Pages) refers to stm32f10x_flash.o(i.FLASH_WaitForLastBank1Operation) for FLASH_WaitForLastBank1Operation
    stm32f10x_flash.o(i.FLASH_EraseAllPages) refers to stm32f10x_flash.o(i.FLASH_WaitForLastOperation) for FLASH_WaitForLastOperation
    stm32f10x_flash.o(i.FLASH_EraseOptionBytes) refers to stm32f10x_flash.o(i.FLASH_GetReadOutProtectionStatus) for FLASH_GetReadOutProtectionStatus
    stm32f10x_flash.o(i.FLASH_EraseOptionBytes) refers to stm32f10x_flash.o(i.FLASH_WaitForLastOperation) for FLASH_WaitForLastOperation
    stm32f10x_flash.o(i.FLASH_ErasePage) refers to stm32f10x_flash.o(i.FLASH_WaitForLastOperation) for FLASH_WaitForLastOperation
    stm32f10x_flash.o(i.FLASH_ProgramHalfWord) refers to stm32f10x_flash.o(i.FLASH_WaitForLastOperation) for FLASH_WaitForLastOperation
    stm32f10x_flash.o(i.FLASH_ProgramOptionByteData) refers to stm32f10x_flash.o(i.FLASH_WaitForLastOperation) for FLASH_WaitForLastOperation
    stm32f10x_flash.o(i.FLASH_ProgramWord) refers to stm32f10x_flash.o(i.FLASH_WaitForLastOperation) for FLASH_WaitForLastOperation
    stm32f10x_flash.o(i.FLASH_ReadOutProtection) refers to stm32f10x_flash.o(i.FLASH_WaitForLastOperation) for FLASH_WaitForLastOperation
    stm32f10x_flash.o(i.FLASH_UserOptionByteConfig) refers to stm32f10x_flash.o(i.FLASH_WaitForLastOperation) for FLASH_WaitForLastOperation
    stm32f10x_flash.o(i.FLASH_WaitForLastBank1Operation) refers to stm32f10x_flash.o(i.FLASH_GetBank1Status) for FLASH_GetBank1Status
    stm32f10x_flash.o(i.FLASH_WaitForLastOperation) refers to stm32f10x_flash.o(i.FLASH_GetBank1Status) for FLASH_GetBank1Status
    stm32f10x_gpio.o(i.GPIO_AFIODeInit) refers to stm32f10x_rcc.o(i.RCC_APB2PeriphResetCmd) for RCC_APB2PeriphResetCmd
    stm32f10x_gpio.o(i.GPIO_DeInit) refers to stm32f10x_rcc.o(i.RCC_APB2PeriphResetCmd) for RCC_APB2PeriphResetCmd
    stm32f10x_i2c.o(i.I2C_DeInit) refers to stm32f10x_rcc.o(i.RCC_APB1PeriphResetCmd) for RCC_APB1PeriphResetCmd
    stm32f10x_i2c.o(i.I2C_Init) refers to stm32f10x_rcc.o(i.RCC_GetClocksFreq) for RCC_GetClocksFreq
[...]
    ../clib/angel/rt.s                       0x00000000   Number         0  rt_locale_intlibspace.o ABSOLUTE
    ../clib/angel/rt.s                       0x00000000   Number         0  rt_div0.o ABSOLUTE
    ../clib/angel/rt.s                       0x00000000   Number         0  aeabi_ldiv0_sigfpe.o ABSOLUTE
    ../clib/angel/rt.s                       0x00000000   Number         0  rt_locale.o ABSOLUTE
    ../clib/angel/scatter.s                  0x00000000   Number         0  __scatter.o ABSOLUTE
    ../clib/angel/startup.s                  0x00000000   Number         0  __main.o ABSOLUTE
    ../clib/angel/sys.s                      0x00000000   Number         0  sys_stackheap_outer.o ABSOLUTE
    ../clib/angel/sys.s                      0x00000000   Number         0  use_no_semi.o ABSOLUTE
    ../clib/angel/sys.s                      0x00000000   Number         0  indicate_semi.o ABSOLUTE
    ../clib/angel/sys.s                      0x00000000   Number         0  libspace.o ABSOLUTE
    ../clib/angel/sysapp.c                   0x00000000   Number         0  sys_command.o ABSOLUTE
    ../clib/angel/sysapp.c                   0x00000000   Number         0  sys_exit.o ABSOLUTE
    ../clib/angel/sysapp.c                   0x00000000   Number         0  sys_wrch.o ABSOLUTE
    ../clib/armsys.c                         0x00000000   Number         0  argv_veneer.o ABSOLUTE
    ../clib/armsys.c                         0x00000000   Number         0  argv_veneer.o ABSOLUTE
    ../clib/armsys.c                         0x00000000   Number         0  _get_argv_nomalloc.o ABSOLUTE
    ../clib/armsys.c                         0x00000000   Number         0  no_argv.o ABSOLUTE
    ../clib/bigflt.c                         0x00000000   Number         0  bigflt0.o ABSOLUTE
    ../clib/btod.s                           0x00000000   Number         0  btod.o ABSOLUTE
    ../clib/heapalloc.c                      0x00000000   Number         0  hrguard.o ABSOLUTE
    ../clib/heapaux.c                        0x00000000   Number         0  heapauxi.o ABSOLUTE
    ../clib/libinit.s                        0x00000000   Number         0  libinit.o ABSOLUTE
    ../clib/libinit.s                        0x00000000   Number         0  libshutdown2.o ABSOLUTE
    ../clib/libinit.s                        0x00000000   Number         0  libinit2.o ABSOLUTE
    ../clib/libinit.s                        0x00000000   Number         0  libshutdown.o ABSOLUTE
    ../clib/locale.c                         0x00000000   Number         0  _wcrtomb.o ABSOLUTE
    ../clib/locale.s                         0x00000000   Number         0  lc_numeric_c.o ABSOLUTE
    ../clib/locale.s                         0x00000000   Number         0  lc_ctype_c.o ABSOLUTE
    ../clib/longlong.s                       0x00000000   Number         0  lludiv10.o ABSOLUTE
    ../clib/longlong.s                       0x00000000   Number         0  lludivv7m.o ABSOLUTE
    ../clib/memcpset.s                       0x00000000   Number         0  strcmpv7m.o ABSOLUTE
    ../clib/memcpset.s                       0x00000000   Number         0  rt_memclr_w.o ABSOLUTE
    ../clib/misc.s                           0x00000000   Number         0  printf_stubs.o ABSOLUTE
    ../clib/printf.c                         0x00000000   Number         0  __printf_flags_ss_wp.o ABSOLUTE
    ../clib/printf.c                         0x00000000   Number         0  _printf_char_common.o ABSOLUTE
    ../clib/printf.c                         0x00000000   Number         0  _sputc.o ABSOLUTE
    ../clib/printf.c                         0x00000000   Number         0  __printf_ss_wp.o ABSOLUTE
    ../clib/printf.c                         0x00000000   Number         0  _printf_wctomb.o ABSOLUTE
    ../clib/printf.c                         0x00000000   Number         0  _printf_longlong_dec.o ABSOLUTE
    ../clib/printf.c                         0x00000000   Number         0  _printf_oct_ll.o ABSOLUTE
    ../clib/printf.c                         0x00000000   Number         0  __printf_flags_wp.o ABSOLUTE
    ../clib/printf.c                         0x00000000   Number         0  _printf_oct_int.o ABSOLUTE
    ../clib/printf.c                         0x00000000   Number         0  __printf_wp.o ABSOLUTE
    ../clib/printf.c                         0x00000000   Number         0  _printf_oct_int_ll.o ABSOLUTE
    ../clib/printf.c                         0x00000000   Number         0  __printf_flags_ss.o ABSOLUTE
    ../clib/printf.c                         0x00000000   Number         0  __printf_ss.o ABSOLUTE
    ../clib/printf.c                         0x00000000   Number         0  _printf_hex_ll.o ABSOLUTE
    ../clib/printf.c                         0x00000000   Number         0  _printf_hex_int.o ABSOLUTE
    ../clib/printf.c                         0x00000000   Number         0  _printf_pad.o ABSOLUTE
    ../clib/printf.c                         0x00000000   Number         0  __printf_flags.o ABSOLUTE
    ../clib/printf.c                         0x00000000   Number         0  _printf_dec.o ABSOLUTE
    ../clib/printf.c                         0x00000000   Number         0  _printf_intcommon.o ABSOLUTE
    ../clib/printf.c                         0x00000000   Number         0  _printf_hex_int_ll.o ABSOLUTE
    ../clib/printf.c                         0x00000000   Number         0  _printf_hex_ptr.o ABSOLUTE
    ../clib/printf.c                         0x00000000   Number         0  __printf_nopercent.o ABSOLUTE
    ../clib/printf.c                         0x00000000   Number         0  _printf_char.o ABSOLUTE
    ../clib/printf.c                         0x00000000   Number         0  _printf_wchar.o ABSOLUTE
    ../clib/printf.c                         0x00000000   Number         0  _printf_fp_dec.o ABSOLUTE
    ../clib/printf.c                         0x00000000   Number         0  _printf_hex_int_ptr.o ABSOLUTE
    ../clib/printf.c                         0x00000000   Number         0  _printf_str.o ABSOLUTE
    ../clib/printf.c                         0x00000000   Number         0  _printf_fp_hex.o ABSOLUTE
    ../clib/printf.c                         0x00000000   Number         0  _printf_fp_infnan.o ABSOLUTE
    ../clib/printf.c                         0x00000000   Number         0  _printf_hex_int_ll_ptr.o ABSOLUTE
    ../clib/printf.c                         0x00000000   Number         0  vsprintf.o ABSOLUTE
    ../clib/printf.c                         0x00000000   Number         0  _printf_truncate.o ABSOLUTE
    ../clib/printf.c                         0x00000000   Number         0  __2sprintf.o ABSOLUTE
    ../clib/printf.c                         0x00000000   Number         0  noretval__2sprintf.o ABSOLUTE
    ../clib/printf.c                         0x00000000   Number         0  __printf.o ABSOLUTE
    ../clib/printf.c                         0x00000000   Number         0  _printf_charcount.o ABSOLUTE
    ../clib/printf.c                         0x00000000   Number         0  _printf_hex_ll_ptr.o ABSOLUTE
    ../clib/printf_percent.s                 0x00000000   Number         0  _printf_a.o ABSOLUTE
    ../clib/printf_percent.s                 0x00000000   Number         0  _printf_g.o ABSOLUTE
    ../clib/printf_percent.s                 0x00000000   Number         0  _printf_e.o ABSOLUTE
    ../clib/printf_percent.s                 0x00000000   Number         0  _printf_f.o ABSOLUTE
    ../clib/printf_percent.s                 0x00000000   Number         0  _printf_u.o ABSOLUTE
    ../clib/printf_percent.s                 0x00000000   Number         0  _printf_i.o ABSOLUTE
    ../clib/printf_percent.s                 0x00000000   Number         0  _printf_o.o ABSOLUTE
    ../clib/printf_percent.s                 0x00000000   Number         0  _printf_p.o ABSOLUTE
    ../clib/printf_percent.s                 0x00000000   Number         0  _printf_x.o ABSOLUTE
    ../clib/printf_percent.s                 0x00000000   Number         0  _printf_n.o ABSOLUTE
    ../clib/printf_percent.s                 0x00000000   Number         0  _printf_s.o ABSOLUTE
    ../clib/printf_percent.s                 0x00000000   Number         0  _printf_c.o ABSOLUTE
    ../clib/printf_percent.s                 0x00000000   Number         0  _printf_percent.o ABSOLUTE
    ../clib/printf_percent.s                 0x00000000   Number         0  _printf_d.o ABSOLUTE
    ../clib/printf_percent.s                 0x00000000   Number         0  _printf_l.o ABSOLUTE
    ../clib/printf_percent.s                 0x00000000   Number         0  _printf_llx.o ABSOLUTE
    ../clib/printf_percent.s                 0x00000000   Number         0  _printf_llo.o ABSOLUTE
    ../clib/printf_percent.s                 0x00000000   Number         0  _printf_ls.o ABSOLUTE
    ../clib/printf_percent.s                 0x00000000   Number         0  _printf_lc.o ABSOLUTE
    ../clib/printf_percent.s                 0x00000000   Number         0  _printf_ll.o ABSOLUTE
    ../clib/printf_percent.s                 0x00000000   Number         0  _printf_llu.o ABSOLUTE
    ../clib/printf_percent.s                 0x00000000   Number         0  _printf_lld.o ABSOLUTE
    ../clib/printf_percent.s                 0x00000000   Number         0  _printf_lli.o ABSOLUTE
    ../clib/printf_percent.s                 0x00000000   Number         0  _printf_percent_end.o ABSOLUTE
    ../clib/signal.c                         0x00000000   Number         0  defsig_abrt_inner.o ABSOLUTE
    ../clib/signal.c                         0x00000000   Number         0  defsig_fpe_formal.o ABSOLUTE
    ../clib/signal.c                         0x00000000   Number         0  defsig_other.o ABSOLUTE
    ../clib/signal.c                         0x00000000   Number         0  defsig_general.o ABSOLUTE
    ../clib/signal.c                         0x00000000   Number         0  __raise.o ABSOLUTE
    ../clib/signal.c                         0x00000000   Number         0  defsig_rtred_inner.o ABSOLUTE
    ../clib/signal.c                         0x00000000   Number         0  defsig_fpe_inner.o ABSOLUTE
    ../clib/signal.c                         0x00000000   Number         0  defsig_rtmem_inner.o ABSOLUTE
    ../clib/signal.c                         0x00000000   Number         0  defsig_rtmem_outer.o ABSOLUTE
    ../clib/signal.c                         0x00000000   Number         0  defsig_rtmem_formal.o ABSOLUTE
    ../clib/signal.c                         0x00000000   Number         0  defsig_stak_inner.o ABSOLUTE
    ../clib/signal.c                         0x00000000   Number         0  defsig_pvfn_inner.o ABSOLUTE
    ../clib/signal.c                         0x00000000   Number         0  defsig_cppl_inner.o ABSOLUTE
    ../clib/signal.c                         0x00000000   Number         0  defsig_segv_inner.o ABSOLUTE
    ../clib/signal.c                         0x00000000   Number         0  defsig_exit.o ABSOLUTE
    ../clib/signal.c                         0x00000000   Number         0  defsig_fpe_outer.o ABSOLUTE
    ../clib/signal.s                         0x00000000   Number         0  defsig.o ABSOLUTE
    ../clib/stdlib.c                         0x00000000   Number         0  exit.o ABSOLUTE
    ../fplib/ffixu.s                         0x00000000   Number         0  ffixu.o ABSOLUTE
    ../fplib/fflt.s                          0x00000000   Number         0  fflt_clz.o ABSOLUTE
    ../fplib/fnaninf.s                       0x00000000   Number         0  fnaninf.o ABSOLUTE
    ../fplib/fpinit.s                        0x00000000   Number         0  fpinit.o ABSOLUTE
    ../fplib/istatus.s                       0x00000000   Number         0  istatus.o ABSOLUTE
    ../fplib/printf1.s                       0x00000000   Number         0  printf1.o ABSOLUTE
    ../fplib/printf2.s                       0x00000000   Number         0  printf2.o ABSOLUTE
    ../fplib/printf2a.s                      0x00000000   Number         0  printf2a.o ABSOLUTE
    ../fplib/printf2b.s                      0x00000000   Number         0  printf2b.o ABSOLUTE
    ../fplib/usenofp.s                       0x00000000   Number         0  usenofp.o ABSOLUTE
    ../mathlib/fpclassify.c                  0x00000000   Number         0  fpclassify.o ABSOLUTE
    ..\..\Source\CommonTables\arm_common_tables.c 0x00000000   Number         0  arm_common_tables.o ABSOLUTE
    ..\..\Source\FastMathFunctions\arm_cos_q15.c 0x00000000   Number         0  arm_cos_q15.o ABSOLUTE
    ..\..\Source\FastMathFunctions\arm_sin_q15.c 0x00000000   Number         0  arm_sin_q15.o ABSOLUTE
    ..\\..\\Source\\CommonTables\\arm_common_tables.c 0x00000000   Number         0  arm_common_tables.o ABSOLUTE
    ..\\..\\Source\\FastMathFunctions\\arm_cos_q15.c 0x00000000   Number         0  arm_cos_q15.o ABSOLUTE
    ..\\..\\Source\\FastMathFunctions\\arm_sin_q15.c 0x00000000   Number         0  arm_sin_q15.o ABSOLUTE
    dc.s                                     0x00000000   Number         0  dc.o ABSOLUTE
    src\\library\\adc.c                      0x00000000   Number         0  adc.o ABSOLUTE
    src\\library\\buttons.c                  0x00000000   Number         0  buttons.o ABSOLUTE
    src\\library\\buzzer.c                   0x00000000   Number         0  buzzer.o ABSOLUTE
    src\\library\\camera.c                   0x00000000   Number         0  camera.o ABSOLUTE
    src\\library\\gpio.c                     0x00000000   Number         0  gpio.o ABSOLUTE
    src\\library\\lcd_main.c                 0x00000000   Number         0  lcd_main.o ABSOLUTE
    src\\library\\leds.c                     0x00000000   Number         0  leds.o ABSOLUTE
    src\\library\\math.c                     0x00000000   Number         0  math.o ABSOLUTE
    src\\library\\oled.c                     0x00000000   Number         0  oled.o ABSOLUTE
    src\\library\\pwm.c                      0x00000000   Number         0  pwm.o ABSOLUTE
    src\\library\\rcc.c                      0x00000000   Number         0  rcc.o ABSOLUTE
    src\\library\\spi.c                      0x00000000   Number         0  spi.o ABSOLUTE
    src\\library\\ticks.c                    0x00000000   Number         0  ticks.o ABSOLUTE
    src\\library\\uart.c                     0x00000000   Number         0  uart.o ABSOLUTE
    src\\stm32f10x_std\\src\\misc.c          0x00000000   Number         0  misc.o ABSOLUTE
    src\\stm32f10x_std\\src\\stm32f10x_adc.c 0x00000000   Number         0  stm32f10x_adc.o ABSOLUTE
    src\\stm32f10x_std\\src\\stm32f10x_bkp.c 0x00000000   Number         0  stm32f10x_bkp.o ABSOLUTE
    src\\stm32f10x_std\\src\\stm32f10x_can.c 0x00000000   Number         0  stm32f10x_can.o ABSOLUTE
    src\\stm32f10x_std\\src\\stm32f10x_cec.c 0x00000000   Number         0  stm32f10x_cec.o ABSOLUTE
    src\\stm32f10x_std\\src\\stm32f10x_crc.c 0x00000000   Number         0  stm32f10x_crc.o ABSOLUTE
    src\\stm32f10x_std\\src\\stm32f10x_dac.c 0x00000000   Number         0  stm32f10x_dac.o ABSOLUTE
    src\\stm32f10x_std\\src\\stm32f10x_dbgmcu.c 0x00000000   Number         0  stm32f10x_dbgmcu.o ABSOLUTE
    src\\stm32f10x_std\\src\\stm32f10x_dma.c 0x00000000   Number         0  stm32f10x_dma.o ABSOLUTE
    src\\stm32f10x_std\\src\\stm32f10x_exti.c 0x00000000   Number         0  stm32f10x_exti.o ABSOLUTE
    src\\stm32f10x_std\\src\\stm32f10x_flash.c 0x00000000   Number         0  stm32f10x_flash.o ABSOLUTE
    src\\stm32f10x_std\\src\\stm32f10x_fsmc.c 0x00000000   Number         0  stm32f10x_fsmc.o ABSOLUTE
    src\\stm32f10x_std\\src\\stm32f10x_gpio.c 0x00000000   Number         0  stm32f10x_gpio.o ABSOLUTE
    src\\stm32f10x_std\\src\\stm32f10x_i2c.c 0x00000000   Number         0  stm32f10x_i2c.o ABSOLUTE
    src\\stm32f10x_std\\src\\stm32f10x_iwdg.c 0x00000000   Number         0  stm32f10x_iwdg.o ABSOLUTE
    src\\stm32f10x_std\\src\\stm32f10x_pwr.c 0x00000000   Number         0  stm32f10x_pwr.o ABSOLUTE
    src\\stm32f10x_std\\src\\stm32f10x_rcc.c 0x00000000   Number         0  stm32f10x_rcc.o ABSOLUTE
    src\\stm32f10x_std\\src\\stm32f10x_rtc.c 0x00000000   Number         0  stm32f10x_rtc.o ABSOLUTE
    src\\stm32f10x_std\\src\\stm32f10x_sdio.c 0x00000000   Number         0  stm32f10x_sdio.o ABSOLUTE
    src\\stm32f10x_std\\src\\stm32f10x_spi.c 0x00000000   Number         0  stm32f10x_spi.o ABSOLUTE
    src\\stm32f10x_std\\src\\stm32f10x_tim.c 0x00000000   Number         0  stm32f10x_tim.o ABSOLUTE
    src\\stm32f10x_std\\src\\stm32f10x_usart.c 0x00000000   Number         0  stm32f10x_usart.o ABSOLUTE
    src\\stm32f10x_std\\src\\stm32f10x_wwdg.c 0x00000000   Number         0  stm32f10x_wwdg.o ABSOLUTE
    src\\stm32f10x_std\\src\\system_stm32f10x.c 0x00000000   Number         0  system_stm32f10x.o ABSOLUTE
    src\\user\\main.c                        0x00000000   Number         0  main.o ABSOLUTE
    src\library\adc.c                        0x00000000   Number         0  adc.o ABSOLUTE
    src\library\buttons.c                    0x00000000   Number         0  buttons.o ABSOLUTE
    src\library\buzzer.c                     0x00000000   Number         0  buzzer.o ABSOLUTE
    src\library\camera.c                     0x00000000   Number         0  camera.o ABSOLUTE
    src\library\gpio.c                       0x00000000   Number         0  gpio.o ABSOLUTE
    src\library\lcd_main.c                   0x00000000   Number         0  lcd_main.o ABSOLUTE
    src\library\leds.c                       0x00000000   Number         0  leds.o ABSOLUTE
    src\library\math.c                       0x00000000   Number         0  math.o ABSOLUTE
    src\library\oled.c                       0x00000000   Number         0  oled.o ABSOLUTE
    src\library\pwm.c                        0x00000000   Number         0  pwm.o ABSOLUTE
    src\library\rcc.c                        0x00000000   Number         0  rcc.o ABSOLUTE
    src\library\spi.c                        0x00000000   Number         0  spi.o ABSOLUTE
    src\library\ticks.c                      0x00000000   Number         0  ticks.o ABSOLUTE
    src\library\uart.c                       0x00000000   Number         0  uart.o ABSOLUTE
    src\stm32f10x_startup\startup_stm32f10x_md.s 0x00000000   Number         0  startup_stm32f10x_md.o ABSOLUTE
    src\stm32f10x_std\src\misc.c             0x00000000   Number         0  misc.o ABSOLUTE
    src\stm32f10x_std\src\stm32f10x_adc.c    0x00000000   Number         0  stm32f10x_adc.o ABSOLUTE
    src\stm32f10x_std\src\stm32f10x_bkp.c    0x00000000   Number         0  stm32f10x_bkp.o ABSOLUTE
    src\stm32f10x_std\src\stm32f10x_can.c    0x00000000   Number         0  stm32f10x_can.o ABSOLUTE
    src\stm32f10x_std\src\stm32f10x_cec.c    0x00000000   Number         0  stm32f10x_cec.o ABSOLUTE
    src\stm32f10x_std\src\stm32f10x_crc.c    0x00000000   Number         0  stm32f10x_crc.o ABSOLUTE
    src\stm32f10x_std\src\stm32f10x_dac.c    0x00000000   Number         0  stm32f10x_dac.o ABSOLUTE
    src\stm32f10x_std\src\stm32f10x_dbgmcu.c 0x00000000   Number         0  stm32f10x_dbgmcu.o ABSOLUTE
    src\stm32f10x_std\src\stm32f10x_dma.c    0x00000000   Number         0  stm32f10x_dma.o ABSOLUTE
    src\stm32f10x_std\src\stm32f10x_exti.c   0x00000000   Number         0  stm32f10x_exti.o ABSOLUTE
    src\stm32f10x_std\src\stm32f10x_flash.c  0x00000000   Number         0  stm32f10x_flash.o ABSOLUTE
    src\stm32f10x_std\src\stm32f10x_fsmc.c   0x00000000   Number         0  stm32f10x_fsmc.o ABSOLUTE
    src\stm32f10x_std\src\stm32f10x_gpio.c   0x00000000   Number         0  stm32f10x_gpio.o ABSOLUTE
    src\stm32f10x_std\src\stm32f10x_i2c.c    0x00000000   Number         0  stm32f10x_i2c.o ABSOLUTE
    src\stm32f10x_std\src\stm32f10x_iwdg.c   0x00000000   Number         0  stm32f10x_iwdg.o ABSOLUTE
    src\stm32f10x_std\src\stm32f10x_pwr.c    0x00000000   Number         0  stm32f10x_pwr.o ABSOLUTE
    src\stm32f10x_std\src\stm32f10x_rcc.c    0x00000000   Number         0  stm32f10x_rcc.o ABSOLUTE
    src\stm32f10x_std\src\stm32f10x_rtc.c    0x00000000   Number         0  stm32f10x_rtc.o ABSOLUTE
    src\stm32f10x_std\src\stm32f10x_sdio.c   0x00000000   Number         0  stm32f10x_sdio.o ABSOLUTE
    src\stm32f10x_std\src\stm32f10x_spi.c    0x00000000   Number         0  stm32f10x_spi.o ABSOLUTE
    src\stm32f10x_std\src\stm32f10x_tim.c    0x00000000   Number         0  stm32f10x_tim.o ABSOLUTE
    src\stm32f10x_std\src\stm32f10x_usart.c  0x00000000   Number         0  stm32f10x_usart.o ABSOLUTE
    src\stm32f10x_std\src\stm32f10x_wwdg.c   0x00000000   Number         0  stm32f10x_wwdg.o ABSOLUTE
    src\stm32f10x_std\src\system_stm32f10x.c 0x00000000   Number         0  system_stm32f10x.o ABSOLUTE
    src\user\main.c                          0x00000000   Number         0  main.o ABSOLUTE
    RESET                                    0x08000000   Section      236  startup_stm32f10x_md.o(RESET)
    !!!main                                  0x080000ec   Section        8  __main.o(!!!main)
    !!!scatter                               0x080000f4   Section       52  __scatter.o(!!!scatter)
    !!dczerorl2                              0x08000128   Section       90  __dczerorl2.o(!!dczerorl2)
    !!handler_zi                             0x08000184   Section       28  __scatter_zi.o(!!handler_zi)
    .ARM.Collect$$_printf_percent$$00000000  0x080001a0   Section        0  _printf_percent.o(.ARM.Collect$$_printf_percent$$00000000)
    .ARM.Collect$$_printf_percent$$00000009  0x080001a0   Section        6  _printf_d.o(.ARM.Collect$$_printf_percent$$00000009)
    .ARM.Collect$$_printf_percent$$00000017  0x080001a6   Section        4  _printf_percent_end.o(.ARM.Collect$$_printf_percent$$00000017)
    .ARM.Collect$$libinit$$00000000          0x080001aa   Section        2  libinit.o(.ARM.Collect$$libinit$$00000000)
    .ARM.Collect$$libinit$$00000002          0x080001ac   Section        0  libinit2.o(.ARM.Collect$$libinit$$00000002)
    .ARM.Collect$$libinit$$00000004          0x080001ac   Section        0  libinit2.o(.ARM.Collect$$libinit$$00000004)
    .ARM.Collect$$libinit$$0000000A          0x080001ac   Section        0  libinit2.o(.ARM.Collect$$libinit$$0000000A)
    .ARM.Collect$$libinit$$0000000C          0x080001ac   Section        0  libinit2.o(.ARM.Collect$$libinit$$0000000C)
    .ARM.Collect$$libinit$$0000000E          0x080001ac   Section        0  libinit2.o(.ARM.Collect$$libinit$$0000000E)
    .ARM.Collect$$libinit$$00000011          0x080001ac   Section        0  libinit2.o(.ARM.Collect$$libinit$$00000011)
    .ARM.Collect$$libinit$$00000013          0x080001ac   Section        0  libinit2.o(.ARM.Collect$$libinit$$00000013)
    .ARM.Collect$$libinit$$00000015          0x080001ac   Section        0  libinit2.o(.ARM.Collect$$libinit$$00000015)
    .ARM.Collect$$libinit$$00000017          0x080001ac   Section        0  libinit2.o(.ARM.Collect$$libinit$$00000017)
    .ARM.Collect$$libinit$$00000019          0x080001ac   Section        0  libinit2.o(.ARM.Collect$$libinit$$00000019)
    .ARM.Collect$$libinit$$0000001B          0x080001ac   Section        0  libinit2.o(.ARM.Collect$$libinit$$0000001B)
    .ARM.Collect$$libinit$$0000001D          0x080001ac   Section        0  libinit2.o(.ARM.Collect$$libinit$$0000001D)
    .ARM.Collect$$libinit$$0000001F          0x080001ac   Section        0  libinit2.o(.ARM.Collect$$libinit$$0000001F)
    .ARM.Collect$$libinit$$00000021          0x080001ac   Section        0  libinit2.o(.ARM.Collect$$libinit$$00000021)
    .ARM.Collect$$libinit$$00000023          0x080001ac   Section        0  libinit2.o(.ARM.Collect$$libinit$$00000023)
    .ARM.Collect$$libinit$$00000025          0x080001ac   Section        0  libinit2.o(.ARM.Collect$$libinit$$00000025)
    .ARM.Collect$$libinit$$0000002C          0x080001ac   Section        0  libinit2.o(.ARM.Collect$$libinit$$0000002C)
    .ARM.Collect$$libinit$$0000002E          0x080001ac   Section        0  libinit2.o(.ARM.Collect$$libinit$$0000002E)
    .ARM.Collect$$libinit$$00000030          0x080001ac   Section        0  libinit2.o(.ARM.Collect$$libinit$$00000030)
    .ARM.Collect$$libinit$$00000032          0x080001ac   Section        0  libinit2.o(.ARM.Collect$$libinit$$00000032)
    .ARM.Collect$$libinit$$00000033          0x080001ac   Section        2  libinit2.o(.ARM.Collect$$libinit$$00000033)
    .ARM.Collect$$libshutdown$$00000000      0x080001ae   Section        2  libshutdown.o(.ARM.Collect$$libshutdown$$00000000)
    .ARM.Collect$$libshutdown$$00000002      0x080001b0   Section        0  libshutdown2.o(.ARM.Collect$$libshutdown$$00000002)
    .ARM.Collect$$libshutdown$$00000004      0x080001b0   Section        0  libshutdown2.o(.ARM.Collect$$libshutdown$$00000004)
    .ARM.Collect$$libshutdown$$00000007      0x080001b0   Section        0  libshutdown2.o(.ARM.Collect$$libshutdown$$00000007)
    .ARM.Collect$$libshutdown$$0000000A      0x080001b0   Section        0  libshutdown2.o(.ARM.Collect$$libshutdown$$0000000A)
    .ARM.Collect$$libshutdown$$0000000C      0x080001b0   Section        0  libshutdown2.o(.ARM.Collect$$libshutdown$$0000000C)
    .ARM.Collect$$libshutdown$$0000000F      0x080001b0   Section        0  libshutdown2.o(.ARM.Collect$$libshutdown$$0000000F)
    .ARM.Collect$$libshutdown$$00000010      0x080001b0   Section        2  libshutdown2.o(.ARM.Collect$$libshutdown$$00000010)
    .ARM.Collect$$rtentry$$00000000          0x080001b2   Section        0  __rtentry.o(.ARM.Collect$$rtentry$$00000000)
    .ARM.Collect$$rtentry$$00000002          0x080001b2   Section        0  __rtentry2.o(.ARM.Collect$$rtentry$$00000002)
    .ARM.Collect$$rtentry$$00000004          0x080001b2   Section        6  __rtentry4.o(.ARM.Collect$$rtentry$$00000004)
    .ARM.Collect$$rtentry$$00000009          0x080001b8   Section        0  __rtentry2.o(.ARM.Collect$$rtentry$$00000009)
    .ARM.Collect$$rtentry$$0000000A          0x080001b8   Section        4  __rtentry2.o(.ARM.Collect$$rtentry$$0000000A)
    .ARM.Collect$$rtentry$$0000000C          0x080001bc   Section        0  __rtentry2.o(.ARM.Collect$$rtentry$$0000000C)
    .ARM.Collect$$rtentry$$0000000D          0x080001bc   Section        8  __rtentry2.o(.ARM.Collect$$rtentry$$0000000D)
    .ARM.Collect$$rtexit$$00000000           0x080001c4   Section        2  rtexit.o(.ARM.Collect$$rtexit$$00000000)
    .ARM.Collect$$rtexit$$00000002           0x080001c6   Section        0  rtexit2.o(.ARM.Collect$$rtexit$$00000002)
    .ARM.Collect$$rtexit$$00000003           0x080001c6   Section        4  rtexit2.o(.ARM.Collect$$rtexit$$00000003)
    .ARM.Collect$$rtexit$$00000004           0x080001ca   Section        6  rtexit2.o(.ARM.Collect$$rtexit$$00000004)
    .text                                    0x080001d0   Section       64  startup_stm32f10x_md.o(.text)
    .text                                    0x08000210   Section        0  __2sprintf.o(.text)
    .text                                    0x0800023c   Section        0  _printf_dec.o(.text)
    .text                                    0x080002b4   Section        0  __printf_flags_ss_wp.o(.text)
    .text                                    0x0800043c   Section       78  rt_memclr_w.o(.text)
    .text                                    0x0800048a   Section        0  heapauxi.o(.text)
    .text                                    0x08000490   Section        0  _printf_intcommon.o(.text)
    .text                                    0x08000544   Section        0  _printf_char_common.o(.text)
    _printf_input_char                       0x08000545   Thumb Code    10  _printf_char_common.o(.text)
    .text                                    0x08000574   Section        0  _sputc.o(.text)
    .text                                    0x0800057e   Section       74  sys_stackheap_outer.o(.text)
    .text                                    0x080005c8   Section        0  exit.o(.text)
    .text                                    0x080005dc   Section        8  libspace.o(.text)
    .text                                    0x080005e4   Section        0  sys_exit.o(.text)
    .text                                    0x080005f0   Section        2  use_no_semi.o(.text)
    .text                                    0x080005f2   Section        0  indicate_semi.o(.text)
    i.ADC1_2_IRQHandler                      0x080005f4   Section        0  adc.o(i.ADC1_2_IRQHandler)
    i.ADC_ClearITPendingBit                  0x08000634   Section        0  stm32f10x_adc.o(i.ADC_ClearITPendingBit)
    i.ADC_GetConversionValue                 0x0800063e   Section        0  stm32f10x_adc.o(i.ADC_GetConversionValue)
    i.ADC_GetITStatus                        0x08000646   Section        0  stm32f10x_adc.o(i.ADC_GetITStatus)
    i.DMA1_Channel1_IRQHandler               0x0800066c   Section        0  adc.o(i.DMA1_Channel1_IRQHandler)
    i.DMA_ClearITPendingBit                  0x0800068c   Section        0  stm32f10x_dma.o(i.DMA_ClearITPendingBit)
    i.DMA_GetITStatus                        0x080006a8   Section        0  stm32f10x_dma.o(i.DMA_GetITStatus)
    i.EXTI0_IRQHandler                       0x080006d4   Section        0  main.o(i.EXTI0_IRQHandler)
    i.EXTI10_IRQHandler                      0x08000718   Section        0  gpio.o(i.EXTI10_IRQHandler)
    i.EXTI11_IRQHandler                      0x0800071a   Section        0  gpio.o(i.EXTI11_IRQHandler)
    i.EXTI12_IRQHandler                      0x0800071c   Section        0  camera.o(i.EXTI12_IRQHandler)
    i.EXTI13_IRQHandler                      0x08000768   Section        0  buttons.o(i.EXTI13_IRQHandler)
    i.EXTI14_IRQHandler                      0x08000772   Section        0  buttons.o(i.EXTI14_IRQHandler)
    i.EXTI15_10_IRQHandler                   0x0800077c   Section        0  gpio.o(i.EXTI15_10_IRQHandler)
    i.EXTI15_IRQHandler                      0x080007dc   Section        0  buttons.o(i.EXTI15_IRQHandler)
    i.EXTI5_IRQHandler                       0x080007e6   Section        0  gpio.o(i.EXTI5_IRQHandler)
    i.EXTI6_IRQHandler                       0x080007e8   Section        0  gpio.o(i.EXTI6_IRQHandler)
    i.EXTI7_IRQHandler                       0x080007ea   Section        0  gpio.o(i.EXTI7_IRQHandler)
    i.EXTI8_IRQHandler                       0x080007ec   Section        0  gpio.o(i.EXTI8_IRQHandler)
    i.EXTI9_5_IRQHandler                     0x080007f0   Section        0  gpio.o(i.EXTI9_5_IRQHandler)
    i.EXTI9_IRQHandler                       0x0800088c   Section        0  gpio.o(i.EXTI9_IRQHandler)
    i.EXTI_ClearITPendingBit                 0x08000890   Section        0  stm32f10x_exti.o(i.EXTI_ClearITPendingBit)
    i.EXTI_GetITStatus                       0x0800089c   Section        0  stm32f10x_exti.o(i.EXTI_GetITStatus)
    i.EXTI_Init                              0x080008c4   Section        0  stm32f10x_exti.o(i.EXTI_Init)
    i.GPIO_EXTILineConfig                    0x08000958   Section        0  stm32f10x_gpio.o(i.GPIO_EXTILineConfig)
    i.GPIO_Init                              0x08000998   Section        0  stm32f10x_gpio.o(i.GPIO_Init)
    i.GPIO_ReadInputDataBit                  0x08000aae   Section        0  stm32f10x_gpio.o(i.GPIO_ReadInputDataBit)
    i.GPIO_ResetBits                         0x08000ac0   Section        0  stm32f10x_gpio.o(i.GPIO_ResetBits)
    i.GPIO_SetBits                           0x08000ac4   Section        0  stm32f10x_gpio.o(i.GPIO_SetBits)
    i.GPIO_StructInit                        0x08000ac8   Section        0  stm32f10x_gpio.o(i.GPIO_StructInit)
    i.NVIC_Init                              0x08000ad8   Section        0  misc.o(i.NVIC_Init)
    i.RCC_APB1PeriphClockCmd                 0x08000b48   Section        0  stm32f10x_rcc.o(i.RCC_APB1PeriphClockCmd)
    i.RCC_APB2PeriphClockCmd                 0x08000b68   Section        0  stm32f10x_rcc.o(i.RCC_APB2PeriphClockCmd)
    i.RCC_DeInit                             0x08000b88   Section        0  stm32f10x_rcc.o(i.RCC_DeInit)
    i.RCC_GetClocksFreq                      0x08000bd4   Section        0  stm32f10x_rcc.o(i.RCC_GetClocksFreq)
    i.RCC_GetFlagStatus                      0x08000ca8   Section        0  stm32f10x_rcc.o(i.RCC_GetFlagStatus)
    i.RCC_GetSYSCLKSource                    0x08000ce4   Section        0  stm32f10x_rcc.o(i.RCC_GetSYSCLKSource)
    i.RCC_HCLKConfig                         0x08000cf4   Section        0  stm32f10x_rcc.o(i.RCC_HCLKConfig)
    i.RCC_HSEConfig                          0x08000d0c   Section        0  stm32f10x_rcc.o(i.RCC_HSEConfig)
    i.RCC_PCLK1Config                        0x08000d58   Section        0  stm32f10x_rcc.o(i.RCC_PCLK1Config)
    i.RCC_PCLK2Config                        0x08000d70   Section        0  stm32f10x_rcc.o(i.RCC_PCLK2Config)
    i.RCC_PLLCmd                             0x08000d88   Section        0  stm32f10x_rcc.o(i.RCC_PLLCmd)
    i.RCC_PLLConfig                          0x08000d94   Section        0  stm32f10x_rcc.o(i.RCC_PLLConfig)
    i.RCC_SYSCLKConfig                       0x08000db0   Section        0  stm32f10x_rcc.o(i.RCC_SYSCLKConfig)
    i.RCC_WaitForHSEStartUp                  0x08000dc8   Section        0  stm32f10x_rcc.o(i.RCC_WaitForHSEStartUp)
    i.SPI2_IRQHandler                        0x08000e00   Section        0  spi.o(i.SPI2_IRQHandler)
    i.SPI_I2S_ClearITPendingBit              0x08000e10   Section        0  stm32f10x_spi.o(i.SPI_I2S_ClearITPendingBit)
    i.SPI_I2S_GetITStatus                    0x08000e24   Section        0  stm32f10x_spi.o(i.SPI_I2S_GetITStatus)
    i.SPI_I2S_ReceiveData                    0x08000e58   Section        0  stm32f10x_spi.o(i.SPI_I2S_ReceiveData)
    i.SetSysClock                            0x08000e5e   Section        0  system_stm32f10x.o(i.SetSysClock)
    SetSysClock                              0x08000e5f   Thumb Code     8  system_stm32f10x.o(i.SetSysClock)
    i.SetSysClockTo72                        0x08000e68   Section        0  system_stm32f10x.o(i.SetSysClockTo72)
    SetSysClockTo72                          0x08000e69   Thumb Code   214  system_stm32f10x.o(i.SetSysClockTo72)
    i.SetSysClockTo72                        0x08000f48   Section        0  main.o(i.SetSysClockTo72)
    i.SysTick_Handler                        0x08000fa8   Section        0  ticks.o(i.SysTick_Handler)
    i.SystemInit                             0x08000fd0   Section        0  system_stm32f10x.o(i.SystemInit)
    i.TIM4_IRQHandler                        0x08001030   Section        0  main.o(i.TIM4_IRQHandler)
    i.TIM_ClearITPendingBit                  0x08001058   Section        0  stm32f10x_tim.o(i.TIM_ClearITPendingBit)
    i.TIM_Cmd                                0x0800105e   Section        0  stm32f10x_tim.o(i.TIM_Cmd)
    i.TIM_GetCounter                         0x08001076   Section        0  stm32f10x_tim.o(i.TIM_GetCounter)
    i.TIM_GetITStatus                        0x0800107c   Section        0  stm32f10x_tim.o(i.TIM_GetITStatus)
    i.TIM_ITConfig                           0x0800109e   Section        0  stm32f10x_tim.o(i.TIM_ITConfig)
    i.TIM_SetCounter                         0x080010b0   Section        0  stm32f10x_tim.o(i.TIM_SetCounter)
    i.TIM_TimeBaseInit                       0x080010b4   Section        0  stm32f10x_tim.o(i.TIM_TimeBaseInit)
    i.TIM_TimeBaseStructInit                 0x08001158   Section        0  stm32f10x_tim.o(i.TIM_TimeBaseStructInit)
    i.USART1_IRQHandler                      0x0800116c   Section        0  uart.o(i.USART1_IRQHandler)
    i.USART3_IRQHandler                      0x0800117c   Section        0  uart.o(i.USART3_IRQHandler)
    i.USARTSend                              0x0800118c   Section        0  main.o(i.USARTSend)
    i.USART_ClearITPendingBit                0x080011b8   Section        0  stm32f10x_usart.o(i.USART_ClearITPendingBit)
    i.USART_Cmd                              0x080011d6   Section        0  stm32f10x_usart.o(i.USART_Cmd)
    i.USART_GetFlagStatus                    0x080011ee   Section        0  stm32f10x_usart.o(i.USART_GetFlagStatus)
    i.USART_GetITStatus                      0x08001208   Section        0  stm32f10x_usart.o(i.USART_GetITStatus)
    i.USART_Init                             0x0800125c   Section        0  stm32f10x_usart.o(i.USART_Init)
    i.USART_ReceiveData                      0x08001334   Section        0  stm32f10x_usart.o(i.USART_ReceiveData)
    i.USART_SendData                         0x0800133e   Section        0  stm32f10x_usart.o(i.USART_SendData)
    i.__button_update                        0x08001348   Section        0  buttons.o(i.__button_update)
    __button_update                          0x08001349   Thumb Code    86  buttons.o(i.__button_update)
    i._is_digit                              0x080013a4   Section        0  __printf_wp.o(i._is_digit)
    i.button_pressed                         0x080013b4   Section        0  buttons.o(i.button_pressed)
    i.main                                   0x080013d8   Section        0  main.o(i.main)
    i.sonar_get                              0x08001480   Section        0  main.o(i.sonar_get)
    i.sonar_init                             0x080014a4   Section        0  main.o(i.sonar_init)
    i.sonar_start                            0x08001560   Section        0  main.o(i.sonar_start)
    i.spi_irq_handler                        0x08001588   Section        0  spi.o(i.spi_irq_handler)
    spi_irq_handler                          0x08001589   Thumb Code    72  spi.o(i.spi_irq_handler)
    i.uart_irq_handler                       0x080015d0   Section        0  uart.o(i.uart_irq_handler)
    uart_irq_handler                         0x080015d1   Thumb Code    78  uart.o(i.uart_irq_handler)
    i.usart_init                             0x08001620   Section        0  main.o(i.usart_init)
    .constdata                               0x0800169c   Section       24  buttons.o(.constdata)
    PC13                                     0x0800169c   Data           8  buttons.o(.constdata)
    PC14                                     0x080016a4   Data           8  buttons.o(.constdata)
    PC15                                     0x080016ac   Data           8  buttons.o(.constdata)
    .constdata                               0x080016b4   Section       32  uart.o(.constdata)
    PA9                                      0x080016b4   Data           8  uart.o(.constdata)
    PA10                                     0x080016bc   Data           8  uart.o(.constdata)
    PC10                                     0x080016c4   Data           8  uart.o(.constdata)
    PC11                                     0x080016cc   Data           8  uart.o(.constdata)
    .constdata                               0x080016d4   Section       24  spi.o(.constdata)
    PB13                                     0x080016d4   Data           8  spi.o(.constdata)
    PB14                                     0x080016dc   Data           8  spi.o(.constdata)
    PB15                                     0x080016e4   Data           8  spi.o(.constdata)
    .constdata                               0x080016ec   Section       64  adc.o(.constdata)
    PA0                                      0x080016ec   Data           8  adc.o(.constdata)
    PA1                                      0x080016f4   Data           8  adc.o(.constdata)
    PA2                                      0x080016fc   Data           8  adc.o(.constdata)
    PA3                                      0x08001704   Data           8  adc.o(.constdata)
    PA4                                      0x0800170c   Data           8  adc.o(.constdata)
    PA5                                      0x08001714   Data           8  adc.o(.constdata)
    PA6                                      0x0800171c   Data           8  adc.o(.constdata)
    PA7                                      0x08001724   Data           8  adc.o(.constdata)
    .constdata                               0x0800172c   Section       17  __printf_flags_ss_wp.o(.constdata)
    maptable                                 0x0800172c   Data          17  __printf_flags_ss_wp.o(.constdata)
    .data                                    0x20000000   Section       20  stm32f10x_rcc.o(.data)
    APBAHBPrescTable                         0x20000000   Data          16  stm32f10x_rcc.o(.data)
    ADCPrescTable                            0x20000010   Data           4  stm32f10x_rcc.o(.data)
    .data                                    0x20000014   Section        9  ticks.o(.data)
    .data                                    0x20000020   Section       48  buttons.o(.data)
    BUTTONS                                  0x20000020   Data          48  buttons.o(.data)
    .data                                    0x20000050   Section       48  uart.o(.data)
    .data                                    0x20000080   Section       28  spi.o(.data)
    .data                                    0x2000009c   Section      157  camera.o(.data)
    cameraConfig                             0x2000009c   Data         154  camera.o(.data)
    .data                                    0x2000013c   Section       85  adc.o(.data)
    adc_converted_channel                    0x20000190   Data           1  adc.o(.data)
    .data                                    0x20000192   Section        4  main.o(.data)
    .bss                                     0x20000198   Section       96  adc.o(.bss)
    ADC_READINGS                             0x20000198   Data          32  adc.o(.bss)
    adc_ports                                0x200001b8   Data          64  adc.o(.bss)
    .bss                                     0x200001f8   Section       96  libspace.o(.bss)
    HEAP                                     0x20000258   Section      512  startup_stm32f10x_md.o(HEAP)
    Heap_Mem                                 0x20000258   Data         512  startup_stm32f10x_md.o(HEAP)
    STACK                                    0x20000458   Section     1024  startup_stm32f10x_md.o(STACK)
    Stack_Mem                                0x20000458   Data        1024  startup_stm32f10x_md.o(STACK)
    __initial_sp                             0x20000858   Data           0  startup_stm32f10x_md.o(STACK)

    Global Symbols

    Symbol Name                              Value     Ov Type        Size  Object(Section)

    BuildAttributes$$THM_ISAv4$P$D$K$B$S$PE$A:L22UL41UL21$X:L11$S22US41US21$IEEE1$IW$USESV6$~STKCKD$USESV7$~SHL$OTIME$ROPI$IEEEJ$EBA8$UX$STANDARDLIB$REQ8$PRES8$EABIv2 0x00000000   Number         0  anon$$obj.o ABSOLUTE
    __ARM_use_no_argv                        0x00000000   Number         0  main.o ABSOLUTE
    _printf_flags                            0x00000000   Number         0  printf_stubs.o ABSOLUTE
    _printf_return_value                     0x00000000   Number         0  printf_stubs.o ABSOLUTE
    _printf_sizespec                         0x00000000   Number         0  printf_stubs.o ABSOLUTE
    _printf_widthprec                        0x00000000   Number         0  printf_stubs.o ABSOLUTE
    __ARM_exceptions_init                     - Undefined Weak Reference
    __alloca_initialize                       - Undefined Weak Reference
    __arm_preinit_                            - Undefined Weak Reference
    __cpp_initialize__aeabi_                  - Undefined Weak Reference
    __cxa_finalize                            - Undefined Weak Reference
    __sigvec_lookup                           - Undefined Weak Reference
    _atexit_init                              - Undefined Weak Reference
    _call_atexit_fns                          - Undefined Weak Reference
    _clock_init                               - Undefined Weak Reference
    _fp_trap_init                             - Undefined Weak Reference
    _fp_trap_shutdown                         - Undefined Weak Reference
    _get_lc_collate                           - Undefined Weak Reference
    _get_lc_monetary                          - Undefined Weak Reference
    _get_lc_time                              - Undefined Weak Reference
    _getenv_init                              - Undefined Weak Reference
    _handle_redirection                       - Undefined Weak Reference
    _init_alloc                               - Undefined Weak Reference
    _init_user_alloc                          - Undefined Weak Reference
    _initio                                   - Undefined Weak Reference
    _printf_mbtowc                            - Undefined Weak Reference
    _printf_wc                                - Undefined Weak Reference
    _rand_init                                - Undefined Weak Reference
    _signal_finish                            - Undefined Weak Reference
    _signal_init                              - Undefined Weak Reference
    _terminate_alloc                          - Undefined Weak Reference
    _terminate_user_alloc                     - Undefined Weak Reference
    _terminateio                              - Undefined Weak Reference
    __Vectors_Size                           0x000000ec   Number         0  startup_stm32f10x_md.o ABSOLUTE
    __Vectors                                0x08000000   Data           4  startup_stm32f10x_md.o(RESET)
    __Vectors_End                            0x080000ec   Data           0  startup_stm32f10x_md.o(RESET)
    __main                                   0x080000ed   Thumb Code     8  __main.o(!!!main)
    __scatterload                            0x080000f5   Thumb Code     0  __scatter.o(!!!scatter)
    __scatterload_rt2                        0x080000f5   Thumb Code    44  __scatter.o(!!!scatter)
    __scatterload_rt2_thumb_only             0x080000f5   Thumb Code     0  __scatter.o(!!!scatter)
    __scatterload_null                       0x08000103   Thumb Code     0  __scatter.o(!!!scatter)
    __decompress                             0x08000129   Thumb Code    90  __dczerorl2.o(!!dczerorl2)
    __decompress1                            0x08000129   Thumb Code     0  __dczerorl2.o(!!dczerorl2)
    __scatterload_zeroinit                   0x08000185   Thumb Code    28  __scatter_zi.o(!!handler_zi)
    _printf_d                                0x080001a1   Thumb Code     0  _printf_d.o(.ARM.Collect$$_printf_percent$$00000009)
    _printf_percent                          0x080001a1   Thumb Code     0  _printf_percent.o(.ARM.Collect$$_printf_percent$$00000000)
    _printf_percent_end                      0x080001a7   Thumb Code     0  _printf_percent_end.o(.ARM.Collect$$_printf_percent$$00000017)
    __rt_lib_init                            0x080001ab   Thumb Code     0  libinit.o(.ARM.Collect$$libinit$$00000000)
    __rt_lib_init_alloca_1                   0x080001ad   Thumb Code     0  libinit2.o(.ARM.Collect$$libinit$$0000002E)
    __rt_lib_init_argv_1                     0x080001ad   Thumb Code     0  libinit2.o(.ARM.Collect$$libinit$$0000002C)
    __rt_lib_init_atexit_1                   0x080001ad   Thumb Code     0  libinit2.o(.ARM.Collect$$libinit$$0000001B)
    __rt_lib_init_clock_1                    0x080001ad   Thumb Code     0  libinit2.o(.ARM.Collect$$libinit$$00000021)
    __rt_lib_init_cpp_1                      0x080001ad   Thumb Code     0  libinit2.o(.ARM.Collect$$libinit$$00000032)
    __rt_lib_init_exceptions_1               0x080001ad   Thumb Code     0  libinit2.o(.ARM.Collect$$libinit$$00000030)
    __rt_lib_init_fp_1                       0x080001ad   Thumb Code     0  libinit2.o(.ARM.Collect$$libinit$$00000002)
    __rt_lib_init_fp_trap_1                  0x080001ad   Thumb Code     0  libinit2.o(.ARM.Collect$$libinit$$0000001F)
    __rt_lib_init_getenv_1                   0x080001ad   Thumb Code     0  libinit2.o(.ARM.Collect$$libinit$$00000023)
    __rt_lib_init_heap_1                     0x080001ad   Thumb Code     0  libinit2.o(.ARM.Collect$$libinit$$0000000A)
    __rt_lib_init_lc_collate_1               0x080001ad   Thumb Code     0  libinit2.o(.ARM.Collect$$libinit$$00000011)
    __rt_lib_init_lc_ctype_1                 0x080001ad   Thumb Code     0  libinit2.o(.ARM.Collect$$libinit$$00000013)
    __rt_lib_init_lc_monetary_1              0x080001ad   Thumb Code     0  libinit2.o(.ARM.Collect$$libinit$$00000015)
    __rt_lib_init_lc_numeric_1               0x080001ad   Thumb Code     0  libinit2.o(.ARM.Collect$$libinit$$00000017)
    __rt_lib_init_lc_time_1                  0x080001ad   Thumb Code     0  libinit2.o(.ARM.Collect$$libinit$$00000019)
    __rt_lib_init_preinit_1                  0x080001ad   Thumb Code     0  libinit2.o(.ARM.Collect$$libinit$$00000004)
    __rt_lib_init_rand_1                     0x080001ad   Thumb Code     0  libinit2.o(.ARM.Collect$$libinit$$0000000E)
    __rt_lib_init_return                     0x080001ad   Thumb Code     0  libinit2.o(.ARM.Collect$$libinit$$00000033)
    __rt_lib_init_signal_1                   0x080001ad   Thumb Code     0  libinit2.o(.ARM.Collect$$libinit$$0000001D)
    __rt_lib_init_stdio_1                    0x080001ad   Thumb Code     0  libinit2.o(.ARM.Collect$$libinit$$00000025)
    __rt_lib_init_user_alloc_1               0x080001ad   Thumb Code     0  libinit2.o(.ARM.Collect$$libinit$$0000000C)
    __rt_lib_shutdown                        0x080001af   Thumb Code     0  libshutdown.o(.ARM.Collect$$libshutdown$$00000000)
    __rt_lib_shutdown_cpp_1                  0x080001b1   Thumb Code     0  libshutdown2.o(.ARM.Collect$$libshutdown$$00000002)
    __rt_lib_shutdown_fp_trap_1              0x080001b1   Thumb Code     0  libshutdown2.o(.ARM.Collect$$libshutdown$$00000007)
    __rt_lib_shutdown_heap_1                 0x080001b1   Thumb Code     0  libshutdown2.o(.ARM.Collect$$libshutdown$$0000000F)
    __rt_lib_shutdown_return                 0x080001b1   Thumb Code     0  libshutdown2.o(.ARM.Collect$$libshutdown$$00000010)
    __rt_lib_shutdown_signal_1               0x080001b1   Thumb Code     0  libshutdown2.o(.ARM.Collect$$libshutdown$$0000000A)
    __rt_lib_shutdown_stdio_1                0x080001b1   Thumb Code     0  libshutdown2.o(.ARM.Collect$$libshutdown$$00000004)
    __rt_lib_shutdown_user_alloc_1           0x080001b1   Thumb Code     0  libshutdown2.o(.ARM.Collect$$libshutdown$$0000000C)
    __rt_entry                               0x080001b3   Thumb Code     0  __rtentry.o(.ARM.Collect$$rtentry$$00000000)
    __rt_entry_presh_1                       0x080001b3   Thumb Code     0  __rtentry2.o(.ARM.Collect$$rtentry$$00000002)
    __rt_entry_sh                            0x080001b3   Thumb Code     0  __rtentry4.o(.ARM.Collect$$rtentry$$00000004)
    __rt_entry_li                            0x080001b9   Thumb Code     0  __rtentry2.o(.ARM.Collect$$rtentry$$0000000A)
    __rt_entry_postsh_1                      0x080001b9   Thumb Code     0  __rtentry2.o(.ARM.Collect$$rtentry$$00000009)
    __rt_entry_main                          0x080001bd   Thumb Code     0  __rtentry2.o(.ARM.Collect$$rtentry$$0000000D)
    __rt_entry_postli_1                      0x080001bd   Thumb Code     0  __rtentry2.o(.ARM.Collect$$rtentry$$0000000C)
    __rt_exit                                0x080001c5   Thumb Code     0  rtexit.o(.ARM.Collect$$rtexit$$00000000)
    __rt_exit_ls                             0x080001c7   Thumb Code     0  rtexit2.o(.ARM.Collect$$rtexit$$00000003)
    __rt_exit_prels_1                        0x080001c7   Thumb Code     0  rtexit2.o(.ARM.Collect$$rtexit$$00000002)
    __rt_exit_exit                           0x080001cb   Thumb Code     0  rtexit2.o(.ARM.Collect$$rtexit$$00000004)
    Reset_Handler                            0x080001d1   Thumb Code     8  startup_stm32f10x_md.o(.text)
    NMI_Handler                              0x080001d9   Thumb Code     2  startup_stm32f10x_md.o(.text)
    HardFault_Handler                        0x080001db   Thumb Code     2  startup_stm32f10x_md.o(.text)
    MemManage_Handler                        0x080001dd   Thumb Code     2  startup_stm32f10x_md.o(.text)
    BusFault_Handler                         0x080001df   Thumb Code     2  startup_stm32f10x_md.o(.text)
    UsageFault_Handler                       0x080001e1   Thumb Code     2  startup_stm32f10x_md.o(.text)
    SVC_Handler                              0x080001e3   Thumb Code     2  startup_stm32f10x_md.o(.text)
    DebugMon_Handler                         0x080001e5   Thumb Code     2  startup_stm32f10x_md.o(.text)
    PendSV_Handler                           0x080001e7   Thumb Code     2  startup_stm32f10x_md.o(.text)
    CAN1_RX1_IRQHandler                      0x080001eb   Thumb Code     0  startup_stm32f10x_md.o(.text)
    CAN1_SCE_IRQHandler                      0x080001eb   Thumb Code     0  startup_stm32f10x_md.o(.text)
    DMA1_Channel2_IRQHandler                 0x080001eb   Thumb Code     0  startup_stm32f10x_md.o(.text)
    DMA1_Channel3_IRQHandler                 0x080001eb   Thumb Code     0  startup_stm32f10x_md.o(.text)
    DMA1_Channel4_IRQHandler                 0x080001eb   Thumb Code     0  startup_stm32f10x_md.o(.text)
    DMA1_Channel5_IRQHandler                 0x080001eb   Thumb Code     0  startup_stm32f10x_md.o(.text)
    DMA1_Channel6_IRQHandler                 0x080001eb   Thumb Code     0  startup_stm32f10x_md.o(.text)
    DMA1_Channel7_IRQHandler                 0x080001eb   Thumb Code     0  startup_stm32f10x_md.o(.text)
    EXTI1_IRQHandler                         0x080001eb   Thumb Code     0  startup_stm32f10x_md.o(.text)
    EXTI2_IRQHandler                         0x080001eb   Thumb Code     0  startup_stm32f10x_md.o(.text)
    EXTI3_IRQHandler                         0x080001eb   Thumb Code     0  startup_stm32f10x_md.o(.text)
    EXTI4_IRQHandler                         0x080001eb   Thumb Code     0  startup_stm32f10x_md.o(.text)
    FLASH_IRQHandler                         0x080001eb   Thumb Code     0  startup_stm32f10x_md.o(.text)
    I2C1_ER_IRQHandler                       0x080001eb   Thumb Code     0  startup_stm32f10x_md.o(.text)
    I2C1_EV_IRQHandler                       0x080001eb   Thumb Code     0  startup_stm32f10x_md.o(.text)
    I2C2_ER_IRQHandler                       0x080001eb   Thumb Code     0  startup_stm32f10x_md.o(.text)
    I2C2_EV_IRQHandler                       0x080001eb   Thumb Code     0  startup_stm32f10x_md.o(.text)
    PVD_IRQHandler                           0x080001eb   Thumb Code     0  startup_stm32f10x_md.o(.text)
    RCC_IRQHandler                           0x080001eb   Thumb Code     0  startup_stm32f10x_md.o(.text)
    RTCAlarm_IRQHandler                      0x080001eb   Thumb Code     0  startup_stm32f10x_md.o(.text)
    RTC_IRQHandler                           0x080001eb   Thumb Code     0  startup_stm32f10x_md.o(.text)
    SPI1_IRQHandler                          0x080001eb   Thumb Code     0  startup_stm32f10x_md.o(.text)
    TAMPER_IRQHandler                        0x080001eb   Thumb Code     0  startup_stm32f10x_md.o(.text)
    TIM1_BRK_IRQHandler                      0x080001eb   Thumb Code     0  startup_stm32f10x_md.o(.text)
    TIM1_CC_IRQHandler                       0x080001eb   Thumb Code     0  startup_stm32f10x_md.o(.text)
    TIM1_TRG_COM_IRQHandler                  0x080001eb   Thumb Code     0  startup_stm32f10x_md.o(.text)
    TIM1_UP_IRQHandler                       0x080001eb   Thumb Code     0  startup_stm32f10x_md.o(.text)
    TIM2_IRQHandler                          0x080001eb   Thumb Code     0  startup_stm32f10x_md.o(.text)
    TIM3_IRQHandler                          0x080001eb   Thumb Code     0  startup_stm32f10x_md.o(.text)
    USART2_IRQHandler                        0x080001eb   Thumb Code     0  startup_stm32f10x_md.o(.text)
    USBWakeUp_IRQHandler                     0x080001eb   Thumb Code     0  startup_stm32f10x_md.o(.text)
    USB_HP_CAN1_TX_IRQHandler                0x080001eb   Thumb Code     0  startup_stm32f10x_md.o(.text)
    USB_LP_CAN1_RX0_IRQHandler               0x080001eb   Thumb Code     0  startup_stm32f10x_md.o(.text)
    WWDG_IRQHandler                          0x080001eb   Thumb Code     0  startup_stm32f10x_md.o(.text)
    __user_initial_stackheap                 0x080001ed   Thumb Code     0  startup_stm32f10x_md.o(.text)
    __2sprintf                               0x08000211   Thumb Code    38  __2sprintf.o(.text)
    _printf_int_dec                          0x0800023d   Thumb Code   104  _printf_dec.o(.text)
    __printf                                 0x080002b5   Thumb Code   388  __printf_flags_ss_wp.o(.text)
    __aeabi_memclr4                          0x0800043d   Thumb Code     0  rt_memclr_w.o(.text)
    __aeabi_memclr8                          0x0800043d   Thumb Code     0  rt_memclr_w.o(.text)
    __rt_memclr_w                            0x0800043d   Thumb Code    78  rt_memclr_w.o(.text)
    _memset_w                                0x08000441   Thumb Code     0  rt_memclr_w.o(.text)
    __use_two_region_memory                  0x0800048b   Thumb Code     2  heapauxi.o(.text)
    __rt_heap_escrow$2region                 0x0800048d   Thumb Code     2  heapauxi.o(.text)
    __rt_heap_expand$2region                 0x0800048f   Thumb Code     2  heapauxi.o(.text)
    _printf_int_common                       0x08000491   Thumb Code   178  _printf_intcommon.o(.text)
    _printf_char_common                      0x0800054f   Thumb Code    32  _printf_char_common.o(.text)
    _sputc                                   0x08000575   Thumb Code    10  _sputc.o(.text)
    __user_setup_stackheap                   0x0800057f   Thumb Code    74  sys_stackheap_outer.o(.text)
    exit                                     0x080005c9   Thumb Code    18  exit.o(.text)
    __user_libspace                          0x080005dd   Thumb Code     8  libspace.o(.text)
    __user_perproc_libspace                  0x080005dd   Thumb Code     0  libspace.o(.text)
    __user_perthread_libspace                0x080005dd   Thumb Code     0  libspace.o(.text)
    _sys_exit                                0x080005e5   Thumb Code     8  sys_exit.o(.text)
    __I$use$semihosting                      0x080005f1   Thumb Code     0  use_no_semi.o(.text)
    __use_no_semihosting_swi                 0x080005f1   Thumb Code     2  use_no_semi.o(.text)
    __semihosting_library_function           0x080005f3   Thumb Code     0  indicate_semi.o(.text)
    ADC1_2_IRQHandler                        0x080005f5   Thumb Code    52  adc.o(i.ADC1_2_IRQHandler)
    ADC_ClearITPendingBit                    0x08000635   Thumb Code    10  stm32f10x_adc.o(i.ADC_ClearITPendingBit)
    ADC_GetConversionValue                   0x0800063f   Thumb Code     8  stm32f10x_adc.o(i.ADC_GetConversionValue)
    ADC_GetITStatus                          0x08000647   Thumb Code    36  stm32f10x_adc.o(i.ADC_GetITStatus)
    DMA1_Channel1_IRQHandler                 0x0800066d   Thumb Code    28  adc.o(i.DMA1_Channel1_IRQHandler)
    DMA_ClearITPendingBit                    0x0800068d   Thumb Code    18  stm32f10x_dma.o(i.DMA_ClearITPendingBit)
    DMA_GetITStatus                          0x080006a9   Thumb Code    36  stm32f10x_dma.o(i.DMA_GetITStatus)
    EXTI0_IRQHandler                         0x080006d5   Thumb Code    56  main.o(i.EXTI0_IRQHandler)
    EXTI10_IRQHandler                        0x08000719   Thumb Code     2  gpio.o(i.EXTI10_IRQHandler)
    EXTI11_IRQHandler                        0x0800071b   Thumb Code     2  gpio.o(i.EXTI11_IRQHandler)
    EXTI12_IRQHandler                        0x0800071d   Thumb Code    64  camera.o(i.EXTI12_IRQHandler)
    EXTI13_IRQHandler                        0x08000769   Thumb Code    10  buttons.o(i.EXTI13_IRQHandler)
    EXTI14_IRQHandler                        0x08000773   Thumb Code    10  buttons.o(i.EXTI14_IRQHandler)
    EXTI15_10_IRQHandler                     0x0800077d   Thumb Code    92  gpio.o(i.EXTI15_10_IRQHandler)
    EXTI15_IRQHandler                        0x080007dd   Thumb Code    10  buttons.o(i.EXTI15_IRQHandler)
    EXTI5_IRQHandler                         0x080007e7   Thumb Code     2  gpio.o(i.EXTI5_IRQHandler)
    EXTI6_IRQHandler                         0x080007e9   Thumb Code     2  gpio.o(i.EXTI6_IRQHandler)
    EXTI7_IRQHandler                         0x080007eb   Thumb Code     2  gpio.o(i.EXTI7_IRQHandler)
    EXTI8_IRQHandler                         0x080007ed   Thumb Code     2  gpio.o(i.EXTI8_IRQHandler)
    EXTI9_5_IRQHandler                       0x080007f1   Thumb Code   152  gpio.o(i.EXTI9_5_IRQHandler)
    EXTI9_IRQHandler                         0x0800088d   Thumb Code     2  gpio.o(i.EXTI9_IRQHandler)
    EXTI_ClearITPendingBit                   0x08000891   Thumb Code     6  stm32f10x_exti.o(i.EXTI_ClearITPendingBit)
    EXTI_GetITStatus                         0x0800089d   Thumb Code    34  stm32f10x_exti.o(i.EXTI_GetITStatus)
    EXTI_Init                                0x080008c5   Thumb Code   142  stm32f10x_exti.o(i.EXTI_Init)
    GPIO_EXTILineConfig                      0x08000959   Thumb Code    60  stm32f10x_gpio.o(i.GPIO_EXTILineConfig)
    GPIO_Init                                0x08000999   Thumb Code   278  stm32f10x_gpio.o(i.GPIO_Init)
    GPIO_ReadInputDataBit                    0x08000aaf   Thumb Code    18  stm32f10x_gpio.o(i.GPIO_ReadInputDataBit)
    GPIO_ResetBits                           0x08000ac1   Thumb Code     4  stm32f10x_gpio.o(i.GPIO_ResetBits)
    GPIO_SetBits                             0x08000ac5   Thumb Code     4  stm32f10x_gpio.o(i.GPIO_SetBits)
    GPIO_StructInit                          0x08000ac9   Thumb Code    16  stm32f10x_gpio.o(i.GPIO_StructInit)
    NVIC_Init                                0x08000ad9   Thumb Code   100  misc.o(i.NVIC_Init)
    RCC_APB1PeriphClockCmd                   0x08000b49   Thumb Code    26  stm32f10x_rcc.o(i.RCC_APB1PeriphClockCmd)
    RCC_APB2PeriphClockCmd                   0x08000b69   Thumb Code    26  stm32f10x_rcc.o(i.RCC_APB2PeriphClockCmd)
    RCC_DeInit                               0x08000b89   Thumb Code    64  stm32f10x_rcc.o(i.RCC_DeInit)
    RCC_GetClocksFreq                        0x08000bd5   Thumb Code   192  stm32f10x_rcc.o(i.RCC_GetClocksFreq)
    RCC_GetFlagStatus                        0x08000ca9   Thumb Code    56  stm32f10x_rcc.o(i.RCC_GetFlagStatus)
    RCC_GetSYSCLKSource                      0x08000ce5   Thumb Code    10  stm32f10x_rcc.o(i.RCC_GetSYSCLKSource)
    RCC_HCLKConfig                           0x08000cf5   Thumb Code    18  stm32f10x_rcc.o(i.RCC_HCLKConfig)
    RCC_HSEConfig                            0x08000d0d   Thumb Code    70  stm32f10x_rcc.o(i.RCC_HSEConfig)
    RCC_PCLK1Config                          0x08000d59   Thumb Code    18  stm32f10x_rcc.o(i.RCC_PCLK1Config)
    RCC_PCLK2Config                          0x08000d71   Thumb Code    20  stm32f10x_rcc.o(i.RCC_PCLK2Config)
    RCC_PLLCmd                               0x08000d89   Thumb Code     6  stm32f10x_rcc.o(i.RCC_PLLCmd)
    RCC_PLLConfig                            0x08000d95   Thumb Code    24  stm32f10x_rcc.o(i.RCC_PLLConfig)
    RCC_SYSCLKConfig                         0x08000db1   Thumb Code    18  stm32f10x_rcc.o(i.RCC_SYSCLKConfig)
    RCC_WaitForHSEStartUp                    0x08000dc9   Thumb Code    56  stm32f10x_rcc.o(i.RCC_WaitForHSEStartUp)
    SPI2_IRQHandler                          0x08000e01   Thumb Code    10  spi.o(i.SPI2_IRQHandler)
    SPI_I2S_ClearITPendingBit                0x08000e11   Thumb Code    20  stm32f10x_spi.o(i.SPI_I2S_ClearITPendingBit)
    SPI_I2S_GetITStatus                      0x08000e25   Thumb Code    52  stm32f10x_spi.o(i.SPI_I2S_GetITStatus)
    SPI_I2S_ReceiveData                      0x08000e59   Thumb Code     6  stm32f10x_spi.o(i.SPI_I2S_ReceiveData)
    SetSysClockTo72                          0x08000f49   Thumb Code    94  main.o(i.SetSysClockTo72)
    SysTick_Handler                          0x08000fa9   Thumb Code    28  ticks.o(i.SysTick_Handler)
    SystemInit                               0x08000fd1   Thumb Code    78  system_stm32f10x.o(i.SystemInit)
    TIM4_IRQHandler                          0x08001031   Thumb Code    32  main.o(i.TIM4_IRQHandler)
    TIM_ClearITPendingBit                    0x08001059   Thumb Code     6  stm32f10x_tim.o(i.TIM_ClearITPendingBit)
    TIM_Cmd                                  0x0800105f   Thumb Code    24  stm32f10x_tim.o(i.TIM_Cmd)
    TIM_GetCounter                           0x08001077   Thumb Code     6  stm32f10x_tim.o(i.TIM_GetCounter)
    TIM_GetITStatus                          0x0800107d   Thumb Code    34  stm32f10x_tim.o(i.TIM_GetITStatus)
    TIM_ITConfig                             0x0800109f   Thumb Code    18  stm32f10x_tim.o(i.TIM_ITConfig)
    TIM_SetCounter                           0x080010b1   Thumb Code     4  stm32f10x_tim.o(i.TIM_SetCounter)
    TIM_TimeBaseInit                         0x080010b5   Thumb Code   122  stm32f10x_tim.o(i.TIM_TimeBaseInit)
    TIM_TimeBaseStructInit                   0x08001159   Thumb Code    18  stm32f10x_tim.o(i.TIM_TimeBaseStructInit)
    USART1_IRQHandler                        0x0800116d   Thumb Code    10  uart.o(i.USART1_IRQHandler)
    USART3_IRQHandler                        0x0800117d   Thumb Code    10  uart.o(i.USART3_IRQHandler)
    USARTSend                                0x0800118d   Thumb Code    38  main.o(i.USARTSend)
    USART_ClearITPendingBit                  0x080011b9   Thumb Code    30  stm32f10x_usart.o(i.USART_ClearITPendingBit)
    USART_Cmd                                0x080011d7   Thumb Code    24  stm32f10x_usart.o(i.USART_Cmd)
    USART_GetFlagStatus                      0x080011ef   Thumb Code    26  stm32f10x_usart.o(i.USART_GetFlagStatus)
    USART_GetITStatus                        0x08001209   Thumb Code    84  stm32f10x_usart.o(i.USART_GetITStatus)
    USART_Init                               0x0800125d   Thumb Code   210  stm32f10x_usart.o(i.USART_Init)
    USART_ReceiveData                        0x08001335   Thumb Code    10  stm32f10x_usart.o(i.USART_ReceiveData)
    USART_SendData                           0x0800133f   Thumb Code     8  stm32f10x_usart.o(i.USART_SendData)
    _is_digit                                0x080013a5   Thumb Code    14  __printf_wp.o(i._is_digit)
    button_pressed                           0x080013b5   Thumb Code    30  buttons.o(i.button_pressed)
    main                                     0x080013d9   Thumb Code   152  main.o(i.main)
    sonar_get                                0x08001481   Thumb Code    32  main.o(i.sonar_get)
    sonar_init                               0x080014a5   Thumb Code   180  main.o(i.sonar_init)
    sonar_start                              0x08001561   Thumb Code    36  main.o(i.sonar_start)
    usart_init                               0x08001621   Thumb Code   114  main.o(i.usart_init)
    Region$$Table$$Base                      0x08001740   Number         0  anon$$obj.o(Region$$Table)
    Region$$Table$$Limit                     0x08001760   Number         0  anon$$obj.o(Region$$Table)
    msec                                     0x20000014   Data           4  ticks.o(.data)
    delay_time                               0x20000018   Data           4  ticks.o(.data)
    tick_tock                                0x2000001c   Data           1  ticks.o(.data)
    UARTPort1                                0x20000050   Data          24  uart.o(.data)
    UARTPort3                                0x20000068   Data          24  uart.o(.data)
    TFT_SPI                                  0x20000080   Data          28  spi.o(.data)
    cameraConfigLength                       0x20000136   Data           1  camera.o(.data)
    imageType                                0x20000137   Data           1  camera.o(.data)
    camState                                 0x20000138   Data           1  camera.o(.data)
    NO_OF_ADC_PORTS                          0x2000013c   Data           1  adc.o(.data)
    ADC_CH1                                  0x20000140   Data           8  adc.o(.data)
    ADC_CH2                                  0x20000148   Data           8  adc.o(.data)
    ADC_CH3                                  0x20000150   Data           8  adc.o(.data)
    ADC_CH4                                  0x20000158   Data           8  adc.o(.data)
    ADC_CH5                                  0x20000160   Data           8  adc.o(.data)
    ADC_CH6                                  0x20000168   Data           8  adc.o(.data)
    ADC_CH7                                  0x20000170   Data           8  adc.o(.data)
    ADC_CH8                                  0x20000178   Data           8  adc.o(.data)
    ADC_TEMP                                 0x20000180   Data           8  adc.o(.data)
    ADC_VREF                                 0x20000188   Data           8  adc.o(.data)
    FLAG_ECHO                                0x20000192   Data           1  main.o(.data)
    SonarValue                               0x20000194   Data           2  main.o(.data)
    __libspace_start                         0x200001f8   Data          96  libspace.o(.bss)
    __temporary_stack_top$libspace           0x20000258   Data           0  libspace.o(.bss)



==============================================================================

Memory Map of the image

  Image Entry point : 0x080000ed

  Load Region LR_IROM1 (Base: 0x08000000, Size: 0x000018f8, Max: 0x00080000, ABSOLUTE, COMPRESSED[0x00001870])

    Execution Region ER_IROM1 (Exec base: 0x08000000, Load base: 0x08000000, Size: 0x00001760, Max: 0x00080000, ABSOLUTE)

    Exec Addr    Load Addr    Size         Type   Attr      Idx    E Section Name        Object

    0x08000000   0x08000000   0x000000ec   Data   RO            3    RESET               startup_stm32f10x_md.o
    0x080000ec   0x080000ec   0x00000008   Code   RO         5139  * !!!main             c_w.l(__main.o)
    0x080000f4   0x080000f4   0x00000034   Code   RO         5458    !!!scatter          c_w.l(__scatter.o)
    0x08000128   0x08000128   0x0000005a   Code   RO         5456    !!dczerorl2         c_w.l(__dczerorl2.o)
    0x08000182   0x08000182   0x00000002   PAD
    0x08000184   0x08000184   0x0000001c   Code   RO         5460    !!handler_zi        c_w.l(__scatter_zi.o)
    0x080001a0   0x080001a0   0x00000000   Code   RO         5134    .ARM.Collect$$_printf_percent$$00000000  c_w.l(_printf_percent.o)
    0x080001a0   0x080001a0   0x00000006   Code   RO         5133    .ARM.Collect$$_printf_percent$$00000009  c_w.l(_printf_d.o)
    0x080001a6   0x080001a6   0x00000004   Code   RO         5214    .ARM.Collect$$_printf_percent$$00000017  c_w.l(_printf_percent_end.o)
    0x080001aa   0x080001aa   0x00000002   Code   RO         5317    .ARM.Collect$$libinit$$00000000  c_w.l(libinit.o)
    0x080001ac   0x080001ac   0x00000000   Code   RO         5339    .ARM.Collect$$libinit$$00000002  c_w.l(libinit2.o)
    0x080001ac   0x080001ac   0x00000000   Code   RO         5341    .ARM.Collect$$libinit$$00000004  c_w.l(libinit2.o)
    0x080001ac   0x080001ac   0x00000000   Code   RO         5344    .ARM.Collect$$libinit$$0000000A  c_w.l(libinit2.o)
    0x080001ac   0x080001ac   0x00000000   Code   RO         5346    .ARM.Collect$$libinit$$0000000C  c_w.l(libinit2.o)
    0x080001ac   0x080001ac   0x00000000   Code   RO         5348    .ARM.Collect$$libinit$$0000000E  c_w.l(libinit2.o)
    0x080001ac   0x080001ac   0x00000000   Code   RO         5351    .ARM.Collect$$libinit$$00000011  c_w.l(libinit2.o)
    0x080001ac   0x080001ac   0x00000000   Code   RO         5353    .ARM.Collect$$libinit$$00000013  c_w.l(libinit2.o)
    0x080001ac   0x080001ac   0x00000000   Code   RO         5355    .ARM.Collect$$libinit$$00000015  c_w.l(libinit2.o)
    0x080001ac   0x080001ac   0x00000000   Code   RO         5357    .ARM.Collect$$libinit$$00000017  c_w.l(libinit2.o)
    0x080001ac   0x080001ac   0x00000000   Code   RO         5359    .ARM.Collect$$libinit$$00000019  c_w.l(libinit2.o)
    0x080001ac   0x080001ac   0x00000000   Code   RO         5361    .ARM.Collect$$libinit$$0000001B  c_w.l(libinit2.o)
    0x080001ac   0x080001ac   0x00000000   Code   RO         5363    .ARM.Collect$$libinit$$0000001D  c_w.l(libinit2.o)
    0x080001ac   0x080001ac   0x00000000   Code   RO         5365    .ARM.Collect$$libinit$$0000001F  c_w.l(libinit2.o)
    0x080001ac   0x080001ac   0x00000000   Code   RO         5367    .ARM.Collect$$libinit$$00000021  c_w.l(libinit2.o)
    0x080001ac   0x080001ac   0x00000000   Code   RO         5369    .ARM.Collect$$libinit$$00000023  c_w.l(libinit2.o)
    0x080001ac   0x080001ac   0x00000000   Code   RO         5371    .ARM.Collect$$libinit$$00000025  c_w.l(libinit2.o)
    0x080001ac   0x080001ac   0x00000000   Code   RO         5375    .ARM.Collect$$libinit$$0000002C  c_w.l(libinit2.o)
    0x080001ac   0x080001ac   0x00000000   Code   RO         5377    .ARM.Collect$$libinit$$0000002E  c_w.l(libinit2.o)
    0x080001ac   0x080001ac   0x00000000   Code   RO         5379    .ARM.Collect$$libinit$$00000030  c_w.l(libinit2.o)
    0x080001ac   0x080001ac   0x00000000   Code   RO         5381    .ARM.Collect$$libinit$$00000032  c_w.l(libinit2.o)
    0x080001ac   0x080001ac   0x00000002   Code   RO         5382    .ARM.Collect$$libinit$$00000033  c_w.l(libinit2.o)
    0x080001ae   0x080001ae   0x00000002   Code   RO         5413    .ARM.Collect$$libshutdown$$00000000  c_w.l(libshutdown.o)
    0x080001b0   0x080001b0   0x00000000   Code   RO         5439    .ARM.Collect$$libshutdown$$00000002  c_w.l(libshutdown2.o)
    0x080001b0   0x080001b0   0x00000000   Code   RO         5441    .ARM.Collect$$libshutdown$$00000004  c_w.l(libshutdown2.o)
    0x080001b0   0x080001b0   0x00000000   Code   RO         5444    .ARM.Collect$$libshutdown$$00000007  c_w.l(libshutdown2.o)
    0x080001b0   0x080001b0   0x00000000   Code   RO         5447    .ARM.Collect$$libshutdown$$0000000A  c_w.l(libshutdown2.o)
    0x080001b0   0x080001b0   0x00000000   Code   RO         5449    .ARM.Collect$$libshutdown$$0000000C  c_w.l(libshutdown2.o)
    0x080001b0   0x080001b0   0x00000000   Code   RO         5452    .ARM.Collect$$libshutdown$$0000000F  c_w.l(libshutdown2.o)
    0x080001b0   0x080001b0   0x00000002   Code   RO         5453    .ARM.Collect$$libshutdown$$00000010  c_w.l(libshutdown2.o)
    0x080001b2   0x080001b2   0x00000000   Code   RO         5151    .ARM.Collect$$rtentry$$00000000  c_w.l(__rtentry.o)
    0x080001b2   0x080001b2   0x00000000   Code   RO         5236    .ARM.Collect$$rtentry$$00000002  c_w.l(__rtentry2.o)
    0x080001b2   0x080001b2   0x00000006   Code   RO         5248    .ARM.Collect$$rtentry$$00000004  c_w.l(__rtentry4.o)
    0x080001b8   0x080001b8   0x00000000   Code   RO         5238    .ARM.Collect$$rtentry$$00000009  c_w.l(__rtentry2.o)
    0x080001b8   0x080001b8   0x00000004   Code   RO         5239    .ARM.Collect$$rtentry$$0000000A  c_w.l(__rtentry2.o)
    0x080001bc   0x080001bc   0x00000000   Code   RO         5241    .ARM.Collect$$rtentry$$0000000C  c_w.l(__rtentry2.o)
    0x080001bc   0x080001bc   0x00000008   Code   RO         5242    .ARM.Collect$$rtentry$$0000000D  c_w.l(__rtentry2.o)
    0x080001c4   0x080001c4   0x00000002   Code   RO         5325    .ARM.Collect$$rtexit$$00000000  c_w.l(rtexit.o)
    0x080001c6   0x080001c6   0x00000000   Code   RO         5386    .ARM.Collect$$rtexit$$00000002  c_w.l(rtexit2.o)
    0x080001c6   0x080001c6   0x00000004   Code   RO         5387    .ARM.Collect$$rtexit$$00000003  c_w.l(rtexit2.o)
    0x080001ca   0x080001ca   0x00000006   Code   RO         5388    .ARM.Collect$$rtexit$$00000004  c_w.l(rtexit2.o)
    0x080001d0   0x080001d0   0x00000040   Code   RO            4    .text               startup_stm32f10x_md.o
    0x08000210   0x08000210   0x0000002c   Code   RO         5105    .text               c_w.l(__2sprintf.o)
    0x0800023c   0x0800023c   0x00000078   Code   RO         5111    .text               c_w.l(_printf_dec.o)
    0x080002b4   0x080002b4   0x00000188   Code   RO         5130    .text               c_w.l(__printf_flags_ss_wp.o)
    0x0800043c   0x0800043c   0x0000004e   Code   RO         5135    .text               c_w.l(rt_memclr_w.o)
    0x0800048a   0x0800048a   0x00000006   Code   RO         5137    .text               c_w.l(heapauxi.o)
    0x08000490   0x08000490   0x000000b2   Code   RO         5162    .text               c_w.l(_printf_intcommon.o)
    0x08000542   0x08000542   0x00000002   PAD
    0x08000544   0x08000544   0x00000030   Code   RO         5166    .text               c_w.l(_printf_char_common.o)
    0x08000574   0x08000574   0x0000000a   Code   RO         5168    .text               c_w.l(_sputc.o)
    0x0800057e   0x0800057e   0x0000004a   Code   RO         5267    .text               c_w.l(sys_stackheap_outer.o)
    0x080005c8   0x080005c8   0x00000012   Code   RO         5306    .text               c_w.l(exit.o)
    0x080005da   0x080005da   0x00000002   PAD
    0x080005dc   0x080005dc   0x00000008   Code   RO         5322    .text               c_w.l(libspace.o)
    0x080005e4   0x080005e4   0x0000000c   Code   RO         5383    .text               c_w.l(sys_exit.o)
    0x080005f0   0x080005f0   0x00000002   Code   RO         5402    .text               c_w.l(use_no_semi.o)
    0x080005f2   0x080005f2   0x00000000   Code   RO         5404    .text               c_w.l(indicate_semi.o)
    0x080005f2   0x080005f2   0x00000002   PAD
    0x080005f4   0x080005f4   0x00000040   Code   RO         4467    i.ADC1_2_IRQHandler  adc.o
    0x08000634   0x08000634   0x0000000a   Code   RO          120    i.ADC_ClearITPendingBit  stm32f10x_adc.o
    0x0800063e   0x0800063e   0x00000008   Code   RO          130    i.ADC_GetConversionValue  stm32f10x_adc.o
    0x08000646   0x08000646   0x00000024   Code   RO          133    i.ADC_GetITStatus   stm32f10x_adc.o
    0x0800066a   0x0800066a   0x00000002   PAD
    0x0800066c   0x0800066c   0x00000020   Code   RO         4468    i.DMA1_Channel1_IRQHandler  adc.o
    0x0800068c   0x0800068c   0x0000001c   Code   RO          910    i.DMA_ClearITPendingBit  stm32f10x_dma.o
    0x080006a8   0x080006a8   0x0000002c   Code   RO          915    i.DMA_GetITStatus   stm32f10x_dma.o
    0x080006d4   0x080006d4   0x00000044   Code   RO         4815    i.EXTI0_IRQHandler  main.o
    0x08000718   0x08000718   0x00000002   Code   RO         3555    i.EXTI10_IRQHandler  gpio.o
    0x0800071a   0x0800071a   0x00000002   Code   RO         3556    i.EXTI11_IRQHandler  gpio.o
    0x0800071c   0x0800071c   0x0000004c   Code   RO         4302    i.EXTI12_IRQHandler  camera.o
    0x08000768   0x08000768   0x0000000a   Code   RO         3712    i.EXTI13_IRQHandler  buttons.o
    0x08000772   0x08000772   0x0000000a   Code   RO         3713    i.EXTI14_IRQHandler  buttons.o
    0x0800077c   0x0800077c   0x00000060   Code   RO         3560    i.EXTI15_10_IRQHandler  gpio.o
    0x080007dc   0x080007dc   0x0000000a   Code   RO         3714    i.EXTI15_IRQHandler  buttons.o
    0x080007e6   0x080007e6   0x00000002   Code   RO         3562    i.EXTI5_IRQHandler  gpio.o
    0x080007e8   0x080007e8   0x00000002   Code   RO         3563    i.EXTI6_IRQHandler  gpio.o
    0x080007ea   0x080007ea   0x00000002   Code   RO         3564    i.EXTI7_IRQHandler  gpio.o
    0x080007ec   0x080007ec   0x00000002   Code   RO         3565    i.EXTI8_IRQHandler  gpio.o
    0x080007ee   0x080007ee   0x00000002   PAD
    0x080007f0   0x080007f0   0x0000009c   Code   RO         3566    i.EXTI9_5_IRQHandler  gpio.o
    0x0800088c   0x0800088c   0x00000002   Code   RO         3567    i.EXTI9_IRQHandler  gpio.o
    0x0800088e   0x0800088e   0x00000002   PAD
    0x08000890   0x08000890   0x0000000c   Code   RO          994    i.EXTI_ClearITPendingBit  stm32f10x_exti.o
    0x0800089c   0x0800089c   0x00000028   Code   RO          998    i.EXTI_GetITStatus  stm32f10x_exti.o
    0x080008c4   0x080008c4   0x00000094   Code   RO          999    i.EXTI_Init         stm32f10x_exti.o
    0x08000958   0x08000958   0x00000040   Code   RO         1380    i.GPIO_EXTILineConfig  stm32f10x_gpio.o
    0x08000998   0x08000998   0x00000116   Code   RO         1383    i.GPIO_Init         stm32f10x_gpio.o
    0x08000aae   0x08000aae   0x00000012   Code   RO         1387    i.GPIO_ReadInputDataBit  stm32f10x_gpio.o
    0x08000ac0   0x08000ac0   0x00000004   Code   RO         1390    i.GPIO_ResetBits    stm32f10x_gpio.o
    0x08000ac4   0x08000ac4   0x00000004   Code   RO         1391    i.GPIO_SetBits      stm32f10x_gpio.o
    0x08000ac8   0x08000ac8   0x00000010   Code   RO         1392    i.GPIO_StructInit   stm32f10x_gpio.o
    0x08000ad8   0x08000ad8   0x00000070   Code   RO           13    i.NVIC_Init         misc.o
    0x08000b48   0x08000b48   0x00000020   Code   RO         1856    i.RCC_APB1PeriphClockCmd  stm32f10x_rcc.o
    0x08000b68   0x08000b68   0x00000020   Code   RO         1858    i.RCC_APB2PeriphClockCmd  stm32f10x_rcc.o
    0x08000b88   0x08000b88   0x0000004c   Code   RO         1865    i.RCC_DeInit        stm32f10x_rcc.o
    0x08000bd4   0x08000bd4   0x000000d4   Code   RO         1866    i.RCC_GetClocksFreq  stm32f10x_rcc.o
    0x08000ca8   0x08000ca8   0x0000003c   Code   RO         1867    i.RCC_GetFlagStatus  stm32f10x_rcc.o
    0x08000ce4   0x08000ce4   0x00000010   Code   RO         1869    i.RCC_GetSYSCLKSource  stm32f10x_rcc.o
    0x08000cf4   0x08000cf4   0x00000018   Code   RO         1870    i.RCC_HCLKConfig    stm32f10x_rcc.o
    0x08000d0c   0x08000d0c   0x0000004c   Code   RO         1871    i.RCC_HSEConfig     stm32f10x_rcc.o
    0x08000d58   0x08000d58   0x00000018   Code   RO         1877    i.RCC_PCLK1Config   stm32f10x_rcc.o
    0x08000d70   0x08000d70   0x00000018   Code   RO         1878    i.RCC_PCLK2Config   stm32f10x_rcc.o
    0x08000d88   0x08000d88   0x0000000c   Code   RO         1879    i.RCC_PLLCmd        stm32f10x_rcc.o
    0x08000d94   0x08000d94   0x0000001c   Code   RO         1880    i.RCC_PLLConfig     stm32f10x_rcc.o
    0x08000db0   0x08000db0   0x00000018   Code   RO         1883    i.RCC_SYSCLKConfig  stm32f10x_rcc.o
    0x08000dc8   0x08000dc8   0x00000038   Code   RO         1885    i.RCC_WaitForHSEStartUp  stm32f10x_rcc.o
    0x08000e00   0x08000e00   0x00000010   Code   RO         3961    i.SPI2_IRQHandler   spi.o
    0x08000e10   0x08000e10   0x00000014   Code   RO         2382    i.SPI_I2S_ClearITPendingBit  stm32f10x_spi.o
    0x08000e24   0x08000e24   0x00000034   Code   RO         2386    i.SPI_I2S_GetITStatus  stm32f10x_spi.o
    0x08000e58   0x08000e58   0x00000006   Code   RO         2388    i.SPI_I2S_ReceiveData  stm32f10x_spi.o
    0x08000e5e   0x08000e5e   0x00000008   Code   RO         3352    i.SetSysClock       system_stm32f10x.o
    0x08000e66   0x08000e66   0x00000002   PAD
    0x08000e68   0x08000e68   0x000000e0   Code   RO         3353    i.SetSysClockTo72   system_stm32f10x.o
    0x08000f48   0x08000f48   0x0000005e   Code   RO         4816    i.SetSysClockTo72   main.o
    0x08000fa6   0x08000fa6   0x00000002   PAD
    0x08000fa8   0x08000fa8   0x00000028   Code   RO         3398    i.SysTick_Handler   ticks.o
    0x08000fd0   0x08000fd0   0x00000060   Code   RO         3355    i.SystemInit        system_stm32f10x.o
    0x08001030   0x08001030   0x00000028   Code   RO         4817    i.TIM4_IRQHandler   main.o
    0x08001058   0x08001058   0x00000006   Code   RO         2539    i.TIM_ClearITPendingBit  stm32f10x_tim.o
    0x0800105e   0x0800105e   0x00000018   Code   RO         2544    i.TIM_Cmd           stm32f10x_tim.o
    0x08001076   0x08001076   0x00000006   Code   RO         2563    i.TIM_GetCounter    stm32f10x_tim.o
    0x0800107c   0x0800107c   0x00000022   Code   RO         2565    i.TIM_GetITStatus   stm32f10x_tim.o
    0x0800109e   0x0800109e   0x00000012   Code   RO         2569    i.TIM_ITConfig      stm32f10x_tim.o
    0x080010b0   0x080010b0   0x00000004   Code   RO         2609    i.TIM_SetCounter    stm32f10x_tim.o
    0x080010b4   0x080010b4   0x000000a4   Code   RO         2615    i.TIM_TimeBaseInit  stm32f10x_tim.o
    0x08001158   0x08001158   0x00000012   Code   RO         2616    i.TIM_TimeBaseStructInit  stm32f10x_tim.o
    0x0800116a   0x0800116a   0x00000002   PAD
    0x0800116c   0x0800116c   0x00000010   Code   RO         3854    i.USART1_IRQHandler  uart.o
    0x0800117c   0x0800117c   0x00000010   Code   RO         3855    i.USART3_IRQHandler  uart.o
    0x0800118c   0x0800118c   0x0000002c   Code   RO         4818    i.USARTSend         main.o
    0x080011b8   0x080011b8   0x0000001e   Code   RO         3092    i.USART_ClearITPendingBit  stm32f10x_usart.o
    0x080011d6   0x080011d6   0x00000018   Code   RO         3095    i.USART_Cmd         stm32f10x_usart.o
    0x080011ee   0x080011ee   0x0000001a   Code   RO         3098    i.USART_GetFlagStatus  stm32f10x_usart.o
    0x08001208   0x08001208   0x00000054   Code   RO         3099    i.USART_GetITStatus  stm32f10x_usart.o
    0x0800125c   0x0800125c   0x000000d8   Code   RO         3102    i.USART_Init        stm32f10x_usart.o
    0x08001334   0x08001334   0x0000000a   Code   RO         3109    i.USART_ReceiveData  stm32f10x_usart.o
    0x0800133e   0x0800133e   0x00000008   Code   RO         3112    i.USART_SendData    stm32f10x_usart.o
    0x08001346   0x08001346   0x00000002   PAD
    0x08001348   0x08001348   0x0000005c   Code   RO         3715    i.__button_update   buttons.o
    0x080013a4   0x080013a4   0x0000000e   Code   RO         5123    i._is_digit         c_w.l(__printf_wp.o)
    0x080013b2   0x080013b2   0x00000002   PAD
    0x080013b4   0x080013b4   0x00000024   Code   RO         3716    i.button_pressed    buttons.o
    0x080013d8   0x080013d8   0x000000a8   Code   RO         4819    i.main              main.o
    0x08001480   0x08001480   0x00000024   Code   RO         4820    i.sonar_get         main.o
    0x080014a4   0x080014a4   0x000000bc   Code   RO         4821    i.sonar_init        main.o
    0x08001560   0x08001560   0x00000028   Code   RO         4822    i.sonar_start       main.o
    0x08001588   0x08001588   0x00000048   Code   RO         3965    i.spi_irq_handler   spi.o
    0x080015d0   0x080015d0   0x0000004e   Code   RO         3859    i.uart_irq_handler  uart.o
    0x0800161e   0x0800161e   0x00000002   PAD
    0x08001620   0x08001620   0x0000007c   Code   RO         4823    i.usart_init        main.o
    0x0800169c   0x0800169c   0x00000018   Data   RO         3724    .constdata          buttons.o
    0x080016b4   0x080016b4   0x00000020   Data   RO         3866    .constdata          uart.o
    0x080016d4   0x080016d4   0x00000018   Data   RO         3976    .constdata          spi.o
    0x080016ec   0x080016ec   0x00000040   Data   RO         4475    .constdata          adc.o
    0x0800172c   0x0800172c   0x00000011   Data   RO         5131    .constdata          c_w.l(__printf_flags_ss_wp.o)
    0x0800173d   0x0800173d   0x00000003   PAD
    0x08001740   0x08001740   0x00000020   Data   RO         5454    Region$$Table       anon$$obj.o


    Execution Region RW_IRAM1 (Exec base: 0x20000000, Load base: 0x08001760, Size: 0x00000858, Max: 0x00010000, ABSOLUTE, COMPRESSED[0x00000110])

    Exec Addr    Load Addr    Size         Type   Attr      Idx    E Section Name        Object

    0x20000000   COMPRESSED   0x00000014   Data   RW         1886    .data               stm32f10x_rcc.o
    0x20000014   COMPRESSED   0x00000009   Data   RW         3405    .data               ticks.o
    0x2000001d   COMPRESSED   0x00000003   PAD
    0x20000020   COMPRESSED   0x00000030   Data   RW         3725    .data               buttons.o
    0x20000050   COMPRESSED   0x00000030   Data   RW         3867    .data               uart.o
    0x20000080   COMPRESSED   0x0000001c   Data   RW         3977    .data               spi.o
    0x2000009c   COMPRESSED   0x0000009d   Data   RW         4326    .data               camera.o
    0x20000139   COMPRESSED   0x00000003   PAD
    0x2000013c   COMPRESSED   0x00000055   Data   RW         4476    .data               adc.o
    0x20000191   COMPRESSED   0x00000001   PAD
    0x20000192   COMPRESSED   0x00000004   Data   RW         4824    .data               main.o
    0x20000196   COMPRESSED   0x00000002   PAD
    0x20000198        -       0x00000060   Zero   RW         4474    .bss                adc.o
    0x200001f8        -       0x00000060   Zero   RW         5323    .bss                c_w.l(libspace.o)
    0x20000258        -       0x00000200   Zero   RW            2    HEAP                startup_stm32f10x_md.o
    0x20000458        -       0x00000400   Zero   RW            1    STACK               startup_stm32f10x_md.o


==============================================================================

Image component sizes


      Code (inc. data)   RO Data    RW Data    ZI Data      Debug   Object Name

        96         16         64         85         96       3535   adc.o
       158         12         24         48          0       4417   buttons.o
        76         12          0        157          0       7723   camera.o
       266          8          0          0          0       3731   gpio.o
       802         68          0          4          0       5553   main.o
       112         12          0          0          0     252132   misc.o
        88          6         24         28          0       2940   spi.o
        64         26        236          0       1536        832   startup_stm32f10x_md.o
        54          0          0          0          0      12731   stm32f10x_adc.o
        72         18          0          0          0       1066   stm32f10x_dma.o
       200         18          0          0          0       1972   stm32f10x_exti.o
       384          4          0          0          0       4552   stm32f10x_gpio.o
       696         92          0         20          0       9978   stm32f10x_rcc.o
        78          0          0          0          0       2748   stm32f10x_spi.o
       274         42          0          0          0      25165   stm32f10x_tim.o
       398          6          0          0          0       5678   stm32f10x_usart.o
       328         28          0          0          0       1869   system_stm32f10x.o
        40         12          0          9          0        918   ticks.o
       110         12         32         48          0       3550   uart.o

    ----------------------------------------------------------------------
      4312        392        412        408       1632     351090   Object Totals
         0          0         32          0          0          0   (incl. Generated)
        16          0          0          9          0          0   (incl. Padding)

    ----------------------------------------------------------------------

      Code (inc. data)   RO Data    RW Data    ZI Data      Debug   Library Member Name

        44          6          0          0          0         84   __2sprintf.o
        90          0          0          0          0          0   __dczerorl2.o
         8          0          0          0          0         68   __main.o
       392          4         17          0          0         92   __printf_flags_ss_wp.o
        14          0          0          0          0         68   __printf_wp.o
         0          0          0          0          0          0   __rtentry.o
        12          0          0          0          0          0   __rtentry2.o
         6          0          0          0          0          0   __rtentry4.o
        52          8          0          0          0          0   __scatter.o
        28          0          0          0          0          0   __scatter_zi.o
        48          6          0          0          0         96   _printf_char_common.o
         6          0          0          0          0          0   _printf_d.o
       120         16          0          0          0         92   _printf_dec.o
       178          0          0          0          0         88   _printf_intcommon.o
         0          0          0          0          0          0   _printf_percent.o
         4          0          0          0          0          0   _printf_percent_end.o
        10          0          0          0          0         68   _sputc.o
        18          0          0          0          0         80   exit.o
         6          0          0          0          0        152   heapauxi.o
         0          0          0          0          0          0   indicate_semi.o
         2          0          0          0          0          0   libinit.o
         2          0          0          0          0          0   libinit2.o
         2          0          0          0          0          0   libshutdown.o
         2          0          0          0          0          0   libshutdown2.o
         8          4          0          0         96         68   libspace.o
        78          0          0          0          0         80   rt_memclr_w.o
         2          0          0          0          0          0   rtexit.o
        10          0          0          0          0          0   rtexit2.o
        12          4          0          0          0         68   sys_exit.o
        74          0          0          0          0         80   sys_stackheap_outer.o
         2          0          0          0          0         68   use_no_semi.o

    ----------------------------------------------------------------------
      1240         48         20          0         96       1252   Library Totals
        10          0          3          0          0          0   (incl. Padding)

    ----------------------------------------------------------------------

      Code (inc. data)   RO Data    RW Data    ZI Data      Debug   Library Name

      1230         48         17          0         96       1252   c_w.l

    ----------------------------------------------------------------------
      1240         48         20          0         96       1252   Library Totals

    ----------------------------------------------------------------------

==============================================================================


      Code (inc. data)   RO Data    RW Data    ZI Data      Debug   

      5552        440        432        408       1728     347710   Grand Totals
      5552        440        432        272       1728     347710   ELF Image Totals (compressed)
      5552        440        432        272          0          0   ROM Totals

==============================================================================

    Total RO  Size (Code + RO Data)                 5984 (   5.84kB)
    Total RW  Size (RW Data + ZI Data)              2136 (   2.09kB)
    Total ROM Size (Code + RO Data + RW Data)       6256 (   6.11kB)

==============================================================================

